[2026-05-22 18:14:06] [The Battle of Morgarten 1315 — How 8,000 Farmers Broke the Greatest Knightly Army in Central Europe] Render error at cancelled: Render was cancelled.
[2026-05-22 18:14:52] [The Battle of Morgarten 1315 — How 8,000 Farmers Broke the Greatest Knightly Army in Central Europe] Cannot connect to host api.inworld.ai:443 ssl:default [getaddrinfo failed]
[2026-05-22 18:51:36] [The Battle of Morgarten 1315 — How 8,000 Farmers Broke the Greatest Knightly Army in Central Europe] [WinError 206] The filename or extension is too long
[2026-05-22 18:54:05] [The Battle of Morgarten 1315 — How 8,000 Farmers Broke the Greatest Knightly Army in Central Europe] [WinError 206] The filename or extension is too long
[2026-05-22 18:55:01] [The Battle of Morgarten 1315 — How 8,000 Farmers Broke the Greatest Knightly Army in Central Europe] Render error at cancelled: Render was cancelled.
[2026-05-22 18:56:41] [The Battle of Morgarten 1315] [WinError 206] The filename or extension is too long
[2026-05-22 19:29:29] [The Battle of Morgarten 1315] [WinError 206] The filename or extension is too long
[2026-05-22 19:43:53] [The Battle of Morgarten 1315] Cannot connect to host api.inworld.ai:443 ssl:default [getaddrinfo failed]
Traceback (most recent call last):
  File "C:\Users\leksi\AppData\Local\Packages\PythonSoftwareFoundation.Python.3.13_qbz5n2kfra8p0\LocalCache\local-packages\Python313\site-packages\aiohttp\connector.py", line 1574, in _create_direct_connection
    hosts = await self._resolve_host(host, port, traces=traces)
            ^^^^^^^^^^^^^^^^^^^^^^^^^^^^^^^^^^^^^^^^^^^^^^^^^^^
  File "C:\Users\leksi\AppData\Local\Packages\PythonSoftwareFoundation.Python.3.13_qbz5n2kfra8p0\LocalCache\local-packages\Python313\site-packages\aiohttp\connector.py", line 1190, in _resolve_host
    return await asyncio.shield(resolved_host_task)
           ^^^^^^^^^^^^^^^^^^^^^^^^^^^^^^^^^^^^^^^^
  File "C:\Users\leksi\AppData\Local\Packages\PythonSoftwareFoundation.Python.3.13_qbz5n2kfra8p0\LocalCache\local-packages\Python313\site-packages\aiohttp\connector.py", line 1221, in _resolve_host_with_throttle
    addrs = await self._resolver.resolve(host, port, family=self._family)
            ^^^^^^^^^^^^^^^^^^^^^^^^^^^^^^^^^^^^^^^^^^^^^^^^^^^^^^^^^^^^^
  File "C:\Users\leksi\AppData\Local\Packages\PythonSoftwareFoundation.Python.3.13_qbz5n2kfra8p0\LocalCache\local-packages\Python313\site-packages\aiohttp\resolver.py", line 40, in resolve
    infos = await self._loop.getaddrinfo(
            ^^^^^^^^^^^^^^^^^^^^^^^^^^^^^
    ...<5 lines>...
    )
    ^
  File "C:\Program Files\WindowsApps\PythonSoftwareFoundation.Python.3.13_3.13.3568.0_x64__qbz5n2kfra8p0\Lib\asyncio\base_events.py", line 939, in getaddrinfo
    return await self.run_in_executor(
           ^^^^^^^^^^^^^^^^^^^^^^^^^^^
        None, getaddr_func, host, port, family, type, proto, flags)
        ^^^^^^^^^^^^^^^^^^^^^^^^^^^^^^^^^^^^^^^^^^^^^^^^^^^^^^^^^^^
  File "C:\Program Files\WindowsApps\PythonSoftwareFoundation.Python.3.13_3.13.3568.0_x64__qbz5n2kfra8p0\Lib\concurrent\futures\thread.py", line 59, in run
    result = self.fn(*self.args, **self.kwargs)
  File "C:\Program Files\WindowsApps\PythonSoftwareFoundation.Python.3.13_3.13.3568.0_x64__qbz5n2kfra8p0\Lib\socket.py", line 977, in getaddrinfo
    for res in _socket.getaddrinfo(host, port, family, type, proto, flags):
               ~~~~~~~~~~~~~~~~~~~^^^^^^^^^^^^^^^^^^^^^^^^^^^^^^^^^^^^^^^^
socket.gaierror: [Errno 11002] getaddrinfo failed

The above exception was the direct cause of the following exception:

Traceback (most recent call last):
  File "C:\Users\leksi\Desktop\NEWYTAUTO\app\gui\frames\render_frame.py", line 361, in _run
    result = loop.run_until_complete(self._pipeline.run())
  File "C:\Program Files\WindowsApps\PythonSoftwareFoundation.Python.3.13_3.13.3568.0_x64__qbz5n2kfra8p0\Lib\asyncio\base_events.py", line 725, in run_until_complete
    return future.result()
           ~~~~~~~~~~~~~^^
  File "C:\Users\leksi\Desktop\NEWYTAUTO\app\core\pipeline.py", line 116, in run
    clips_with_durations = await self.scene_renderer.render_all_scenes(scene_progress)
                           ^^^^^^^^^^^^^^^^^^^^^^^^^^^^^^^^^^^^^^^^^^^^^^^^^^^^^^^^^^^
  File "C:\Users\leksi\Desktop\NEWYTAUTO\app\renderer\scene_renderer.py", line 349, in render_all_scenes
    result = await self.render_scene(scene, i, progress_callback)
             ^^^^^^^^^^^^^^^^^^^^^^^^^^^^^^^^^^^^^^^^^^^^^^^^^^^^
  File "C:\Users\leksi\Desktop\NEWYTAUTO\app\renderer\scene_renderer.py", line 238, in render_scene
    tts_result = await self.voice_manager.generate(
                 ^^^^^^^^^^^^^^^^^^^^^^^^^^^^^^^^^^
    ...<6 lines>...
    )
    ^
  File "C:\Users\leksi\Desktop\NEWYTAUTO\app\tts\voice_manager.py", line 154, in generate
    return await prov.generate(
           ^^^^^^^^^^^^^^^^^^^^
    ...<7 lines>...
    )
    ^
  File "C:\Users\leksi\Desktop\NEWYTAUTO\app\tts\inworld_provider.py", line 149, in generate
    async with session.post(
               ~~~~~~~~~~~~^
        f"{BASE_URL}/tts/v1/voice",
        ^^^^^^^^^^^^^^^^^^^^^^^^^^^
        headers=self._headers(),
        ^^^^^^^^^^^^^^^^^^^^^^^^
        json=payload,
        ^^^^^^^^^^^^^
    ) as resp:
    ^
  File "C:\Users\leksi\AppData\Local\Packages\PythonSoftwareFoundation.Python.3.13_qbz5n2kfra8p0\LocalCache\local-packages\Python313\site-packages\aiohttp\client.py", line 1521, in __aenter__
    self._resp: _RetType = await self._coro
                           ^^^^^^^^^^^^^^^^
  File "C:\Users\leksi\AppData\Local\Packages\PythonSoftwareFoundation.Python.3.13_qbz5n2kfra8p0\LocalCache\local-packages\Python313\site-packages\aiohttp\client.py", line 788, in _request
    resp = await handler(req)
           ^^^^^^^^^^^^^^^^^^
  File "C:\Users\leksi\AppData\Local\Packages\PythonSoftwareFoundation.Python.3.13_qbz5n2kfra8p0\LocalCache\local-packages\Python313\site-packages\aiohttp\client.py", line 742, in _connect_and_send_request
    conn = await self._connector.connect(
           ^^^^^^^^^^^^^^^^^^^^^^^^^^^^^^
        req, traces=traces, timeout=real_timeout
        ^^^^^^^^^^^^^^^^^^^^^^^^^^^^^^^^^^^^^^^^
    )
    ^
  File "C:\Users\leksi\AppData\Local\Packages\PythonSoftwareFoundation.Python.3.13_qbz5n2kfra8p0\LocalCache\local-packages\Python313\site-packages\aiohttp\connector.py", line 672, in connect
    proto = await self._create_connection(req, traces, timeout)
            ^^^^^^^^^^^^^^^^^^^^^^^^^^^^^^^^^^^^^^^^^^^^^^^^^^^
  File "C:\Users\leksi\AppData\Local\Packages\PythonSoftwareFoundation.Python.3.13_qbz5n2kfra8p0\LocalCache\local-packages\Python313\site-packages\aiohttp\connector.py", line 1251, in _create_connection
    _, proto = await self._create_direct_connection(req, traces, timeout)
               ^^^^^^^^^^^^^^^^^^^^^^^^^^^^^^^^^^^^^^^^^^^^^^^^^^^^^^^^^^
  File "C:\Users\leksi\AppData\Local\Packages\PythonSoftwareFoundation.Python.3.13_qbz5n2kfra8p0\LocalCache\local-packages\Python313\site-packages\aiohttp\connector.py", line 1580, in _create_direct_connection
    raise ClientConnectorDNSError(req.connection_key, exc) from exc
aiohttp.client_exceptions.ClientConnectorDNSError: Cannot connect to host api.inworld.ai:443 ssl:default [getaddrinfo failed]

[2026-05-22 19:48:52] [The Battle of Morgarten 1315] Cannot connect to host api.inworld.ai:443 ssl:default [getaddrinfo failed]
Traceback (most recent call last):
  File "C:\Users\leksi\AppData\Local\Packages\PythonSoftwareFoundation.Python.3.13_qbz5n2kfra8p0\LocalCache\local-packages\Python313\site-packages\aiohttp\connector.py", line 1574, in _create_direct_connection
    hosts = await self._resolve_host(host, port, traces=traces)
            ^^^^^^^^^^^^^^^^^^^^^^^^^^^^^^^^^^^^^^^^^^^^^^^^^^^
  File "C:\Users\leksi\AppData\Local\Packages\PythonSoftwareFoundation.Python.3.13_qbz5n2kfra8p0\LocalCache\local-packages\Python313\site-packages\aiohttp\connector.py", line 1190, in _resolve_host
    return await asyncio.shield(resolved_host_task)
           ^^^^^^^^^^^^^^^^^^^^^^^^^^^^^^^^^^^^^^^^
  File "C:\Users\leksi\AppData\Local\Packages\PythonSoftwareFoundation.Python.3.13_qbz5n2kfra8p0\LocalCache\local-packages\Python313\site-packages\aiohttp\connector.py", line 1221, in _resolve_host_with_throttle
    addrs = await self._resolver.resolve(host, port, family=self._family)
            ^^^^^^^^^^^^^^^^^^^^^^^^^^^^^^^^^^^^^^^^^^^^^^^^^^^^^^^^^^^^^
  File "C:\Users\leksi\AppData\Local\Packages\PythonSoftwareFoundation.Python.3.13_qbz5n2kfra8p0\LocalCache\local-packages\Python313\site-packages\aiohttp\resolver.py", line 40, in resolve
    infos = await self._loop.getaddrinfo(
            ^^^^^^^^^^^^^^^^^^^^^^^^^^^^^
    ...<5 lines>...
    )
    ^
  File "C:\Program Files\WindowsApps\PythonSoftwareFoundation.Python.3.13_3.13.3568.0_x64__qbz5n2kfra8p0\Lib\asyncio\base_events.py", line 939, in getaddrinfo
    return await self.run_in_executor(
           ^^^^^^^^^^^^^^^^^^^^^^^^^^^
        None, getaddr_func, host, port, family, type, proto, flags)
        ^^^^^^^^^^^^^^^^^^^^^^^^^^^^^^^^^^^^^^^^^^^^^^^^^^^^^^^^^^^
  File "C:\Program Files\WindowsApps\PythonSoftwareFoundation.Python.3.13_3.13.3568.0_x64__qbz5n2kfra8p0\Lib\concurrent\futures\thread.py", line 59, in run
    result = self.fn(*self.args, **self.kwargs)
  File "C:\Program Files\WindowsApps\PythonSoftwareFoundation.Python.3.13_3.13.3568.0_x64__qbz5n2kfra8p0\Lib\socket.py", line 977, in getaddrinfo
    for res in _socket.getaddrinfo(host, port, family, type, proto, flags):
               ~~~~~~~~~~~~~~~~~~~^^^^^^^^^^^^^^^^^^^^^^^^^^^^^^^^^^^^^^^^
socket.gaierror: [Errno 11002] getaddrinfo failed

The above exception was the direct cause of the following exception:

Traceback (most recent call last):
  File "C:\Users\leksi\Desktop\NEWYTAUTO\app\gui\frames\render_frame.py", line 361, in _run
    result = loop.run_until_complete(self._pipeline.run())
  File "C:\Program Files\WindowsApps\PythonSoftwareFoundation.Python.3.13_3.13.3568.0_x64__qbz5n2kfra8p0\Lib\asyncio\base_events.py", line 725, in run_until_complete
    return future.result()
           ~~~~~~~~~~~~~^^
  File "C:\Users\leksi\Desktop\NEWYTAUTO\app\core\pipeline.py", line 116, in run
    clips_with_durations = await self.scene_renderer.render_all_scenes(scene_progress)
                           ^^^^^^^^^^^^^^^^^^^^^^^^^^^^^^^^^^^^^^^^^^^^^^^^^^^^^^^^^^^
  File "C:\Users\leksi\Desktop\NEWYTAUTO\app\renderer\scene_renderer.py", line 349, in render_all_scenes
    result = await self.render_scene(scene, i, progress_callback)
             ^^^^^^^^^^^^^^^^^^^^^^^^^^^^^^^^^^^^^^^^^^^^^^^^^^^^
  File "C:\Users\leksi\Desktop\NEWYTAUTO\app\renderer\scene_renderer.py", line 238, in render_scene
    tts_result = await self.voice_manager.generate(
                 ^^^^^^^^^^^^^^^^^^^^^^^^^^^^^^^^^^
    ...<6 lines>...
    )
    ^
  File "C:\Users\leksi\Desktop\NEWYTAUTO\app\tts\voice_manager.py", line 154, in generate
    return await prov.generate(
           ^^^^^^^^^^^^^^^^^^^^
    ...<7 lines>...
    )
    ^
  File "C:\Users\leksi\Desktop\NEWYTAUTO\app\tts\inworld_provider.py", line 149, in generate
    async with session.post(
               ~~~~~~~~~~~~^
        f"{BASE_URL}/tts/v1/voice",
        ^^^^^^^^^^^^^^^^^^^^^^^^^^^
        headers=self._headers(),
        ^^^^^^^^^^^^^^^^^^^^^^^^
        json=payload,
        ^^^^^^^^^^^^^
    ) as resp:
    ^
  File "C:\Users\leksi\AppData\Local\Packages\PythonSoftwareFoundation.Python.3.13_qbz5n2kfra8p0\LocalCache\local-packages\Python313\site-packages\aiohttp\client.py", line 1521, in __aenter__
    self._resp: _RetType = await self._coro
                           ^^^^^^^^^^^^^^^^
  File "C:\Users\leksi\AppData\Local\Packages\PythonSoftwareFoundation.Python.3.13_qbz5n2kfra8p0\LocalCache\local-packages\Python313\site-packages\aiohttp\client.py", line 788, in _request
    resp = await handler(req)
           ^^^^^^^^^^^^^^^^^^
  File "C:\Users\leksi\AppData\Local\Packages\PythonSoftwareFoundation.Python.3.13_qbz5n2kfra8p0\LocalCache\local-packages\Python313\site-packages\aiohttp\client.py", line 742, in _connect_and_send_request
    conn = await self._connector.connect(
           ^^^^^^^^^^^^^^^^^^^^^^^^^^^^^^
        req, traces=traces, timeout=real_timeout
        ^^^^^^^^^^^^^^^^^^^^^^^^^^^^^^^^^^^^^^^^
    )
    ^
  File "C:\Users\leksi\AppData\Local\Packages\PythonSoftwareFoundation.Python.3.13_qbz5n2kfra8p0\LocalCache\local-packages\Python313\site-packages\aiohttp\connector.py", line 672, in connect
    proto = await self._create_connection(req, traces, timeout)
            ^^^^^^^^^^^^^^^^^^^^^^^^^^^^^^^^^^^^^^^^^^^^^^^^^^^
  File "C:\Users\leksi\AppData\Local\Packages\PythonSoftwareFoundation.Python.3.13_qbz5n2kfra8p0\LocalCache\local-packages\Python313\site-packages\aiohttp\connector.py", line 1251, in _create_connection
    _, proto = await self._create_direct_connection(req, traces, timeout)
               ^^^^^^^^^^^^^^^^^^^^^^^^^^^^^^^^^^^^^^^^^^^^^^^^^^^^^^^^^^
  File "C:\Users\leksi\AppData\Local\Packages\PythonSoftwareFoundation.Python.3.13_qbz5n2kfra8p0\LocalCache\local-packages\Python313\site-packages\aiohttp\connector.py", line 1580, in _create_direct_connection
    raise ClientConnectorDNSError(req.connection_key, exc) from exc
aiohttp.client_exceptions.ClientConnectorDNSError: Cannot connect to host api.inworld.ai:443 ssl:default [getaddrinfo failed]

[2026-05-22 20:20:23] [The Battle of Morgarten 1315] Transition error [merge]: FFmpeg timed out during final merge (>10 min).
Traceback (most recent call last):
  File "C:\Users\leksi\Desktop\NEWYTAUTO\app\transitions\engine.py", line 202, in apply_transitions
    result = subprocess.run(
        cmd,
    ...<2 lines>...
        timeout=600,  # 10 min timeout for large merges
    )
  File "C:\Program Files\WindowsApps\PythonSoftwareFoundation.Python.3.13_3.13.3568.0_x64__qbz5n2kfra8p0\Lib\subprocess.py", line 556, in run
    stdout, stderr = process.communicate(input, timeout=timeout)
                     ~~~~~~~~~~~~~~~~~~~^^^^^^^^^^^^^^^^^^^^^^^^
  File "C:\Program Files\WindowsApps\PythonSoftwareFoundation.Python.3.13_3.13.3568.0_x64__qbz5n2kfra8p0\Lib\subprocess.py", line 1222, in communicate
    stdout, stderr = self._communicate(input, endtime, timeout)
                     ~~~~~~~~~~~~~~~~~^^^^^^^^^^^^^^^^^^^^^^^^^
  File "C:\Program Files\WindowsApps\PythonSoftwareFoundation.Python.3.13_3.13.3568.0_x64__qbz5n2kfra8p0\Lib\subprocess.py", line 1665, in _communicate
    raise TimeoutExpired(self.args, orig_timeout)
subprocess.TimeoutExpired: Command '['C:\\Users\\leksi\\AppData\\Local\\Microsoft\\WinGet\\Packages\\Gyan.FFmpeg_Microsoft.Winget.Source_8wekyb3d8bbwe\\ffmpeg-8.1.1-full_build\\bin\\ffmpeg.EXE', '-y', '-hide_banner', '-i', 'C:\\Users\\leksi\\AppData\\Local\\Temp\\autoscene_tmp\\35854c7c32\\scene_001_e7e9e0a0acb4.mp4', '-i', 'C:\\Users\\leksi\\AppData\\Local\\Temp\\autoscene_tmp\\35854c7c32\\scene_002_1b86eea8ce7d.mp4', '-i', 'C:\\Users\\leksi\\AppData\\Local\\Temp\\autoscene_tmp\\35854c7c32\\scene_003_7ff3add802e2.mp4', '-i', 'C:\\Users\\leksi\\AppData\\Local\\Temp\\autoscene_tmp\\35854c7c32\\scene_004_9aac7beb28de.mp4', '-i', 'C:\\Users\\leksi\\AppData\\Local\\Temp\\autoscene_tmp\\35854c7c32\\scene_005_38457c7a4979.mp4', '-i', 'C:\\Users\\leksi\\AppData\\Local\\Temp\\autoscene_tmp\\35854c7c32\\scene_006_1f618c87d83c.mp4', '-i', 'C:\\Users\\leksi\\AppData\\Local\\Temp\\autoscene_tmp\\35854c7c32\\scene_007_155fad652b91.mp4', '-i', 'C:\\Users\\leksi\\AppData\\Local\\Temp\\autoscene_tmp\\35854c7c32\\scene_008_41e1d991fec3.mp4', '-i', 'C:\\Users\\leksi\\AppData\\Local\\Temp\\autoscene_tmp\\35854c7c32\\scene_009_d5738d0b44f3.mp4', '-i', 'C:\\Users\\leksi\\AppData\\Local\\Temp\\autoscene_tmp\\35854c7c32\\scene_010_575b10f4f954.mp4', '-i', 'C:\\Users\\leksi\\AppData\\Local\\Temp\\autoscene_tmp\\35854c7c32\\scene_011_8f8c85ec3a05.mp4', '-i', 'C:\\Users\\leksi\\AppData\\Local\\Temp\\autoscene_tmp\\35854c7c32\\scene_012_6d5d4b1c7439.mp4', '-i', 'C:\\Users\\leksi\\AppData\\Local\\Temp\\autoscene_tmp\\35854c7c32\\scene_013_10fcb925cd79.mp4', '-i', 'C:\\Users\\leksi\\AppData\\Local\\Temp\\autoscene_tmp\\35854c7c32\\scene_014_1c91776db23a.mp4', '-i', 'C:\\Users\\leksi\\AppData\\Local\\Temp\\autoscene_tmp\\35854c7c32\\scene_015_b9e0a78831ec.mp4', '-i', 'C:\\Users\\leksi\\AppData\\Local\\Temp\\autoscene_tmp\\35854c7c32\\scene_016_6b3710e77715.mp4', '-i', 'C:\\Users\\leksi\\AppData\\Local\\Temp\\autoscene_tmp\\35854c7c32\\scene_017_1f7a0666b653.mp4', '-i', 'C:\\Users\\leksi\\AppData\\Local\\Temp\\autoscene_tmp\\35854c7c32\\scene_018_cd8d4da4e54d.mp4', '-i', 'C:\\Users\\leksi\\AppData\\Local\\Temp\\autoscene_tmp\\35854c7c32\\scene_019_58d77894488a.mp4', '-i', 'C:\\Users\\leksi\\AppData\\Local\\Temp\\autoscene_tmp\\35854c7c32\\scene_020_8d6ac4e029ed.mp4', '-i', 'C:\\Users\\leksi\\AppData\\Local\\Temp\\autoscene_tmp\\35854c7c32\\scene_021_db1f331af400.mp4', '-i', 'C:\\Users\\leksi\\AppData\\Local\\Temp\\autoscene_tmp\\35854c7c32\\scene_022_c676312e50fe.mp4', '-i', 'C:\\Users\\leksi\\AppData\\Local\\Temp\\autoscene_tmp\\35854c7c32\\scene_023_6088d97210f6.mp4', '-i', 'C:\\Users\\leksi\\AppData\\Local\\Temp\\autoscene_tmp\\35854c7c32\\scene_024_1e519ff1741d.mp4', '-i', 'C:\\Users\\leksi\\AppData\\Local\\Temp\\autoscene_tmp\\35854c7c32\\scene_025_35a6d4defe86.mp4', '-i', 'C:\\Users\\leksi\\AppData\\Local\\Temp\\autoscene_tmp\\35854c7c32\\scene_026_26541dd5db65.mp4', '-i', 'C:\\Users\\leksi\\AppData\\Local\\Temp\\autoscene_tmp\\35854c7c32\\scene_027_771bab7f75f2.mp4', '-i', 'C:\\Users\\leksi\\AppData\\Local\\Temp\\autoscene_tmp\\35854c7c32\\scene_028_8160456608fd.mp4', '-i', 'C:\\Users\\leksi\\AppData\\Local\\Temp\\autoscene_tmp\\35854c7c32\\scene_029_261790f5664b.mp4', '-i', 'C:\\Users\\leksi\\AppData\\Local\\Temp\\autoscene_tmp\\35854c7c32\\scene_030_dbc624dce550.mp4', '-i', 'C:\\Users\\leksi\\AppData\\Local\\Temp\\autoscene_tmp\\35854c7c32\\scene_031_bcfcd033e265.mp4', '-i', 'C:\\Users\\leksi\\AppData\\Local\\Temp\\autoscene_tmp\\35854c7c32\\scene_032_c90f99b29d0b.mp4', '-i', 'C:\\Users\\leksi\\AppData\\Local\\Temp\\autoscene_tmp\\35854c7c32\\scene_033_4da8f14ca847.mp4', '-i', 'C:\\Users\\leksi\\AppData\\Local\\Temp\\autoscene_tmp\\35854c7c32\\scene_034_ea92a6f7fdf3.mp4', '-i', 'C:\\Users\\leksi\\AppData\\Local\\Temp\\autoscene_tmp\\35854c7c32\\scene_035_ba34f79fd742.mp4', '-i', 'C:\\Users\\leksi\\AppData\\Local\\Temp\\autoscene_tmp\\35854c7c32\\scene_036_ff329fe4d4c3.mp4', '-i', 'C:\\Users\\leksi\\AppData\\Local\\Temp\\autoscene_tmp\\35854c7c32\\scene_037_1c158007956d.mp4', '-i', 'C:\\Users\\leksi\\AppData\\Local\\Temp\\autoscene_tmp\\35854c7c32\\scene_038_a03ab0849796.mp4', '-i', 'C:\\Users\\leksi\\AppData\\Local\\Temp\\autoscene_tmp\\35854c7c32\\scene_039_3ba0dd29b6d6.mp4', '-i', 'C:\\Users\\leksi\\AppData\\Local\\Temp\\autoscene_tmp\\35854c7c32\\scene_040_91eed54f7cd2.mp4', '-i', 'C:\\Users\\leksi\\AppData\\Local\\Temp\\autoscene_tmp\\35854c7c32\\scene_041_e11bf1c4db4d.mp4', '-i', 'C:\\Users\\leksi\\AppData\\Local\\Temp\\autoscene_tmp\\35854c7c32\\scene_042_03c5f07f3fa0.mp4', '-i', 'C:\\Users\\leksi\\AppData\\Local\\Temp\\autoscene_tmp\\35854c7c32\\scene_043_1e243ecb4d6b.mp4', '-i', 'C:\\Users\\leksi\\AppData\\Local\\Temp\\autoscene_tmp\\35854c7c32\\scene_044_114bc883fa38.mp4', '-i', 'C:\\Users\\leksi\\AppData\\Local\\Temp\\autoscene_tmp\\35854c7c32\\scene_045_b988b8b6f439.mp4', '-i', 'C:\\Users\\leksi\\AppData\\Local\\Temp\\autoscene_tmp\\35854c7c32\\scene_046_c59e1cc7c5ee.mp4', '-i', 'C:\\Users\\leksi\\AppData\\Local\\Temp\\autoscene_tmp\\35854c7c32\\scene_047_a40a80246e95.mp4', '-i', 'C:\\Users\\leksi\\AppData\\Local\\Temp\\autoscene_tmp\\35854c7c32\\scene_048_357ba5a8d364.mp4', '-i', 'C:\\Users\\leksi\\AppData\\Local\\Temp\\autoscene_tmp\\35854c7c32\\scene_049_82f7e40d5d5d.mp4', '-i', 'C:\\Users\\leksi\\AppData\\Local\\Temp\\autoscene_tmp\\35854c7c32\\scene_050_89ddbf20636a.mp4', '-i', 'C:\\Users\\leksi\\AppData\\Local\\Temp\\autoscene_tmp\\35854c7c32\\scene_051_f2e974e3cdbe.mp4', '-i', 'C:\\Users\\leksi\\AppData\\Local\\Temp\\autoscene_tmp\\35854c7c32\\scene_052_8fa81e7d6bc6.mp4', '-i', 'C:\\Users\\leksi\\AppData\\Local\\Temp\\autoscene_tmp\\35854c7c32\\scene_053_a6ce74e4774e.mp4', '-i', 'C:\\Users\\leksi\\AppData\\Local\\Temp\\autoscene_tmp\\35854c7c32\\scene_054_dfbac3ac47f0.mp4', '-i', 'C:\\Users\\leksi\\AppData\\Local\\Temp\\autoscene_tmp\\35854c7c32\\scene_055_9be1cd25962c.mp4', '-i', 'C:\\Users\\leksi\\AppData\\Local\\Temp\\autoscene_tmp\\35854c7c32\\scene_056_e5547ade7264.mp4', '-i', 'C:\\Users\\leksi\\AppData\\Local\\Temp\\autoscene_tmp\\35854c7c32\\scene_057_1de3a5d36139.mp4', '-i', 'C:\\Users\\leksi\\AppData\\Local\\Temp\\autoscene_tmp\\35854c7c32\\scene_058_efdaeffd36d1.mp4', '-i', 'C:\\Users\\leksi\\AppData\\Local\\Temp\\autoscene_tmp\\35854c7c32\\scene_059_691c0854bacc.mp4', '-i', 'C:\\Users\\leksi\\AppData\\Local\\Temp\\autoscene_tmp\\35854c7c32\\scene_060_1cd14f9c7295.mp4', '-i', 'C:\\Users\\leksi\\AppData\\Local\\Temp\\autoscene_tmp\\35854c7c32\\scene_061_2def928a6da6.mp4', '-i', 'C:\\Users\\leksi\\AppData\\Local\\Temp\\autoscene_tmp\\35854c7c32\\scene_062_75d91d048c55.mp4', '-i', 'C:\\Users\\leksi\\AppData\\Local\\Temp\\autoscene_tmp\\35854c7c32\\scene_063_4770ea28f8d8.mp4', '-i', 'C:\\Users\\leksi\\AppData\\Local\\Temp\\autoscene_tmp\\35854c7c32\\scene_064_c8673f89642f.mp4', '-i', 'C:\\Users\\leksi\\AppData\\Local\\Temp\\autoscene_tmp\\35854c7c32\\scene_065_d4abe8821291.mp4', '-i', 'C:\\Users\\leksi\\AppData\\Local\\Temp\\autoscene_tmp\\35854c7c32\\scene_066_7bfbf5f83421.mp4', '-i', 'C:\\Users\\leksi\\AppData\\Local\\Temp\\autoscene_tmp\\35854c7c32\\scene_067_0d89935b80fb.mp4', '-i', 'C:\\Users\\leksi\\AppData\\Local\\Temp\\autoscene_tmp\\35854c7c32\\scene_068_0fd3b47a7b57.mp4', '-i', 'C:\\Users\\leksi\\AppData\\Local\\Temp\\autoscene_tmp\\35854c7c32\\scene_069_12a2cb893699.mp4', '-i', 'C:\\Users\\leksi\\AppData\\Local\\Temp\\autoscene_tmp\\35854c7c32\\scene_070_b6e27b6cdf74.mp4', '-i', 'C:\\Users\\leksi\\AppData\\Local\\Temp\\autoscene_tmp\\35854c7c32\\scene_071_36123e8c0ea6.mp4', '-i', 'C:\\Users\\leksi\\AppData\\Local\\Temp\\autoscene_tmp\\35854c7c32\\scene_072_81862960b4dc.mp4', '-i', 'C:\\Users\\leksi\\AppData\\Local\\Temp\\autoscene_tmp\\35854c7c32\\scene_073_b2426eecbfee.mp4', '-i', 'C:\\Users\\leksi\\AppData\\Local\\Temp\\autoscene_tmp\\35854c7c32\\scene_074_e8e8f710a320.mp4', '-i', 'C:\\Users\\leksi\\AppData\\Local\\Temp\\autoscene_tmp\\35854c7c32\\scene_075_ab382b238dbb.mp4', '-i', 'C:\\Users\\leksi\\AppData\\Local\\Temp\\autoscene_tmp\\35854c7c32\\scene_076_feea431d78b7.mp4', '-i', 'C:\\Users\\leksi\\AppData\\Local\\Temp\\autoscene_tmp\\35854c7c32\\scene_077_9e53c1de3619.mp4', '-i', 'C:\\Users\\leksi\\AppData\\Local\\Temp\\autoscene_tmp\\35854c7c32\\scene_078_61f3195f5124.mp4', '-i', 'C:\\Users\\leksi\\AppData\\Local\\Temp\\autoscene_tmp\\35854c7c32\\scene_079_47f995ca8c79.mp4', '-i', 'C:\\Users\\leksi\\AppData\\Local\\Temp\\autoscene_tmp\\35854c7c32\\scene_080_68c941e4aa3c.mp4', '-i', 'C:\\Users\\leksi\\AppData\\Local\\Temp\\autoscene_tmp\\35854c7c32\\scene_081_74309e42be24.mp4', '-i', 'C:\\Users\\leksi\\AppData\\Local\\Temp\\autoscene_tmp\\35854c7c32\\scene_082_5b176f661752.mp4', '-i', 'C:\\Users\\leksi\\AppData\\Local\\Temp\\autoscene_tmp\\35854c7c32\\scene_083_b961091c998c.mp4', '-i', 'C:\\Users\\leksi\\AppData\\Local\\Temp\\autoscene_tmp\\35854c7c32\\scene_084_2d82fb9a650e.mp4', '-i', 'C:\\Users\\leksi\\AppData\\Local\\Temp\\autoscene_tmp\\35854c7c32\\scene_085_dd490428c486.mp4', '-i', 'C:\\Users\\leksi\\AppData\\Local\\Temp\\autoscene_tmp\\35854c7c32\\scene_086_f691d61e8fa3.mp4', '-i', 'C:\\Users\\leksi\\AppData\\Local\\Temp\\autoscene_tmp\\35854c7c32\\scene_087_5231d8936a7d.mp4', '-i', 'C:\\Users\\leksi\\AppData\\Local\\Temp\\autoscene_tmp\\35854c7c32\\scene_088_5dbe0959b20d.mp4', '-i', 'C:\\Users\\leksi\\AppData\\Local\\Temp\\autoscene_tmp\\35854c7c32\\scene_089_261619e24851.mp4', '-i', 'C:\\Users\\leksi\\AppData\\Local\\Temp\\autoscene_tmp\\35854c7c32\\scene_090_5ff3e7e7659a.mp4', '-i', 'C:\\Users\\leksi\\AppData\\Local\\Temp\\autoscene_tmp\\35854c7c32\\scene_091_b82fccc755ec.mp4', '-i', 'C:\\Users\\leksi\\AppData\\Local\\Temp\\autoscene_tmp\\35854c7c32\\scene_092_17f3546998c1.mp4', '-i', 'C:\\Users\\leksi\\AppData\\Local\\Temp\\autoscene_tmp\\35854c7c32\\scene_093_9970c778c8d3.mp4', '-i', 'C:\\Users\\leksi\\AppData\\Local\\Temp\\autoscene_tmp\\35854c7c32\\scene_094_d35b7600f90e.mp4', '-i', 'C:\\Users\\leksi\\AppData\\Local\\Temp\\autoscene_tmp\\35854c7c32\\scene_095_0e32d1725948.mp4', '-i', 'C:\\Users\\leksi\\AppData\\Local\\Temp\\autoscene_tmp\\35854c7c32\\scene_096_4b790dcf2ac2.mp4', '-i', 'C:\\Users\\leksi\\AppData\\Local\\Temp\\autoscene_tmp\\35854c7c32\\scene_097_78b957b4996a.mp4', '-i', 'C:\\Users\\leksi\\AppData\\Local\\Temp\\autoscene_tmp\\35854c7c32\\scene_098_644df710e4ec.mp4', '-i', 'C:\\Users\\leksi\\AppData\\Local\\Temp\\autoscene_tmp\\35854c7c32\\scene_099_26df760d3e13.mp4', '-i', 'C:\\Users\\leksi\\AppData\\Local\\Temp\\autoscene_tmp\\35854c7c32\\scene_100_4f5a885e729c.mp4', '-i', 'C:\\Users\\leksi\\AppData\\Local\\Temp\\autoscene_tmp\\35854c7c32\\scene_101_17ff34293369.mp4', '-i', 'C:\\Users\\leksi\\AppData\\Local\\Temp\\autoscene_tmp\\35854c7c32\\scene_102_f5792a67fc80.mp4', '-i', 'C:\\Users\\leksi\\AppData\\Local\\Temp\\autoscene_tmp\\35854c7c32\\scene_103_2a9ba08cd4f9.mp4', '-i', 'C:\\Users\\leksi\\AppData\\Local\\Temp\\autoscene_tmp\\35854c7c32\\scene_104_51c2a36a4120.mp4', '-i', 'C:\\Users\\leksi\\AppData\\Local\\Temp\\autoscene_tmp\\35854c7c32\\scene_105_0643bd4f2a3d.mp4', '-i', 'C:\\Users\\leksi\\AppData\\Local\\Temp\\autoscene_tmp\\35854c7c32\\scene_106_788c91994ddc.mp4', '-i', 'C:\\Users\\leksi\\AppData\\Local\\Temp\\autoscene_tmp\\35854c7c32\\scene_107_080767325649.mp4', '-i', 'C:\\Users\\leksi\\AppData\\Local\\Temp\\autoscene_tmp\\35854c7c32\\scene_108_790801038c20.mp4', '-i', 'C:\\Users\\leksi\\AppData\\Local\\Temp\\autoscene_tmp\\35854c7c32\\scene_109_13e7655922a3.mp4', '-i', 'C:\\Users\\leksi\\AppData\\Local\\Temp\\autoscene_tmp\\35854c7c32\\scene_110_fbcea2c08450.mp4', '-i', 'C:\\Users\\leksi\\AppData\\Local\\Temp\\autoscene_tmp\\35854c7c32\\scene_111_9edf638c6cc0.mp4', '-i', 'C:\\Users\\leksi\\AppData\\Local\\Temp\\autoscene_tmp\\35854c7c32\\scene_112_ecaad5d84ee3.mp4', '-i', 'C:\\Users\\leksi\\AppData\\Local\\Temp\\autoscene_tmp\\35854c7c32\\scene_113_a248b7a3c4a8.mp4', '-i', 'C:\\Users\\leksi\\AppData\\Local\\Temp\\autoscene_tmp\\35854c7c32\\scene_114_265f7a040c5c.mp4', '-i', 'C:\\Users\\leksi\\AppData\\Local\\Temp\\autoscene_tmp\\35854c7c32\\scene_115_f262f3165de3.mp4', '-i', 'C:\\Users\\leksi\\AppData\\Local\\Temp\\autoscene_tmp\\35854c7c32\\scene_116_dabef9139eeb.mp4', '-i', 'C:\\Users\\leksi\\AppData\\Local\\Temp\\autoscene_tmp\\35854c7c32\\scene_117_5b1ec84428df.mp4', '-i', 'C:\\Users\\leksi\\AppData\\Local\\Temp\\autoscene_tmp\\35854c7c32\\scene_118_fedcd5c44e8d.mp4', '-i', 'C:\\Users\\leksi\\AppData\\Local\\Temp\\autoscene_tmp\\35854c7c32\\scene_119_2d53bc6b377c.mp4', '-i', 'C:\\Users\\leksi\\AppData\\Local\\Temp\\autoscene_tmp\\35854c7c32\\scene_120_a99db2142588.mp4', '-i', 'C:\\Users\\leksi\\AppData\\Local\\Temp\\autoscene_tmp\\35854c7c32\\scene_121_947123145931.mp4', '-i', 'C:\\Users\\leksi\\AppData\\Local\\Temp\\autoscene_tmp\\35854c7c32\\scene_122_8f0e4474009c.mp4', '-i', 'C:\\Users\\leksi\\AppData\\Local\\Temp\\autoscene_tmp\\35854c7c32\\scene_123_c56367ed0ff4.mp4', '-i', 'C:\\Users\\leksi\\AppData\\Local\\Temp\\autoscene_tmp\\35854c7c32\\scene_124_e4bba539f494.mp4', '-i', 'C:\\Users\\leksi\\AppData\\Local\\Temp\\autoscene_tmp\\35854c7c32\\scene_125_f12d9f424aa5.mp4', '-i', 'C:\\Users\\leksi\\AppData\\Local\\Temp\\autoscene_tmp\\35854c7c32\\scene_126_229854ccb777.mp4', '-i', 'C:\\Users\\leksi\\AppData\\Local\\Temp\\autoscene_tmp\\35854c7c32\\scene_127_f4b7b1718d96.mp4', '-i', 'C:\\Users\\leksi\\AppData\\Local\\Temp\\autoscene_tmp\\35854c7c32\\scene_128_90dfc7d78cfc.mp4', '-i', 'C:\\Users\\leksi\\AppData\\Local\\Temp\\autoscene_tmp\\35854c7c32\\scene_129_eef06845cce0.mp4', '-i', 'C:\\Users\\leksi\\AppData\\Local\\Temp\\autoscene_tmp\\35854c7c32\\scene_130_89066f0dc7df.mp4', '-i', 'C:\\Users\\leksi\\AppData\\Local\\Temp\\autoscene_tmp\\35854c7c32\\scene_131_e34a6559f780.mp4', '-i', 'C:\\Users\\leksi\\AppData\\Local\\Temp\\autoscene_tmp\\35854c7c32\\scene_132_43d431c56e85.mp4', '-i', 'C:\\Users\\leksi\\AppData\\Local\\Temp\\autoscene_tmp\\35854c7c32\\scene_133_27839a970adf.mp4', '-i', 'C:\\Users\\leksi\\AppData\\Local\\Temp\\autoscene_tmp\\35854c7c32\\scene_134_4260af4cf9c6.mp4', '-i', 'C:\\Users\\leksi\\AppData\\Local\\Temp\\autoscene_tmp\\35854c7c32\\scene_135_8b34467bce6c.mp4', '-i', 'C:\\Users\\leksi\\AppData\\Local\\Temp\\autoscene_tmp\\35854c7c32\\scene_136_2743fb196445.mp4', '-i', 'C:\\Users\\leksi\\AppData\\Local\\Temp\\autoscene_tmp\\35854c7c32\\scene_137_8faacbcf9d88.mp4', '-i', 'C:\\Users\\leksi\\AppData\\Local\\Temp\\autoscene_tmp\\35854c7c32\\scene_138_793cc6e8302c.mp4', '-i', 'C:\\Users\\leksi\\AppData\\Local\\Temp\\autoscene_tmp\\35854c7c32\\scene_139_15387cb8a5fd.mp4', '-i', 'C:\\Users\\leksi\\AppData\\Local\\Temp\\autoscene_tmp\\35854c7c32\\scene_140_73b02d0e8f0a.mp4', '-i', 'C:\\Users\\leksi\\AppData\\Local\\Temp\\autoscene_tmp\\35854c7c32\\scene_141_cfa02379bafc.mp4', '-i', 'C:\\Users\\leksi\\AppData\\Local\\Temp\\autoscene_tmp\\35854c7c32\\scene_142_91f54329c583.mp4', '-i', 'C:\\Users\\leksi\\AppData\\Local\\Temp\\autoscene_tmp\\35854c7c32\\scene_143_6da0c129749d.mp4', '-i', 'C:\\Users\\leksi\\AppData\\Local\\Temp\\autoscene_tmp\\35854c7c32\\scene_144_d721e884e8e9.mp4', '-i', 'C:\\Users\\leksi\\AppData\\Local\\Temp\\autoscene_tmp\\35854c7c32\\scene_145_c9ddd9989ea1.mp4', '-i', 'C:\\Users\\leksi\\AppData\\Local\\Temp\\autoscene_tmp\\35854c7c32\\scene_146_893e25b686ee.mp4', '-i', 'C:\\Users\\leksi\\AppData\\Local\\Temp\\autoscene_tmp\\35854c7c32\\scene_147_4880c4d14116.mp4', '-i', 'C:\\Users\\leksi\\AppData\\Local\\Temp\\autoscene_tmp\\35854c7c32\\scene_148_c3a87db0ee72.mp4', '-i', 'C:\\Users\\leksi\\AppData\\Local\\Temp\\autoscene_tmp\\35854c7c32\\scene_149_727f6dedf5bf.mp4', '-i', 'C:\\Users\\leksi\\AppData\\Local\\Temp\\autoscene_tmp\\35854c7c32\\scene_150_5e000d129ad1.mp4', '-i', 'C:\\Users\\leksi\\AppData\\Local\\Temp\\autoscene_tmp\\35854c7c32\\scene_151_29b74bfb7312.mp4', '-filter_complex', '[0:v][1:v]xfade=transition=smoothleft:duration=0.5:offset=5.533333[v0];[v0][2:v]xfade=transition=fade:duration=0.5:offset=11.193332999999999[v1];[v1][3:v]xfade=transition=smoothleft:duration=0.5:offset=13.759348999999998[v2];[v2][4:v]xfade=transition=dissolve:duration=0.5:offset=17.579349[v3];[v3][5:v]xfade=transition=dissolve:duration=0.5:offset=22.546016[v4];[v4][6:v]xfade=transition=dissolve:duration=0.5:offset=37.212683[v5];[v5][7:v]xfade=transition=circleopen:duration=0.5:offset=41.912683[v6];[v6][8:v]xfade=transition=circleopen:duration=0.5:offset=52.072683[v7];[v7][9:v]xfade=transition=circleopen:duration=0.5:offset=56.506015999999995[v8];[v8][10:v]xfade=transition=circleopen:duration=0.5:offset=62.76601599999999[v9];[v9][11:v]xfade=transition=smoothleft:duration=0.5:offset=66.266016[v10];[v10][12:v]xfade=transition=dissolve:duration=0.5:offset=71.56601599999999[v11];[v11][13:v]xfade=transition=circleopen:duration=0.5:offset=77.29902399999999[v12];[v12][14:v]xfade=transition=smoothleft:duration=0.5:offset=79.95902399999999[v13];[v13][15:v]xfade=transition=smoothleft:duration=0.5:offset=84.69203199999998[v14];[v14][16:v]xfade=transition=dissolve:duration=0.5:offset=86.52536499999998[v15];[v15][17:v]xfade=transition=fadeblack:duration=0.5:offset=93.28536499999998[v16];[v16][18:v]xfade=transition=circleopen:duration=0.5:offset=104.70536499999999[v17];[v17][19:v]xfade=transition=dissolve:duration=0.5:offset=111.50536499999998[v18];[v18][20:v]xfade=transition=fadeblack:duration=0.5:offset=114.47203199999998[v19];[v19][21:v]xfade=transition=fadeblack:duration=0.5:offset=124.50536499999998[v20];[v20][22:v]xfade=transition=fade:duration=0.5:offset=128.025365[v21];[v21][23:v]xfade=transition=dissolve:duration=0.5:offset=135.925365[v22];[v22][24:v]xfade=transition=smoothleft:duration=0.5:offset=147.591381[v23];[v23][25:v]xfade=transition=fadeblack:duration=0.5:offset=154.258048[v24];[v24][26:v]xfade=transition=dissolve:duration=0.5:offset=158.758048[v25];[v25][27:v]xfade=transition=smoothleft:duration=0.5:offset=164.624715[v26];[v26][28:v]xfade=transition=fadeblack:duration=0.5:offset=167.158048[v27];[v27][29:v]xfade=transition=fade:duration=0.5:offset=175.02471500000001[v28];[v28][30:v]xfade=transition=dissolve:duration=0.5:offset=185.64471500000002[v29];[v29][31:v]xfade=transition=smoothleft:duration=0.5:offset=190.14471500000002[v30];[v30][32:v]xfade=transition=dissolve:duration=0.5:offset=192.71138200000001[v31];[v31][33:v]xfade=transition=fadeblack:duration=0.5:offset=202.811382[v32];[v32][34:v]xfade=transition=fade:duration=0.5:offset=206.71138200000001[v33];[v33][35:v]xfade=transition=circleopen:duration=0.5:offset=214.911382[v34];[v34][36:v]xfade=transition=circleopen:duration=0.5:offset=227.071382[v35];[v35][37:v]xfade=transition=fadeblack:duration=0.5:offset=230.571382[v36];[v36][38:v]xfade=transition=fade:duration=0.5:offset=242.50471499999998[v37];[v37][39:v]xfade=transition=dissolve:duration=0.5:offset=248.20471499999996[v38];[v38][40:v]xfade=transition=fadeblack:duration=0.5:offset=253.13804799999997[v39];[v39][41:v]xfade=transition=fade:duration=0.5:offset=257.09804799999995[v40];[v40][42:v]xfade=transition=fadeblack:duration=0.5:offset=263.53138099999995[v41];[v41][43:v]xfade=transition=dissolve:duration=0.5:offset=270.96471399999996[v42];[v42][44:v]xfade=transition=dissolve:duration=0.5:offset=277.384714[v43];[v43][45:v]xfade=transition=smoothleft:duration=0.5:offset=280.744714[v44];[v44][46:v]xfade=transition=fade:duration=0.5:offset=291.71138099999996[v45];[v45][47:v]xfade=transition=smoothleft:duration=0.5:offset=296.011381[v46];[v46][48:v]xfade=transition=dissolve:duration=0.5:offset=308.244714[v47];[v47][49:v]xfade=transition=fade:duration=0.5:offset=315.844714[v48];[v48][50:v]xfade=transition=dissolve:duration=0.5:offset=322.01138100000003[v49];[v49][51:v]xfade=transition=fadeblack:duration=0.5:offset=324.93138100000004[v50];[v50][52:v]xfade=transition=fade:duration=0.5:offset=332.45337600000005[v51];[v51][53:v]xfade=transition=fadeblack:duration=0.5:offset=338.65337600000004[v52];[v52][54:v]xfade=transition=fade:duration=0.5:offset=347.25337600000006[v53];[v53][55:v]xfade=transition=fadeblack:duration=0.5:offset=353.37337600000006[v54];[v54][56:v]xfade=transition=fade:duration=0.5:offset=361.24004300000007[v55];[v55][57:v]xfade=transition=fadeblack:duration=0.5:offset=368.1000430000001[v56];[v56][58:v]xfade=transition=dissolve:duration=0.5:offset=379.2000430000001[v57];[v57][59:v]xfade=transition=dissolve:duration=0.5:offset=382.92004300000013[v58];[v58][60:v]xfade=transition=fadeblack:duration=0.5:offset=387.65337600000015[v59];[v59][61:v]xfade=transition=smoothleft:duration=0.5:offset=393.67337600000013[v60];[v60][62:v]xfade=transition=fade:duration=0.5:offset=395.1933760000001[v61];[v61][63:v]xfade=transition=smoothleft:duration=0.5:offset=398.7533760000001[v62];[v62][64:v]xfade=transition=dissolve:duration=0.5:offset=403.5733760000001[v63];[v63][65:v]xfade=transition=fadeblack:duration=0.5:offset=411.4343740000001[v64];[v64][66:v]xfade=transition=circleopen:duration=0.5:offset=413.05636900000013[v65];[v65][67:v]xfade=transition=smoothleft:duration=0.5:offset=417.21636900000016[v66];[v66][68:v]xfade=transition=fade:duration=0.5:offset=426.07636900000017[v67];[v67][69:v]xfade=transition=fade:duration=0.5:offset=429.2963690000002[v68];[v68][70:v]xfade=transition=fadeblack:duration=0.5:offset=432.9563690000002[v69];[v69][71:v]xfade=transition=dissolve:duration=0.5:offset=437.2763690000002[v70];[v70][72:v]xfade=transition=dissolve:duration=0.5:offset=439.7963690000002[v71];[v71][73:v]xfade=transition=fadeblack:duration=0.5:offset=441.76303600000017[v72];[v72][74:v]xfade=transition=fadeblack:duration=0.5:offset=449.76303600000017[v73];[v73][75:v]xfade=transition=smoothleft:duration=0.5:offset=457.96303600000016[v74];[v74][76:v]xfade=transition=circleopen:duration=0.5:offset=468.92303600000014[v75];[v75][77:v]xfade=transition=fade:duration=0.5:offset=476.65636900000015[v76];[v76][78:v]xfade=transition=smoothleft:duration=0.5:offset=488.0897020000001[v77];[v77][79:v]xfade=transition=circleopen:duration=0.5:offset=490.8230350000001[v78];[v78][80:v]xfade=transition=dissolve:duration=0.5:offset=503.42303500000014[v79];[v79][81:v]xfade=transition=dissolve:duration=0.5:offset=505.7230350000001[v80];[v80][82:v]xfade=transition=smoothleft:duration=0.5:offset=514.6560430000001[v81];[v81][83:v]xfade=transition=circleopen:duration=0.5:offset=526.3893760000001[v82];[v82][84:v]xfade=transition=smoothleft:duration=0.5:offset=536.556043[v83];[v83][85:v]xfade=transition=dissolve:duration=0.5:offset=538.689376[v84];[v84][86:v]xfade=transition=circleopen:duration=0.5:offset=548.055392[v85];[v85][87:v]xfade=transition=dissolve:duration=0.5:offset=553.4753919999999[v86];[v86][88:v]xfade=transition=fadeblack:duration=0.5:offset=561.7420589999999[v87];[v87][89:v]xfade=transition=circleopen:duration=0.5:offset=566.5420589999999[v88];[v88][90:v]xfade=transition=smoothleft:duration=0.5:offset=574.9087259999999[v89];[v89][91:v]xfade=transition=circleopen:duration=0.5:offset=580.3707209999999[v90];[v90][92:v]xfade=transition=fade:duration=0.5:offset=584.0707209999999[v91];[v91][93:v]xfade=transition=fadeblack:duration=0.5:offset=593.0367369999999[v92];[v92][94:v]xfade=transition=circleopen:duration=0.5:offset=604.236737[v93];[v93][95:v]xfade=transition=circleopen:duration=0.5:offset=605.8700699999999[v94];[v94][96:v]xfade=transition=smoothleft:duration=0.5:offset=610.203403[v95];[v95][97:v]xfade=transition=fadeblack:duration=0.5:offset=614.27007[v96];[v96][98:v]xfade=transition=fadeblack:duration=0.5:offset=620.736086[v97];[v97][99:v]xfade=transition=fade:duration=0.5:offset=626.569419[v98];[v98][100:v]xfade=transition=dissolve:duration=0.5:offset=642.469419[v99];[v99][101:v]xfade=transition=dissolve:duration=0.5:offset=650.336086[v100];[v100][102:v]xfade=transition=circleopen:duration=0.5:offset=658.936086[v101];[v101][103:v]xfade=transition=dissolve:duration=0.5:offset=660.558081[v102];[v102][104:v]xfade=transition=fade:duration=0.5:offset=676.3780810000001[v103];[v103][105:v]xfade=transition=dissolve:duration=0.5:offset=682.638081[v104];[v104][106:v]xfade=transition=dissolve:duration=0.5:offset=687.5047480000001[v105];[v105][107:v]xfade=transition=dissolve:duration=0.5:offset=691.804748[v106];[v106][108:v]xfade=transition=fadeblack:duration=0.5:offset=697.704748[v107];[v107][109:v]xfade=transition=circleopen:duration=0.5:offset=705.1380809999999[v108];[v108][110:v]xfade=transition=fadeblack:duration=0.5:offset=714.0714139999999[v109];[v109][111:v]xfade=transition=circleopen:duration=0.5:offset=724.2380809999999[v110];[v110][112:v]xfade=transition=smoothleft:duration=0.5:offset=726.9380809999999[v111];[v111][113:v]xfade=transition=circleopen:duration=0.5:offset=733.5980809999999[v112];[v112][114:v]xfade=transition=fadeblack:duration=0.5:offset=747.8590789999998[v113];[v113][115:v]xfade=transition=dissolve:duration=0.5:offset=754.7800769999999[v114];[v114][116:v]xfade=transition=circleopen:duration=0.5:offset=757.8800769999999[v115];[v115][117:v]xfade=transition=smoothleft:duration=0.5:offset=768.5134099999999[v116];[v116][118:v]xfade=transition=fade:duration=0.5:offset=773.3800769999999[v117];[v117][119:v]xfade=transition=smoothleft:duration=0.5:offset=780.2467439999999[v118];[v118][120:v]xfade=transition=circleopen:duration=0.5:offset=782.466744[v119];[v119][121:v]xfade=transition=circleopen:duration=0.5:offset=784.427742[v120];[v120][122:v]xfade=transition=smoothleft:duration=0.5:offset=792.147742[v121];[v121][123:v]xfade=transition=fadeblack:duration=0.5:offset=796.614409[v122];[v122][124:v]xfade=transition=fadeblack:duration=0.5:offset=803.147742[v123];[v123][125:v]xfade=transition=smoothleft:duration=0.5:offset=820.281075[v124];[v124][126:v]xfade=transition=fadeblack:duration=0.5:offset=821.781075[v125];[v125][127:v]xfade=transition=dissolve:duration=0.5:offset=833.6470909999999[v126];[v126][128:v]xfade=transition=fade:duration=0.5:offset=842.480424[v127];[v127][129:v]xfade=transition=fadeblack:duration=0.5:offset=844.980424[v128];[v128][130:v]xfade=transition=smoothleft:duration=0.5:offset=851.213432[v129];[v129][131:v]xfade=transition=dissolve:duration=0.5:offset=858.34644[v130];[v130][132:v]xfade=transition=dissolve:duration=0.5:offset=867.4131070000001[v131];[v131][133:v]xfade=transition=dissolve:duration=0.5:offset=869.1791230000001[v132];[v132][134:v]xfade=transition=fade:duration=0.5:offset=878.3991230000001[v133];[v133][135:v]xfade=transition=fade:duration=0.5:offset=883.5191230000001[v134];[v134][136:v]xfade=transition=circleopen:duration=0.5:offset=891.6191230000002[v135];[v135][137:v]xfade=transition=circleopen:duration=0.5:offset=898.5851390000001[v136];[v136][138:v]xfade=transition=circleopen:duration=0.5:offset=902.4051390000002[v137];[v137][139:v]xfade=transition=fadeblack:duration=0.5:offset=911.2384720000002[v138];[v138][140:v]xfade=transition=dissolve:duration=0.5:offset=915.7051390000003[v139];[v139][141:v]xfade=transition=circleopen:duration=0.5:offset=920.4251390000003[v140];[v140][142:v]xfade=transition=fade:duration=0.5:offset=926.4251390000003[v141];[v141][143:v]xfade=transition=fadeblack:duration=0.5:offset=930.1911550000003[v142];[v142][144:v]xfade=transition=dissolve:duration=0.5:offset=933.1578220000004[v143];[v143][145:v]xfade=transition=circleopen:duration=0.5:offset=936.2778220000004[v144];[v144][146:v]xfade=transition=fadeblack:duration=0.5:offset=939.0111550000004[v145];[v145][147:v]xfade=transition=fadeblack:duration=0.5:offset=942.3778220000004[v146];[v146][148:v]xfade=transition=fadeblack:duration=0.5:offset=945.6444890000004[v147];[v147][149:v]xfade=transition=smoothleft:duration=0.5:offset=947.7444890000004[v148];[v148][150:v]xfade=transition=dissolve:duration=0.5:offset=957.7111560000003[vout];[0:a][1:a]acrossfade=d=0.5[a0];[a0][2:a]acrossfade=d=0.5[a1];[a1][3:a]acrossfade=d=0.5[a2];[a2][4:a]acrossfade=d=0.5[a3];[a3][5:a]acrossfade=d=0.5[a4];[a4][6:a]acrossfade=d=0.5[a5];[a5][7:a]acrossfade=d=0.5[a6];[a6][8:a]acrossfade=d=0.5[a7];[a7][9:a]acrossfade=d=0.5[a8];[a8][10:a]acrossfade=d=0.5[a9];[a9][11:a]acrossfade=d=0.5[a10];[a10][12:a]acrossfade=d=0.5[a11];[a11][13:a]acrossfade=d=0.5[a12];[a12][14:a]acrossfade=d=0.5[a13];[a13][15:a]acrossfade=d=0.5[a14];[a14][16:a]acrossfade=d=0.5[a15];[a15][17:a]acrossfade=d=0.5[a16];[a16][18:a]acrossfade=d=0.5[a17];[a17][19:a]acrossfade=d=0.5[a18];[a18][20:a]acrossfade=d=0.5[a19];[a19][21:a]acrossfade=d=0.5[a20];[a20][22:a]acrossfade=d=0.5[a21];[a21][23:a]acrossfade=d=0.5[a22];[a22][24:a]acrossfade=d=0.5[a23];[a23][25:a]acrossfade=d=0.5[a24];[a24][26:a]acrossfade=d=0.5[a25];[a25][27:a]acrossfade=d=0.5[a26];[a26][28:a]acrossfade=d=0.5[a27];[a27][29:a]acrossfade=d=0.5[a28];[a28][30:a]acrossfade=d=0.5[a29];[a29][31:a]acrossfade=d=0.5[a30];[a30][32:a]acrossfade=d=0.5[a31];[a31][33:a]acrossfade=d=0.5[a32];[a32][34:a]acrossfade=d=0.5[a33];[a33][35:a]acrossfade=d=0.5[a34];[a34][36:a]acrossfade=d=0.5[a35];[a35][37:a]acrossfade=d=0.5[a36];[a36][38:a]acrossfade=d=0.5[a37];[a37][39:a]acrossfade=d=0.5[a38];[a38][40:a]acrossfade=d=0.5[a39];[a39][41:a]acrossfade=d=0.5[a40];[a40][42:a]acrossfade=d=0.5[a41];[a41][43:a]acrossfade=d=0.5[a42];[a42][44:a]acrossfade=d=0.5[a43];[a43][45:a]acrossfade=d=0.5[a44];[a44][46:a]acrossfade=d=0.5[a45];[a45][47:a]acrossfade=d=0.5[a46];[a46][48:a]acrossfade=d=0.5[a47];[a47][49:a]acrossfade=d=0.5[a48];[a48][50:a]acrossfade=d=0.5[a49];[a49][51:a]acrossfade=d=0.5[a50];[a50][52:a]acrossfade=d=0.5[a51];[a51][53:a]acrossfade=d=0.5[a52];[a52][54:a]acrossfade=d=0.5[a53];[a53][55:a]acrossfade=d=0.5[a54];[a54][56:a]acrossfade=d=0.5[a55];[a55][57:a]acrossfade=d=0.5[a56];[a56][58:a]acrossfade=d=0.5[a57];[a57][59:a]acrossfade=d=0.5[a58];[a58][60:a]acrossfade=d=0.5[a59];[a59][61:a]acrossfade=d=0.5[a60];[a60][62:a]acrossfade=d=0.5[a61];[a61][63:a]acrossfade=d=0.5[a62];[a62][64:a]acrossfade=d=0.5[a63];[a63][65:a]acrossfade=d=0.5[a64];[a64][66:a]acrossfade=d=0.5[a65];[a65][67:a]acrossfade=d=0.5[a66];[a66][68:a]acrossfade=d=0.5[a67];[a67][69:a]acrossfade=d=0.5[a68];[a68][70:a]acrossfade=d=0.5[a69];[a69][71:a]acrossfade=d=0.5[a70];[a70][72:a]acrossfade=d=0.5[a71];[a71][73:a]acrossfade=d=0.5[a72];[a72][74:a]acrossfade=d=0.5[a73];[a73][75:a]acrossfade=d=0.5[a74];[a74][76:a]acrossfade=d=0.5[a75];[a75][77:a]acrossfade=d=0.5[a76];[a76][78:a]acrossfade=d=0.5[a77];[a77][79:a]acrossfade=d=0.5[a78];[a78][80:a]acrossfade=d=0.5[a79];[a79][81:a]acrossfade=d=0.5[a80];[a80][82:a]acrossfade=d=0.5[a81];[a81][83:a]acrossfade=d=0.5[a82];[a82][84:a]acrossfade=d=0.5[a83];[a83][85:a]acrossfade=d=0.5[a84];[a84][86:a]acrossfade=d=0.5[a85];[a85][87:a]acrossfade=d=0.5[a86];[a86][88:a]acrossfade=d=0.5[a87];[a87][89:a]acrossfade=d=0.5[a88];[a88][90:a]acrossfade=d=0.5[a89];[a89][91:a]acrossfade=d=0.5[a90];[a90][92:a]acrossfade=d=0.5[a91];[a91][93:a]acrossfade=d=0.5[a92];[a92][94:a]acrossfade=d=0.5[a93];[a93][95:a]acrossfade=d=0.5[a94];[a94][96:a]acrossfade=d=0.5[a95];[a95][97:a]acrossfade=d=0.5[a96];[a96][98:a]acrossfade=d=0.5[a97];[a97][99:a]acrossfade=d=0.5[a98];[a98][100:a]acrossfade=d=0.5[a99];[a99][101:a]acrossfade=d=0.5[a100];[a100][102:a]acrossfade=d=0.5[a101];[a101][103:a]acrossfade=d=0.5[a102];[a102][104:a]acrossfade=d=0.5[a103];[a103][105:a]acrossfade=d=0.5[a104];[a104][106:a]acrossfade=d=0.5[a105];[a105][107:a]acrossfade=d=0.5[a106];[a106][108:a]acrossfade=d=0.5[a107];[a107][109:a]acrossfade=d=0.5[a108];[a108][110:a]acrossfade=d=0.5[a109];[a109][111:a]acrossfade=d=0.5[a110];[a110][112:a]acrossfade=d=0.5[a111];[a111][113:a]acrossfade=d=0.5[a112];[a112][114:a]acrossfade=d=0.5[a113];[a113][115:a]acrossfade=d=0.5[a114];[a114][116:a]acrossfade=d=0.5[a115];[a115][117:a]acrossfade=d=0.5[a116];[a116][118:a]acrossfade=d=0.5[a117];[a117][119:a]acrossfade=d=0.5[a118];[a118][120:a]acrossfade=d=0.5[a119];[a119][121:a]acrossfade=d=0.5[a120];[a120][122:a]acrossfade=d=0.5[a121];[a121][123:a]acrossfade=d=0.5[a122];[a122][124:a]acrossfade=d=0.5[a123];[a123][125:a]acrossfade=d=0.5[a124];[a124][126:a]acrossfade=d=0.5[a125];[a125][127:a]acrossfade=d=0.5[a126];[a126][128:a]acrossfade=d=0.5[a127];[a127][129:a]acrossfade=d=0.5[a128];[a128][130:a]acrossfade=d=0.5[a129];[a129][131:a]acrossfade=d=0.5[a130];[a130][132:a]acrossfade=d=0.5[a131];[a131][133:a]acrossfade=d=0.5[a132];[a132][134:a]acrossfade=d=0.5[a133];[a133][135:a]acrossfade=d=0.5[a134];[a134][136:a]acrossfade=d=0.5[a135];[a135][137:a]acrossfade=d=0.5[a136];[a136][138:a]acrossfade=d=0.5[a137];[a137][139:a]acrossfade=d=0.5[a138];[a138][140:a]acrossfade=d=0.5[a139];[a139][141:a]acrossfade=d=0.5[a140];[a140][142:a]acrossfade=d=0.5[a141];[a141][143:a]acrossfade=d=0.5[a142];[a142][144:a]acrossfade=d=0.5[a143];[a143][145:a]acrossfade=d=0.5[a144];[a144][146:a]acrossfade=d=0.5[a145];[a145][147:a]acrossfade=d=0.5[a146];[a146][148:a]acrossfade=d=0.5[a147];[a147][149:a]acrossfade=d=0.5[a148];[a148][150:a]acrossfade=d=0.5[aout]', '-map', '[vout]', '-map', '[aout]', '-c:v', 'libx264', '-crf', '18', '-preset', 'slow', '-c:a', 'aac', '-b:a', '192k', '-pix_fmt', 'yuv420p', 'C:\\Users\\leksi\\Desktop\\NEWYTAUTO\\output\\The Battle of Morgarten 1315.mp4']' timed out after 600 seconds

During handling of the above exception, another exception occurred:

Traceback (most recent call last):
  File "C:\Users\leksi\Desktop\NEWYTAUTO\app\gui\frames\render_frame.py", line 361, in _run
    result = loop.run_until_complete(self._pipeline.run())
  File "C:\Program Files\WindowsApps\PythonSoftwareFoundation.Python.3.13_3.13.3568.0_x64__qbz5n2kfra8p0\Lib\asyncio\base_events.py", line 725, in run_until_complete
    return future.result()
           ~~~~~~~~~~~~~^^
  File "C:\Users\leksi\Desktop\NEWYTAUTO\app\core\pipeline.py", line 170, in run
    final = apply_transitions(
        clip_paths=clips,
    ...<3 lines>...
        export=self.export,
    )
  File "C:\Users\leksi\Desktop\NEWYTAUTO\app\transitions\engine.py", line 220, in apply_transitions
    raise TransitionError("merge", "FFmpeg timed out during final merge (>10 min).")
app.core.exceptions.TransitionError: Transition error [merge]: FFmpeg timed out during final merge (>10 min).

[2026-05-22 21:37:39] [The Battle of Morgarten 1315] Render error at Final merge: FFmpeg exited with code 4294967274
[libx264 @ 0000022e85f0e740] frame P:1293  Avg QP:16.33  size: 63572
[libx264 @ 0000022e85f0e740] frame B:3659  Avg QP:22.33  size: 12466
[libx264 @ 0000022e85f0e740] consecutive B-frames:  1.5%  0.8%  1.9% 95.8%
[libx264 @ 0000022e85f0e740] mb I  I16..4:  4.2% 67.7% 28.1%
[libx264 @ 0000022e85f0e740] mb P  I16..4:  0.8%  3.4%  1.0%  P16..4: 35.7% 17.2% 12.0%  0.0%  0.0%    skip:30.0%
[libx264 @ 0000022e85f0e740] mb B  I16..4:  0.1%  0.1%  0.0%  B16..8: 34.2%  1.6%  0.6%  direct: 2.3%  skip:61.1%  L0:43.5% L1:49.6% BI: 6.9%
[libx264 @ 0000022e85f0e740] 8x8 transform intra:64.8% inter:42.5%
[libx264 @ 0000022e85f0e740] direct mvs  spatial:99.7% temporal:0.3%
[libx264 @ 0000022e85f0e740] coded y,uvDC,uvAC intra: 79.0% 66.0% 37.0% inter: 10.0% 8.3% 0.5%
[libx264 @ 0000022e85f0e740] i16 v,h,dc,p: 21% 56% 15%  8%
[libx264 @ 0000022e85f0e740] i8 v,h,dc,ddl,ddr,vr,hd,vl,hu: 16% 12% 15%  8% 10%  9%  9%  9% 12%
[libx264 @ 0000022e85f0e740] i4 v,h,dc,ddl,ddr,vr,hd,vl,hu: 15% 11% 10%  9% 12% 10% 11%  9% 12%
[libx264 @ 0000022e85f0e740] i8c dc,h,v,p: 48% 26% 18%  7%
[libx264 @ 0000022e85f0e740] Weighted P-Frames: Y:5.7% UV:5.2%
[libx264 @ 0000022e85f0e740] ref P L0: 65.6% 13.0% 11.1%  7.8%  2.5%  0.0%  0.0%
[libx264 @ 0000022e85f0e740] ref B L0: 83.4% 13.4%  2.9%  0.4%
[libx264 @ 0000022e85f0e740] ref B L1: 91.0%  9.0%
[libx264 @ 0000022e85f0e740] kb/s:6676.34
[aac @ 0000022e85a5fb00] Qavg: 34868.613
Conversion failed!

Traceback (most recent call last):
  File "C:\Users\leksi\Desktop\NEWYTAUTO\app\gui\frames\render_frame.py", line 361, in _run
    result = loop.run_until_complete(self._pipeline.run())
  File "C:\Program Files\WindowsApps\PythonSoftwareFoundation.Python.3.13_3.13.3568.0_x64__qbz5n2kfra8p0\Lib\asyncio\base_events.py", line 725, in run_until_complete
    return future.result()
           ~~~~~~~~~~~~~^^
  File "C:\Users\leksi\Desktop\NEWYTAUTO\app\core\pipeline.py", line 170, in run
    final = apply_transitions(
        clip_paths=clips,
    ...<3 lines>...
        export=self.export,
    )
  File "C:\Users\leksi\Desktop\NEWYTAUTO\app\transitions\engine.py", line 132, in apply_transitions
    return _chunked_merge(clip_paths, output_path, transition_types, transition_duration, export)
  File "C:\Users\leksi\Desktop\NEWYTAUTO\app\transitions\engine.py", line 260, in _chunked_merge
    _fallback_concat(chunk_outputs, output_path, export)
    ~~~~~~~~~~~~~~~~^^^^^^^^^^^^^^^^^^^^^^^^^^^^^^^^^^^^
  File "C:\Users\leksi\Desktop\NEWYTAUTO\app\transitions\engine.py", line 280, in _fallback_concat
    concatenate_videos([str(p) for p in clip_paths], str(output_path), export)
    ~~~~~~~~~~~~~~~~~~^^^^^^^^^^^^^^^^^^^^^^^^^^^^^^^^^^^^^^^^^^^^^^^^^^^^^^^^
  File "C:\Users\leksi\Desktop\NEWYTAUTO\app\ffmpeg\wrapper.py", line 252, in concatenate_videos
    _run_ffmpeg(
    ~~~~~~~~~~~^
        args,
        ^^^^^
    ...<2 lines>...
        total_duration=total_dur,
        ^^^^^^^^^^^^^^^^^^^^^^^^^
    )
    ^
  File "C:\Users\leksi\Desktop\NEWYTAUTO\app\ffmpeg\wrapper.py", line 90, in _run_ffmpeg
    raise RenderError(description, f"FFmpeg exited with code {process.returncode}\n{error_text}")
app.core.exceptions.RenderError: Render error at Final merge: FFmpeg exited with code 4294967274
[libx264 @ 0000022e85f0e740] frame P:1293  Avg QP:16.33  size: 63572
[libx264 @ 0000022e85f0e740] frame B:3659  Avg QP:22.33  size: 12466
[libx264 @ 0000022e85f0e740] consecutive B-frames:  1.5%  0.8%  1.9% 95.8%
[libx264 @ 0000022e85f0e740] mb I  I16..4:  4.2% 67.7% 28.1%
[libx264 @ 0000022e85f0e740] mb P  I16..4:  0.8%  3.4%  1.0%  P16..4: 35.7% 17.2% 12.0%  0.0%  0.0%    skip:30.0%
[libx264 @ 0000022e85f0e740] mb B  I16..4:  0.1%  0.1%  0.0%  B16..8: 34.2%  1.6%  0.6%  direct: 2.3%  skip:61.1%  L0:43.5% L1:49.6% BI: 6.9%
[libx264 @ 0000022e85f0e740] 8x8 transform intra:64.8% inter:42.5%
[libx264 @ 0000022e85f0e740] direct mvs  spatial:99.7% temporal:0.3%
[libx264 @ 0000022e85f0e740] coded y,uvDC,uvAC intra: 79.0% 66.0% 37.0% inter: 10.0% 8.3% 0.5%
[libx264 @ 0000022e85f0e740] i16 v,h,dc,p: 21% 56% 15%  8%
[libx264 @ 0000022e85f0e740] i8 v,h,dc,ddl,ddr,vr,hd,vl,hu: 16% 12% 15%  8% 10%  9%  9%  9% 12%
[libx264 @ 0000022e85f0e740] i4 v,h,dc,ddl,ddr,vr,hd,vl,hu: 15% 11% 10%  9% 12% 10% 11%  9% 12%
[libx264 @ 0000022e85f0e740] i8c dc,h,v,p: 48% 26% 18%  7%
[libx264 @ 0000022e85f0e740] Weighted P-Frames: Y:5.7% UV:5.2%
[libx264 @ 0000022e85f0e740] ref P L0: 65.6% 13.0% 11.1%  7.8%  2.5%  0.0%  0.0%
[libx264 @ 0000022e85f0e740] ref B L0: 83.4% 13.4%  2.9%  0.4%
[libx264 @ 0000022e85f0e740] ref B L1: 91.0%  9.0%
[libx264 @ 0000022e85f0e740] kb/s:6676.34
[aac @ 0000022e85a5fb00] Qavg: 34868.613
Conversion failed!

[2026-05-22 22:26:42] [The Battle of Morgarten 1315] Render error at cancelled: Render was cancelled.
Traceback (most recent call last):
  File "C:\Users\leksi\Desktop\NEWYTAUTO\app\gui\frames\render_frame.py", line 361, in _run
    result = loop.run_until_complete(self._pipeline.run())
  File "C:\Program Files\WindowsApps\PythonSoftwareFoundation.Python.3.13_3.13.3568.0_x64__qbz5n2kfra8p0\Lib\asyncio\base_events.py", line 725, in run_until_complete
    return future.result()
           ~~~~~~~~~~~~~^^
  File "C:\Users\leksi\Desktop\NEWYTAUTO\app\core\pipeline.py", line 116, in run
    clips_with_durations = await self.scene_renderer.render_all_scenes(scene_progress)
                           ^^^^^^^^^^^^^^^^^^^^^^^^^^^^^^^^^^^^^^^^^^^^^^^^^^^^^^^^^^^
  File "C:\Users\leksi\Desktop\NEWYTAUTO\app\renderer\scene_renderer.py", line 349, in render_all_scenes
    result = await self.render_scene(scene, i, progress_callback)
             ^^^^^^^^^^^^^^^^^^^^^^^^^^^^^^^^^^^^^^^^^^^^^^^^^^^^
  File "C:\Users\leksi\Desktop\NEWYTAUTO\app\renderer\scene_renderer.py", line 251, in render_scene
    _progress("Voiceover complete", 0.4)
    ~~~~~~~~~^^^^^^^^^^^^^^^^^^^^^^^^^^^
  File "C:\Users\leksi\Desktop\NEWYTAUTO\app\renderer\scene_renderer.py", line 166, in _progress
    progress_callback(scene_index, stage, pct)
    ~~~~~~~~~~~~~~~~~^^^^^^^^^^^^^^^^^^^^^^^^^
  File "C:\Users\leksi\Desktop\NEWYTAUTO\app\core\pipeline.py", line 107, in scene_progress
    raise RenderError("cancelled", "Render was cancelled.")
app.core.exceptions.RenderError: Render error at cancelled: Render was cancelled.

[2026-05-23 15:01:50] [Siege of Rhodes (1522)] Cannot connect to host api.inworld.ai:443 ssl:default [getaddrinfo failed]
Traceback (most recent call last):
  File "C:\Users\leksi\AppData\Local\Packages\PythonSoftwareFoundation.Python.3.13_qbz5n2kfra8p0\LocalCache\local-packages\Python313\site-packages\aiohttp\connector.py", line 1574, in _create_direct_connection
    hosts = await self._resolve_host(host, port, traces=traces)
            ^^^^^^^^^^^^^^^^^^^^^^^^^^^^^^^^^^^^^^^^^^^^^^^^^^^
  File "C:\Users\leksi\AppData\Local\Packages\PythonSoftwareFoundation.Python.3.13_qbz5n2kfra8p0\LocalCache\local-packages\Python313\site-packages\aiohttp\connector.py", line 1190, in _resolve_host
    return await asyncio.shield(resolved_host_task)
           ^^^^^^^^^^^^^^^^^^^^^^^^^^^^^^^^^^^^^^^^
  File "C:\Users\leksi\AppData\Local\Packages\PythonSoftwareFoundation.Python.3.13_qbz5n2kfra8p0\LocalCache\local-packages\Python313\site-packages\aiohttp\connector.py", line 1221, in _resolve_host_with_throttle
    addrs = await self._resolver.resolve(host, port, family=self._family)
            ^^^^^^^^^^^^^^^^^^^^^^^^^^^^^^^^^^^^^^^^^^^^^^^^^^^^^^^^^^^^^
  File "C:\Users\leksi\AppData\Local\Packages\PythonSoftwareFoundation.Python.3.13_qbz5n2kfra8p0\LocalCache\local-packages\Python313\site-packages\aiohttp\resolver.py", line 40, in resolve
    infos = await self._loop.getaddrinfo(
            ^^^^^^^^^^^^^^^^^^^^^^^^^^^^^
    ...<5 lines>...
    )
    ^
  File "C:\Program Files\WindowsApps\PythonSoftwareFoundation.Python.3.13_3.13.3568.0_x64__qbz5n2kfra8p0\Lib\asyncio\base_events.py", line 939, in getaddrinfo
    return await self.run_in_executor(
           ^^^^^^^^^^^^^^^^^^^^^^^^^^^
        None, getaddr_func, host, port, family, type, proto, flags)
        ^^^^^^^^^^^^^^^^^^^^^^^^^^^^^^^^^^^^^^^^^^^^^^^^^^^^^^^^^^^
  File "C:\Program Files\WindowsApps\PythonSoftwareFoundation.Python.3.13_3.13.3568.0_x64__qbz5n2kfra8p0\Lib\concurrent\futures\thread.py", line 59, in run
    result = self.fn(*self.args, **self.kwargs)
  File "C:\Program Files\WindowsApps\PythonSoftwareFoundation.Python.3.13_3.13.3568.0_x64__qbz5n2kfra8p0\Lib\socket.py", line 977, in getaddrinfo
    for res in _socket.getaddrinfo(host, port, family, type, proto, flags):
               ~~~~~~~~~~~~~~~~~~~^^^^^^^^^^^^^^^^^^^^^^^^^^^^^^^^^^^^^^^^
socket.gaierror: [Errno 11002] getaddrinfo failed

The above exception was the direct cause of the following exception:

Traceback (most recent call last):
  File "C:\Users\leksi\Desktop\NEWYTAUTO\app\gui\frames\render_frame.py", line 361, in _run
    result = loop.run_until_complete(self._pipeline.run())
  File "C:\Program Files\WindowsApps\PythonSoftwareFoundation.Python.3.13_3.13.3568.0_x64__qbz5n2kfra8p0\Lib\asyncio\base_events.py", line 725, in run_until_complete
    return future.result()
           ~~~~~~~~~~~~~^^
  File "C:\Users\leksi\Desktop\NEWYTAUTO\app\core\pipeline.py", line 116, in run
    clips_with_durations = await self.scene_renderer.render_all_scenes(scene_progress)
                           ^^^^^^^^^^^^^^^^^^^^^^^^^^^^^^^^^^^^^^^^^^^^^^^^^^^^^^^^^^^
  File "C:\Users\leksi\Desktop\NEWYTAUTO\app\renderer\scene_renderer.py", line 359, in render_all_scenes
    result = await self.render_scene(scene, i, progress_callback)
             ^^^^^^^^^^^^^^^^^^^^^^^^^^^^^^^^^^^^^^^^^^^^^^^^^^^^
  File "C:\Users\leksi\Desktop\NEWYTAUTO\app\renderer\scene_renderer.py", line 248, in render_scene
    tts_result = await self.voice_manager.generate(
                 ^^^^^^^^^^^^^^^^^^^^^^^^^^^^^^^^^^
    ...<6 lines>...
    )
    ^
  File "C:\Users\leksi\Desktop\NEWYTAUTO\app\tts\voice_manager.py", line 154, in generate
    return await prov.generate(
           ^^^^^^^^^^^^^^^^^^^^
    ...<7 lines>...
    )
    ^
  File "C:\Users\leksi\Desktop\NEWYTAUTO\app\tts\inworld_provider.py", line 149, in generate
    async with session.post(
               ~~~~~~~~~~~~^
        f"{BASE_URL}/tts/v1/voice",
        ^^^^^^^^^^^^^^^^^^^^^^^^^^^
        headers=self._headers(),
        ^^^^^^^^^^^^^^^^^^^^^^^^
        json=payload,
        ^^^^^^^^^^^^^
    ) as resp:
    ^
  File "C:\Users\leksi\AppData\Local\Packages\PythonSoftwareFoundation.Python.3.13_qbz5n2kfra8p0\LocalCache\local-packages\Python313\site-packages\aiohttp\client.py", line 1521, in __aenter__
    self._resp: _RetType = await self._coro
                           ^^^^^^^^^^^^^^^^
  File "C:\Users\leksi\AppData\Local\Packages\PythonSoftwareFoundation.Python.3.13_qbz5n2kfra8p0\LocalCache\local-packages\Python313\site-packages\aiohttp\client.py", line 788, in _request
    resp = await handler(req)
           ^^^^^^^^^^^^^^^^^^
  File "C:\Users\leksi\AppData\Local\Packages\PythonSoftwareFoundation.Python.3.13_qbz5n2kfra8p0\LocalCache\local-packages\Python313\site-packages\aiohttp\client.py", line 742, in _connect_and_send_request
    conn = await self._connector.connect(
           ^^^^^^^^^^^^^^^^^^^^^^^^^^^^^^
        req, traces=traces, timeout=real_timeout
        ^^^^^^^^^^^^^^^^^^^^^^^^^^^^^^^^^^^^^^^^
    )
    ^
  File "C:\Users\leksi\AppData\Local\Packages\PythonSoftwareFoundation.Python.3.13_qbz5n2kfra8p0\LocalCache\local-packages\Python313\site-packages\aiohttp\connector.py", line 672, in connect
    proto = await self._create_connection(req, traces, timeout)
            ^^^^^^^^^^^^^^^^^^^^^^^^^^^^^^^^^^^^^^^^^^^^^^^^^^^
  File "C:\Users\leksi\AppData\Local\Packages\PythonSoftwareFoundation.Python.3.13_qbz5n2kfra8p0\LocalCache\local-packages\Python313\site-packages\aiohttp\connector.py", line 1251, in _create_connection
    _, proto = await self._create_direct_connection(req, traces, timeout)
               ^^^^^^^^^^^^^^^^^^^^^^^^^^^^^^^^^^^^^^^^^^^^^^^^^^^^^^^^^^
  File "C:\Users\leksi\AppData\Local\Packages\PythonSoftwareFoundation.Python.3.13_qbz5n2kfra8p0\LocalCache\local-packages\Python313\site-packages\aiohttp\connector.py", line 1580, in _create_direct_connection
    raise ClientConnectorDNSError(req.connection_key, exc) from exc
aiohttp.client_exceptions.ClientConnectorDNSError: Cannot connect to host api.inworld.ai:443 ssl:default [getaddrinfo failed]

[2026-05-23 16:00:12] [Siege of Rhodes (1522)] Render error at Image->Video (055.png): FFmpeg exited with code 3015096584
Input #0, png_pipe, from 'C:\Users\leksi\Desktop\NEWYTAUTO\images\055.png':
  Duration: N/A, bitrate: N/A
  Stream #0:0: Video: png, rgba(pc, gbr/unknown/unknown), 1376x768, 25 fps, 25 tbr, 25 tbn
[AVFilterGraph @ 000002008df201c0] No such filter: '3.172'
Error opening output file C:\Users\leksi\AppData\Local\Temp\autoscene_tmp\35854c7c32\scene_055_raw.mp4.
Error opening output files: Filter not found

Traceback (most recent call last):
  File "C:\Users\leksi\Desktop\NEWYTAUTO\app\gui\frames\render_frame.py", line 361, in _run
    result = loop.run_until_complete(self._pipeline.run())
  File "C:\Program Files\WindowsApps\PythonSoftwareFoundation.Python.3.13_3.13.3568.0_x64__qbz5n2kfra8p0\Lib\asyncio\base_events.py", line 725, in run_until_complete
    return future.result()
           ~~~~~~~~~~~~~^^
  File "C:\Users\leksi\Desktop\NEWYTAUTO\app\core\pipeline.py", line 116, in run
    clips_with_durations = await self.scene_renderer.render_all_scenes(scene_progress)
                           ^^^^^^^^^^^^^^^^^^^^^^^^^^^^^^^^^^^^^^^^^^^^^^^^^^^^^^^^^^^
  File "C:\Users\leksi\Desktop\NEWYTAUTO\app\renderer\scene_renderer.py", line 359, in render_all_scenes
    result = await self.render_scene(scene, i, progress_callback)
             ^^^^^^^^^^^^^^^^^^^^^^^^^^^^^^^^^^^^^^^^^^^^^^^^^^^^
  File "C:\Users\leksi\Desktop\NEWYTAUTO\app\renderer\scene_renderer.py", line 311, in render_scene
    await loop.run_in_executor(
    ...<9 lines>...
    )
  File "C:\Program Files\WindowsApps\PythonSoftwareFoundation.Python.3.13_3.13.3568.0_x64__qbz5n2kfra8p0\Lib\concurrent\futures\thread.py", line 59, in run
    result = self.fn(*self.args, **self.kwargs)
  File "C:\Users\leksi\Desktop\NEWYTAUTO\app\renderer\scene_renderer.py", line 313, in <lambda>
    lambda: image_to_video(
            ~~~~~~~~~~~~~~^
        image_path=scene.image,
        ^^^^^^^^^^^^^^^^^^^^^^^
    ...<4 lines>...
        overlay_filters=overlay_filters,
        ^^^^^^^^^^^^^^^^^^^^^^^^^^^^^^^^
    ),
    ^
  File "C:\Users\leksi\Desktop\NEWYTAUTO\app\ffmpeg\wrapper.py", line 159, in image_to_video
    _run_ffmpeg(args, description=f"Image->Video ({Path(image_path).name})")
    ~~~~~~~~~~~^^^^^^^^^^^^^^^^^^^^^^^^^^^^^^^^^^^^^^^^^^^^^^^^^^^^^^^^^^^^^
  File "C:\Users\leksi\Desktop\NEWYTAUTO\app\ffmpeg\wrapper.py", line 90, in _run_ffmpeg
    raise RenderError(description, f"FFmpeg exited with code {process.returncode}\n{error_text}")
app.core.exceptions.RenderError: Render error at Image->Video (055.png): FFmpeg exited with code 3015096584
Input #0, png_pipe, from 'C:\Users\leksi\Desktop\NEWYTAUTO\images\055.png':
  Duration: N/A, bitrate: N/A
  Stream #0:0: Video: png, rgba(pc, gbr/unknown/unknown), 1376x768, 25 fps, 25 tbr, 25 tbn
[AVFilterGraph @ 000002008df201c0] No such filter: '3.172'
Error opening output file C:\Users\leksi\AppData\Local\Temp\autoscene_tmp\35854c7c32\scene_055_raw.mp4.
Error opening output files: Filter not found

[2026-05-23 16:20:39] [Siege of Rhodes (1522)] Render error at Image->Video (055.png): FFmpeg exited with code 3015096584
Input #0, png_pipe, from 'C:\Users\leksi\Desktop\NEWYTAUTO\images\055.png':
  Duration: N/A, bitrate: N/A
  Stream #0:0: Video: png, rgba(pc, gbr/unknown/unknown), 1376x768, 25 fps, 25 tbr, 25 tbn
[AVFilterGraph @ 000001a32deecd40] No such filter: '0.482'
Error opening output file C:\Users\leksi\AppData\Local\Temp\autoscene_tmp\35854c7c32\scene_055_raw.mp4.
Error opening output files: Filter not found

Traceback (most recent call last):
  File "C:\Users\leksi\Desktop\NEWYTAUTO\app\gui\frames\render_frame.py", line 361, in _run
    result = loop.run_until_complete(self._pipeline.run())
  File "C:\Program Files\WindowsApps\PythonSoftwareFoundation.Python.3.13_3.13.3568.0_x64__qbz5n2kfra8p0\Lib\asyncio\base_events.py", line 725, in run_until_complete
    return future.result()
           ~~~~~~~~~~~~~^^
  File "C:\Users\leksi\Desktop\NEWYTAUTO\app\core\pipeline.py", line 116, in run
    clips_with_durations = await self.scene_renderer.render_all_scenes(scene_progress)
                           ^^^^^^^^^^^^^^^^^^^^^^^^^^^^^^^^^^^^^^^^^^^^^^^^^^^^^^^^^^^
  File "C:\Users\leksi\Desktop\NEWYTAUTO\app\renderer\scene_renderer.py", line 359, in render_all_scenes
    result = await self.render_scene(scene, i, progress_callback)
             ^^^^^^^^^^^^^^^^^^^^^^^^^^^^^^^^^^^^^^^^^^^^^^^^^^^^
  File "C:\Users\leksi\Desktop\NEWYTAUTO\app\renderer\scene_renderer.py", line 311, in render_scene
    await loop.run_in_executor(
    ...<9 lines>...
    )
  File "C:\Program Files\WindowsApps\PythonSoftwareFoundation.Python.3.13_3.13.3568.0_x64__qbz5n2kfra8p0\Lib\concurrent\futures\thread.py", line 59, in run
    result = self.fn(*self.args, **self.kwargs)
  File "C:\Users\leksi\Desktop\NEWYTAUTO\app\renderer\scene_renderer.py", line 313, in <lambda>
    lambda: image_to_video(
            ~~~~~~~~~~~~~~^
        image_path=scene.image,
        ^^^^^^^^^^^^^^^^^^^^^^^
    ...<4 lines>...
        overlay_filters=overlay_filters,
        ^^^^^^^^^^^^^^^^^^^^^^^^^^^^^^^^
    ),
    ^
  File "C:\Users\leksi\Desktop\NEWYTAUTO\app\ffmpeg\wrapper.py", line 159, in image_to_video
    _run_ffmpeg(args, description=f"Image->Video ({Path(image_path).name})")
    ~~~~~~~~~~~^^^^^^^^^^^^^^^^^^^^^^^^^^^^^^^^^^^^^^^^^^^^^^^^^^^^^^^^^^^^^
  File "C:\Users\leksi\Desktop\NEWYTAUTO\app\ffmpeg\wrapper.py", line 90, in _run_ffmpeg
    raise RenderError(description, f"FFmpeg exited with code {process.returncode}\n{error_text}")
app.core.exceptions.RenderError: Render error at Image->Video (055.png): FFmpeg exited with code 3015096584
Input #0, png_pipe, from 'C:\Users\leksi\Desktop\NEWYTAUTO\images\055.png':
  Duration: N/A, bitrate: N/A
  Stream #0:0: Video: png, rgba(pc, gbr/unknown/unknown), 1376x768, 25 fps, 25 tbr, 25 tbn
[AVFilterGraph @ 000001a32deecd40] No such filter: '0.482'
Error opening output file C:\Users\leksi\AppData\Local\Temp\autoscene_tmp\35854c7c32\scene_055_raw.mp4.
Error opening output files: Filter not found

[2026-05-23 17:06:11] [Siege of Rhodes (1522)] Render error at Image->Video (055.png): FFmpeg exited with code 3015096584
Input #0, png_pipe, from 'C:\Users\leksi\Desktop\NEWYTAUTO\images\055.png':
  Duration: N/A, bitrate: N/A
  Stream #0:0: Video: png, rgba(pc, gbr/unknown/unknown), 1376x768, 25 fps, 25 tbr, 25 tbn
[AVFilterGraph @ 00000149289414c0] No such filter: '0.482'
Error opening output file C:\Users\leksi\AppData\Local\Temp\autoscene_tmp\35854c7c32\scene_055_raw.mp4.
Error opening output files: Filter not found

Traceback (most recent call last):
  File "C:\Users\leksi\Desktop\NEWYTAUTO\app\gui\frames\render_frame.py", line 361, in _run
    result = loop.run_until_complete(self._pipeline.run())
  File "C:\Program Files\WindowsApps\PythonSoftwareFoundation.Python.3.13_3.13.3568.0_x64__qbz5n2kfra8p0\Lib\asyncio\base_events.py", line 725, in run_until_complete
    return future.result()
           ~~~~~~~~~~~~~^^
  File "C:\Users\leksi\Desktop\NEWYTAUTO\app\core\pipeline.py", line 116, in run
    clips_with_durations = await self.scene_renderer.render_all_scenes(scene_progress)
                           ^^^^^^^^^^^^^^^^^^^^^^^^^^^^^^^^^^^^^^^^^^^^^^^^^^^^^^^^^^^
  File "C:\Users\leksi\Desktop\NEWYTAUTO\app\renderer\scene_renderer.py", line 359, in render_all_scenes
  File "C:\Users\leksi\Desktop\NEWYTAUTO\app\renderer\scene_renderer.py", line 311, in render_scene
                str(font_path), cfg.overlay_font_size, cfg.overlay_type_duration,
                ^^^^^^^^^^^^^^^^^^^^^^^^^^^^^^^^^^^^^^^^^^^^^^^^^^^^^^^^^^^^^^^^^
    ...<9 lines>...
    await loop.run_in_executor(
    ^
  File "C:\Program Files\WindowsApps\PythonSoftwareFoundation.Python.3.13_3.13.3568.0_x64__qbz5n2kfra8p0\Lib\concurrent\futures\thread.py", line 59, in run
    result = self.fn(*self.args, **self.kwargs)
  File "C:\Users\leksi\Desktop\NEWYTAUTO\app\renderer\scene_renderer.py", line 313, in <lambda>
            sfx_path     = _find_sfx(self.project.project_dir)
                ^^^^^^^^^^^^^^^^^^^^^^^^^^^^^^^^^^^^^^^^^^^^^^
    ...<6 lines>...
    loop = asyncio.get_event_loop()
    ^^^^^
  File "C:\Users\leksi\Desktop\NEWYTAUTO\app\ffmpeg\wrapper.py", line 159, in image_to_video
    _run_ffmpeg(args, description=f"Image->Video ({Path(image_path).name})")
    ~~~~~~~~~~~^^^^^^^^^^^^^^^^^^^^^^^^^^^^^^^^^^^^^^^^^^^^^^^^^^^^^^^^^^^^^
  File "C:\Users\leksi\Desktop\NEWYTAUTO\app\ffmpeg\wrapper.py", line 90, in _run_ffmpeg
    raise RenderError(description, f"FFmpeg exited with code {process.returncode}\n{error_text}")
app.core.exceptions.RenderError: Render error at Image->Video (055.png): FFmpeg exited with code 3015096584
Input #0, png_pipe, from 'C:\Users\leksi\Desktop\NEWYTAUTO\images\055.png':
  Duration: N/A, bitrate: N/A
  Stream #0:0: Video: png, rgba(pc, gbr/unknown/unknown), 1376x768, 25 fps, 25 tbr, 25 tbn
[AVFilterGraph @ 00000149289414c0] No such filter: '0.482'
Error opening output file C:\Users\leksi\AppData\Local\Temp\autoscene_tmp\35854c7c32\scene_055_raw.mp4.
Error opening output files: Filter not found

[2026-05-23 17:28:52] [Siege of Rhodes (1522)] Cannot connect to host api.inworld.ai:443 ssl:default [getaddrinfo failed]
Traceback (most recent call last):
  File "C:\Users\leksi\AppData\Local\Packages\PythonSoftwareFoundation.Python.3.13_qbz5n2kfra8p0\LocalCache\local-packages\Python313\site-packages\aiohttp\connector.py", line 1574, in _create_direct_connection
    hosts = await self._resolve_host(host, port, traces=traces)
            ^^^^^^^^^^^^^^^^^^^^^^^^^^^^^^^^^^^^^^^^^^^^^^^^^^^
  File "C:\Users\leksi\AppData\Local\Packages\PythonSoftwareFoundation.Python.3.13_qbz5n2kfra8p0\LocalCache\local-packages\Python313\site-packages\aiohttp\connector.py", line 1190, in _resolve_host
    return await asyncio.shield(resolved_host_task)
           ^^^^^^^^^^^^^^^^^^^^^^^^^^^^^^^^^^^^^^^^
  File "C:\Users\leksi\AppData\Local\Packages\PythonSoftwareFoundation.Python.3.13_qbz5n2kfra8p0\LocalCache\local-packages\Python313\site-packages\aiohttp\connector.py", line 1221, in _resolve_host_with_throttle
    addrs = await self._resolver.resolve(host, port, family=self._family)
            ^^^^^^^^^^^^^^^^^^^^^^^^^^^^^^^^^^^^^^^^^^^^^^^^^^^^^^^^^^^^^
  File "C:\Users\leksi\AppData\Local\Packages\PythonSoftwareFoundation.Python.3.13_qbz5n2kfra8p0\LocalCache\local-packages\Python313\site-packages\aiohttp\resolver.py", line 40, in resolve
    infos = await self._loop.getaddrinfo(
            ^^^^^^^^^^^^^^^^^^^^^^^^^^^^^
    ...<5 lines>...
    )
    ^
  File "C:\Program Files\WindowsApps\PythonSoftwareFoundation.Python.3.13_3.13.3568.0_x64__qbz5n2kfra8p0\Lib\asyncio\base_events.py", line 939, in getaddrinfo
    return await self.run_in_executor(
           ^^^^^^^^^^^^^^^^^^^^^^^^^^^
        None, getaddr_func, host, port, family, type, proto, flags)
        ^^^^^^^^^^^^^^^^^^^^^^^^^^^^^^^^^^^^^^^^^^^^^^^^^^^^^^^^^^^
  File "C:\Program Files\WindowsApps\PythonSoftwareFoundation.Python.3.13_3.13.3568.0_x64__qbz5n2kfra8p0\Lib\concurrent\futures\thread.py", line 59, in run
    result = self.fn(*self.args, **self.kwargs)
  File "C:\Program Files\WindowsApps\PythonSoftwareFoundation.Python.3.13_3.13.3568.0_x64__qbz5n2kfra8p0\Lib\socket.py", line 977, in getaddrinfo
    for res in _socket.getaddrinfo(host, port, family, type, proto, flags):
               ~~~~~~~~~~~~~~~~~~~^^^^^^^^^^^^^^^^^^^^^^^^^^^^^^^^^^^^^^^^
socket.gaierror: [Errno 11002] getaddrinfo failed

The above exception was the direct cause of the following exception:

Traceback (most recent call last):
  File "C:\Users\leksi\Desktop\NEWYTAUTO\app\gui\frames\render_frame.py", line 361, in _run
    result = loop.run_until_complete(self._pipeline.run())
  File "C:\Program Files\WindowsApps\PythonSoftwareFoundation.Python.3.13_3.13.3568.0_x64__qbz5n2kfra8p0\Lib\asyncio\base_events.py", line 725, in run_until_complete
    return future.result()
           ~~~~~~~~~~~~~^^
  File "C:\Users\leksi\Desktop\NEWYTAUTO\app\core\pipeline.py", line 116, in run
    clips_with_durations = await self.scene_renderer.render_all_scenes(scene_progress)
                           ^^^^^^^^^^^^^^^^^^^^^^^^^^^^^^^^^^^^^^^^^^^^^^^^^^^^^^^^^^^
  File "C:\Users\leksi\Desktop\NEWYTAUTO\app\renderer\scene_renderer.py", line 369, in render_all_scenes
    result = await self.render_scene(scene, i, progress_callback)
             ^^^^^^^^^^^^^^^^^^^^^^^^^^^^^^^^^^^^^^^^^^^^^^^^^^^^
  File "C:\Users\leksi\Desktop\NEWYTAUTO\app\renderer\scene_renderer.py", line 258, in render_scene
    tts_result = await self.voice_manager.generate(
                 ^^^^^^^^^^^^^^^^^^^^^^^^^^^^^^^^^^
    ...<6 lines>...
    )
    ^
  File "C:\Users\leksi\Desktop\NEWYTAUTO\app\tts\voice_manager.py", line 154, in generate
    return await prov.generate(
           ^^^^^^^^^^^^^^^^^^^^
    ...<7 lines>...
    )
    ^
  File "C:\Users\leksi\Desktop\NEWYTAUTO\app\tts\inworld_provider.py", line 149, in generate
    async with session.post(
               ~~~~~~~~~~~~^
        f"{BASE_URL}/tts/v1/voice",
        ^^^^^^^^^^^^^^^^^^^^^^^^^^^
        headers=self._headers(),
        ^^^^^^^^^^^^^^^^^^^^^^^^
        json=payload,
        ^^^^^^^^^^^^^
    ) as resp:
    ^
  File "C:\Users\leksi\AppData\Local\Packages\PythonSoftwareFoundation.Python.3.13_qbz5n2kfra8p0\LocalCache\local-packages\Python313\site-packages\aiohttp\client.py", line 1521, in __aenter__
    self._resp: _RetType = await self._coro
                           ^^^^^^^^^^^^^^^^
  File "C:\Users\leksi\AppData\Local\Packages\PythonSoftwareFoundation.Python.3.13_qbz5n2kfra8p0\LocalCache\local-packages\Python313\site-packages\aiohttp\client.py", line 788, in _request
    resp = await handler(req)
           ^^^^^^^^^^^^^^^^^^
  File "C:\Users\leksi\AppData\Local\Packages\PythonSoftwareFoundation.Python.3.13_qbz5n2kfra8p0\LocalCache\local-packages\Python313\site-packages\aiohttp\client.py", line 742, in _connect_and_send_request
    conn = await self._connector.connect(
           ^^^^^^^^^^^^^^^^^^^^^^^^^^^^^^
        req, traces=traces, timeout=real_timeout
        ^^^^^^^^^^^^^^^^^^^^^^^^^^^^^^^^^^^^^^^^
    )
    ^
  File "C:\Users\leksi\AppData\Local\Packages\PythonSoftwareFoundation.Python.3.13_qbz5n2kfra8p0\LocalCache\local-packages\Python313\site-packages\aiohttp\connector.py", line 672, in connect
    proto = await self._create_connection(req, traces, timeout)
            ^^^^^^^^^^^^^^^^^^^^^^^^^^^^^^^^^^^^^^^^^^^^^^^^^^^
  File "C:\Users\leksi\AppData\Local\Packages\PythonSoftwareFoundation.Python.3.13_qbz5n2kfra8p0\LocalCache\local-packages\Python313\site-packages\aiohttp\connector.py", line 1251, in _create_connection
    _, proto = await self._create_direct_connection(req, traces, timeout)
               ^^^^^^^^^^^^^^^^^^^^^^^^^^^^^^^^^^^^^^^^^^^^^^^^^^^^^^^^^^
  File "C:\Users\leksi\AppData\Local\Packages\PythonSoftwareFoundation.Python.3.13_qbz5n2kfra8p0\LocalCache\local-packages\Python313\site-packages\aiohttp\connector.py", line 1580, in _create_direct_connection
    raise ClientConnectorDNSError(req.connection_key, exc) from exc
aiohttp.client_exceptions.ClientConnectorDNSError: Cannot connect to host api.inworld.ai:443 ssl:default [getaddrinfo failed]

[2026-05-23 21:50:24] [Siege of Rhodes (1522)] Cannot connect to host api.inworld.ai:443 ssl:default [getaddrinfo failed]
Traceback (most recent call last):
  File "C:\Users\leksi\AppData\Local\Packages\PythonSoftwareFoundation.Python.3.13_qbz5n2kfra8p0\LocalCache\local-packages\Python313\site-packages\aiohttp\connector.py", line 1574, in _create_direct_connection
    hosts = await self._resolve_host(host, port, traces=traces)
            ^^^^^^^^^^^^^^^^^^^^^^^^^^^^^^^^^^^^^^^^^^^^^^^^^^^
  File "C:\Users\leksi\AppData\Local\Packages\PythonSoftwareFoundation.Python.3.13_qbz5n2kfra8p0\LocalCache\local-packages\Python313\site-packages\aiohttp\connector.py", line 1190, in _resolve_host
    return await asyncio.shield(resolved_host_task)
           ^^^^^^^^^^^^^^^^^^^^^^^^^^^^^^^^^^^^^^^^
  File "C:\Users\leksi\AppData\Local\Packages\PythonSoftwareFoundation.Python.3.13_qbz5n2kfra8p0\LocalCache\local-packages\Python313\site-packages\aiohttp\connector.py", line 1221, in _resolve_host_with_throttle
    addrs = await self._resolver.resolve(host, port, family=self._family)
            ^^^^^^^^^^^^^^^^^^^^^^^^^^^^^^^^^^^^^^^^^^^^^^^^^^^^^^^^^^^^^
  File "C:\Users\leksi\AppData\Local\Packages\PythonSoftwareFoundation.Python.3.13_qbz5n2kfra8p0\LocalCache\local-packages\Python313\site-packages\aiohttp\resolver.py", line 40, in resolve
    infos = await self._loop.getaddrinfo(
            ^^^^^^^^^^^^^^^^^^^^^^^^^^^^^
    ...<5 lines>...
    )
    ^
  File "C:\Program Files\WindowsApps\PythonSoftwareFoundation.Python.3.13_3.13.3568.0_x64__qbz5n2kfra8p0\Lib\asyncio\base_events.py", line 939, in getaddrinfo
    return await self.run_in_executor(
           ^^^^^^^^^^^^^^^^^^^^^^^^^^^
        None, getaddr_func, host, port, family, type, proto, flags)
        ^^^^^^^^^^^^^^^^^^^^^^^^^^^^^^^^^^^^^^^^^^^^^^^^^^^^^^^^^^^
  File "C:\Program Files\WindowsApps\PythonSoftwareFoundation.Python.3.13_3.13.3568.0_x64__qbz5n2kfra8p0\Lib\concurrent\futures\thread.py", line 59, in run
    result = self.fn(*self.args, **self.kwargs)
  File "C:\Program Files\WindowsApps\PythonSoftwareFoundation.Python.3.13_3.13.3568.0_x64__qbz5n2kfra8p0\Lib\socket.py", line 977, in getaddrinfo
    for res in _socket.getaddrinfo(host, port, family, type, proto, flags):
               ~~~~~~~~~~~~~~~~~~~^^^^^^^^^^^^^^^^^^^^^^^^^^^^^^^^^^^^^^^^
socket.gaierror: [Errno 11002] getaddrinfo failed

The above exception was the direct cause of the following exception:

Traceback (most recent call last):
  File "C:\Users\leksi\Desktop\NEWYTAUTO\app\gui\frames\render_frame.py", line 361, in _run
    result = loop.run_until_complete(self._pipeline.run())
  File "C:\Program Files\WindowsApps\PythonSoftwareFoundation.Python.3.13_3.13.3568.0_x64__qbz5n2kfra8p0\Lib\asyncio\base_events.py", line 725, in run_until_complete
    return future.result()
           ~~~~~~~~~~~~~^^
  File "C:\Users\leksi\Desktop\NEWYTAUTO\app\core\pipeline.py", line 116, in run
    clips_with_durations = await self.scene_renderer.render_all_scenes(scene_progress)
                           ^^^^^^^^^^^^^^^^^^^^^^^^^^^^^^^^^^^^^^^^^^^^^^^^^^^^^^^^^^^
  File "C:\Users\leksi\Desktop\NEWYTAUTO\app\renderer\scene_renderer.py", line 368, in render_all_scenes
    result = await self.render_scene(scene, i, progress_callback)
             ^^^^^^^^^^^^^^^^^^^^^^^^^^^^^^^^^^^^^^^^^^^^^^^^^^^^
  File "C:\Users\leksi\Desktop\NEWYTAUTO\app\renderer\scene_renderer.py", line 257, in render_scene
    tts_result = await self.voice_manager.generate(
                 ^^^^^^^^^^^^^^^^^^^^^^^^^^^^^^^^^^
    ...<6 lines>...
    )
    ^
  File "C:\Users\leksi\Desktop\NEWYTAUTO\app\tts\voice_manager.py", line 154, in generate
    return await prov.generate(
           ^^^^^^^^^^^^^^^^^^^^
    ...<7 lines>...
    )
    ^
  File "C:\Users\leksi\Desktop\NEWYTAUTO\app\tts\inworld_provider.py", line 149, in generate
    async with session.post(
               ~~~~~~~~~~~~^
        f"{BASE_URL}/tts/v1/voice",
        ^^^^^^^^^^^^^^^^^^^^^^^^^^^
        headers=self._headers(),
        ^^^^^^^^^^^^^^^^^^^^^^^^
        json=payload,
        ^^^^^^^^^^^^^
    ) as resp:
    ^
  File "C:\Users\leksi\AppData\Local\Packages\PythonSoftwareFoundation.Python.3.13_qbz5n2kfra8p0\LocalCache\local-packages\Python313\site-packages\aiohttp\client.py", line 1521, in __aenter__
    self._resp: _RetType = await self._coro
                           ^^^^^^^^^^^^^^^^
  File "C:\Users\leksi\AppData\Local\Packages\PythonSoftwareFoundation.Python.3.13_qbz5n2kfra8p0\LocalCache\local-packages\Python313\site-packages\aiohttp\client.py", line 788, in _request
    resp = await handler(req)
           ^^^^^^^^^^^^^^^^^^
  File "C:\Users\leksi\AppData\Local\Packages\PythonSoftwareFoundation.Python.3.13_qbz5n2kfra8p0\LocalCache\local-packages\Python313\site-packages\aiohttp\client.py", line 742, in _connect_and_send_request
    conn = await self._connector.connect(
           ^^^^^^^^^^^^^^^^^^^^^^^^^^^^^^
        req, traces=traces, timeout=real_timeout
        ^^^^^^^^^^^^^^^^^^^^^^^^^^^^^^^^^^^^^^^^
    )
    ^
  File "C:\Users\leksi\AppData\Local\Packages\PythonSoftwareFoundation.Python.3.13_qbz5n2kfra8p0\LocalCache\local-packages\Python313\site-packages\aiohttp\connector.py", line 672, in connect
    proto = await self._create_connection(req, traces, timeout)
            ^^^^^^^^^^^^^^^^^^^^^^^^^^^^^^^^^^^^^^^^^^^^^^^^^^^
  File "C:\Users\leksi\AppData\Local\Packages\PythonSoftwareFoundation.Python.3.13_qbz5n2kfra8p0\LocalCache\local-packages\Python313\site-packages\aiohttp\connector.py", line 1251, in _create_connection
    _, proto = await self._create_direct_connection(req, traces, timeout)
               ^^^^^^^^^^^^^^^^^^^^^^^^^^^^^^^^^^^^^^^^^^^^^^^^^^^^^^^^^^
  File "C:\Users\leksi\AppData\Local\Packages\PythonSoftwareFoundation.Python.3.13_qbz5n2kfra8p0\LocalCache\local-packages\Python313\site-packages\aiohttp\connector.py", line 1580, in _create_direct_connection
    raise ClientConnectorDNSError(req.connection_key, exc) from exc
aiohttp.client_exceptions.ClientConnectorDNSError: Cannot connect to host api.inworld.ai:443 ssl:default [getaddrinfo failed]

[2026-05-23 21:52:22] [Siege of Rhodes (1522)] Cannot connect to host api.inworld.ai:443 ssl:default [getaddrinfo failed]
Traceback (most recent call last):
  File "C:\Users\leksi\AppData\Local\Packages\PythonSoftwareFoundation.Python.3.13_qbz5n2kfra8p0\LocalCache\local-packages\Python313\site-packages\aiohttp\connector.py", line 1574, in _create_direct_connection
    hosts = await self._resolve_host(host, port, traces=traces)
            ^^^^^^^^^^^^^^^^^^^^^^^^^^^^^^^^^^^^^^^^^^^^^^^^^^^
  File "C:\Users\leksi\AppData\Local\Packages\PythonSoftwareFoundation.Python.3.13_qbz5n2kfra8p0\LocalCache\local-packages\Python313\site-packages\aiohttp\connector.py", line 1190, in _resolve_host
    return await asyncio.shield(resolved_host_task)
           ^^^^^^^^^^^^^^^^^^^^^^^^^^^^^^^^^^^^^^^^
  File "C:\Users\leksi\AppData\Local\Packages\PythonSoftwareFoundation.Python.3.13_qbz5n2kfra8p0\LocalCache\local-packages\Python313\site-packages\aiohttp\connector.py", line 1221, in _resolve_host_with_throttle
    addrs = await self._resolver.resolve(host, port, family=self._family)
            ^^^^^^^^^^^^^^^^^^^^^^^^^^^^^^^^^^^^^^^^^^^^^^^^^^^^^^^^^^^^^
  File "C:\Users\leksi\AppData\Local\Packages\PythonSoftwareFoundation.Python.3.13_qbz5n2kfra8p0\LocalCache\local-packages\Python313\site-packages\aiohttp\resolver.py", line 40, in resolve
    infos = await self._loop.getaddrinfo(
            ^^^^^^^^^^^^^^^^^^^^^^^^^^^^^
    ...<5 lines>...
    )
    ^
  File "C:\Program Files\WindowsApps\PythonSoftwareFoundation.Python.3.13_3.13.3568.0_x64__qbz5n2kfra8p0\Lib\asyncio\base_events.py", line 939, in getaddrinfo
    return await self.run_in_executor(
           ^^^^^^^^^^^^^^^^^^^^^^^^^^^
        None, getaddr_func, host, port, family, type, proto, flags)
        ^^^^^^^^^^^^^^^^^^^^^^^^^^^^^^^^^^^^^^^^^^^^^^^^^^^^^^^^^^^
  File "C:\Program Files\WindowsApps\PythonSoftwareFoundation.Python.3.13_3.13.3568.0_x64__qbz5n2kfra8p0\Lib\concurrent\futures\thread.py", line 59, in run
    result = self.fn(*self.args, **self.kwargs)
  File "C:\Program Files\WindowsApps\PythonSoftwareFoundation.Python.3.13_3.13.3568.0_x64__qbz5n2kfra8p0\Lib\socket.py", line 977, in getaddrinfo
    for res in _socket.getaddrinfo(host, port, family, type, proto, flags):
               ~~~~~~~~~~~~~~~~~~~^^^^^^^^^^^^^^^^^^^^^^^^^^^^^^^^^^^^^^^^
socket.gaierror: [Errno 11002] getaddrinfo failed

The above exception was the direct cause of the following exception:

Traceback (most recent call last):
  File "C:\Users\leksi\Desktop\NEWYTAUTO\app\gui\frames\render_frame.py", line 361, in _run
    result = loop.run_until_complete(self._pipeline.run())
  File "C:\Program Files\WindowsApps\PythonSoftwareFoundation.Python.3.13_3.13.3568.0_x64__qbz5n2kfra8p0\Lib\asyncio\base_events.py", line 725, in run_until_complete
    return future.result()
           ~~~~~~~~~~~~~^^
  File "C:\Users\leksi\Desktop\NEWYTAUTO\app\core\pipeline.py", line 116, in run
    clips_with_durations = await self.scene_renderer.render_all_scenes(scene_progress)
                           ^^^^^^^^^^^^^^^^^^^^^^^^^^^^^^^^^^^^^^^^^^^^^^^^^^^^^^^^^^^
  File "C:\Users\leksi\Desktop\NEWYTAUTO\app\renderer\scene_renderer.py", line 368, in render_all_scenes
    result = await self.render_scene(scene, i, progress_callback)
             ^^^^^^^^^^^^^^^^^^^^^^^^^^^^^^^^^^^^^^^^^^^^^^^^^^^^
  File "C:\Users\leksi\Desktop\NEWYTAUTO\app\renderer\scene_renderer.py", line 257, in render_scene
    tts_result = await self.voice_manager.generate(
                 ^^^^^^^^^^^^^^^^^^^^^^^^^^^^^^^^^^
    ...<6 lines>...
    )
    ^
  File "C:\Users\leksi\Desktop\NEWYTAUTO\app\tts\voice_manager.py", line 154, in generate
    return await prov.generate(
           ^^^^^^^^^^^^^^^^^^^^
    ...<7 lines>...
    )
    ^
  File "C:\Users\leksi\Desktop\NEWYTAUTO\app\tts\inworld_provider.py", line 149, in generate
    async with session.post(
               ~~~~~~~~~~~~^
        f"{BASE_URL}/tts/v1/voice",
        ^^^^^^^^^^^^^^^^^^^^^^^^^^^
        headers=self._headers(),
        ^^^^^^^^^^^^^^^^^^^^^^^^
        json=payload,
        ^^^^^^^^^^^^^
    ) as resp:
    ^
  File "C:\Users\leksi\AppData\Local\Packages\PythonSoftwareFoundation.Python.3.13_qbz5n2kfra8p0\LocalCache\local-packages\Python313\site-packages\aiohttp\client.py", line 1521, in __aenter__
    self._resp: _RetType = await self._coro
                           ^^^^^^^^^^^^^^^^
  File "C:\Users\leksi\AppData\Local\Packages\PythonSoftwareFoundation.Python.3.13_qbz5n2kfra8p0\LocalCache\local-packages\Python313\site-packages\aiohttp\client.py", line 788, in _request
    resp = await handler(req)
           ^^^^^^^^^^^^^^^^^^
  File "C:\Users\leksi\AppData\Local\Packages\PythonSoftwareFoundation.Python.3.13_qbz5n2kfra8p0\LocalCache\local-packages\Python313\site-packages\aiohttp\client.py", line 742, in _connect_and_send_request
    conn = await self._connector.connect(
           ^^^^^^^^^^^^^^^^^^^^^^^^^^^^^^
        req, traces=traces, timeout=real_timeout
        ^^^^^^^^^^^^^^^^^^^^^^^^^^^^^^^^^^^^^^^^
    )
    ^
  File "C:\Users\leksi\AppData\Local\Packages\PythonSoftwareFoundation.Python.3.13_qbz5n2kfra8p0\LocalCache\local-packages\Python313\site-packages\aiohttp\connector.py", line 672, in connect
    proto = await self._create_connection(req, traces, timeout)
            ^^^^^^^^^^^^^^^^^^^^^^^^^^^^^^^^^^^^^^^^^^^^^^^^^^^
  File "C:\Users\leksi\AppData\Local\Packages\PythonSoftwareFoundation.Python.3.13_qbz5n2kfra8p0\LocalCache\local-packages\Python313\site-packages\aiohttp\connector.py", line 1251, in _create_connection
    _, proto = await self._create_direct_connection(req, traces, timeout)
               ^^^^^^^^^^^^^^^^^^^^^^^^^^^^^^^^^^^^^^^^^^^^^^^^^^^^^^^^^^
  File "C:\Users\leksi\AppData\Local\Packages\PythonSoftwareFoundation.Python.3.13_qbz5n2kfra8p0\LocalCache\local-packages\Python313\site-packages\aiohttp\connector.py", line 1580, in _create_direct_connection
    raise ClientConnectorDNSError(req.connection_key, exc) from exc
aiohttp.client_exceptions.ClientConnectorDNSError: Cannot connect to host api.inworld.ai:443 ssl:default [getaddrinfo failed]

[2026-05-24 16:38:05] [Battle of Yarmouk] Render error at Image->Video (022.png): FFmpeg exited with code 4294967274
Input #0, png_pipe, from 'C:\Users\leksi\Desktop\NEWYTAUTO\images\022.png':
  Duration: N/A, bitrate: N/A
  Stream #0:0: Video: png, rgba(pc, gbr/unknown/unknown), 1376x768, 25 fps, 25 tbr, 25 tbn
[AVFilterGraph @ 000001e91640c600] No option name near ':fontsize=130:fontcolor=white:x=80:y=(h-130)/2:enable=between(t,1.182,1.241):shadowcolor=black@0.9:shadowx=4:shadowy=4'
[AVFilterGraph @ 000001e91640c600] Error parsing a filter description around: ,drawtext=fontfile='C\:/Users/leksi/Desktop/NEWYTAUTO/font/Tox Typewriter.ttf':text=Byzantine Force\: :fontsize=130:fontcolor=white:x=80:y=(h-130)/2:enable='between(t,1.241,1.300)':shadowcolor=black@0.9:shadowx=4:shadowy=4,drawtext=fontfile='C\:/Users/leksi/Desktop/NEWYTAUTO/font/Tox Typewriter.ttf':text=Byzantine Force\: U:fontsize=130:fontcolor=white:x=80:y=(h-130)/2:enable='between(t,1.300,1.359)':shadowcolor=black@0.9:shadowx=4:shadowy=4,drawtext=fontfile='C\:/Users/leksi/Desktop/NEWYTAUTO/font/Tox Typewriter.ttf':text=Byzantine Force\: Up:fontsize=130:fontcolor=white:x=80:y=(h-130)/2:enable='between(t,1.359,1.418)':shadowcolor=black@0.9:shadowx=4:shadowy=4,drawtext=fontfile='C\:/Users/leksi/Desktop/NEWYTAUTO/font/Tox Typewriter.ttf':text=Byzantine Force\: Up :fontsize=130:fontcolor=white:x=80:y=(h-130)/2:enable='between(t,1.418,1.476)':shadowcolor=black@0.9:shadowx=4:shadowy=4,drawtext=fontfile='C\:/Users/leksi/Desktop/NEWYTAUTO/font/Tox Typewriter.ttf':text=Byzantine Force\: Up t:fontsize=130:fontcolor=white:x=80:y=(h-130)/2:enable='between(t,1.476,1.535)':shadowcolor=black@0.9:shadowx=4:shadowy=4,drawtext=fontfile='C\:/Users/leksi/Desktop/NEWYTAUTO/font/Tox Typewriter.ttf':text=Byzantine Force\: Up to:fontsize=130:fontcolor=white:x=80:y=(h-130)/2:enable='between(t,1.535,1.594)':shadowcolor=black@0.9:shadowx=4:shadowy=4,drawtext=fontfile='C\:/Users/leksi/Desktop/NEWYTAUTO/font/Tox Typewriter.ttf':text=Byzantine Force\: Up to :fontsize=130:fontcolor=white:x=80:y=(h-130)/2:enable='between(t,1.594,1.653)':shadowcolor=black@0.9:shadowx=4:shadowy=4,drawtext=fontfile='C\:/Users/leksi/Desktop/NEWYTAUTO/font/Tox Typewriter.ttf':text=Byzantine Force\: Up to 1:fontsize=130:fontcolor=white:x=80:y=(h-130)/2:enable='between(t,1.653,1.712)':shadowcolor=black@0.9:shadowx=4:shadowy=4,drawtext=fontfile='C\:/Users/leksi/Desktop/NEWYTAUTO/font/Tox Typewriter.ttf':text=Byzantine Force\: Up to 15:fontsize=130:fontcolor=white:x=80:y=(h-130)/2:enable='between(t,1.712,1.771)':shadowcolor=black@0.9:shadowx=4:shadowy=4,drawtext=fontfile='C\:/Users/leksi/Desktop/NEWYTAUTO/font/Tox Typewriter.ttf':text=Byzantine Force\: Up to 150:fontsize=130:fontcolor=white:x=80:y=(h-130)/2:enable='between(t,1.771,1.829)':shadowcolor=black@0.9:shadowx=4:shadowy=4,drawtext=fontfile='C\:/Users/leksi/Desktop/NEWYTAUTO/font/Tox Typewriter.ttf':text=Byzantine Force\: Up to 150\,:fontsize=130:fontcolor=white:x=80:y=(h-130)/2:enable='between(t,1.829,1.888)':shadowcolor=black@0.9:shadowx=4:shadowy=4,drawtext=fontfile='C\:/Users/leksi/Desktop/NEWYTAUTO/font/Tox Typewriter.ttf':text=Byzantine Force\: Up to 150\,0:fontsize=130:fontcolor=white:x=80:y=(h-130)/2:enable='between(t,1.888,1.947)':shadowcolor=black@0.9:shadowx=4:shadowy=4,drawtext=fontfile='C\:/Users/leksi/Desktop/NEWYTAUTO/font/Tox Typewriter.ttf':text=Byzantine Force\: Up to 150\,00:fontsize=130:fontcolor=white:x=80:y=(h-130)/2:enable='between(t,1.947,2.006)':shadowcolor=black@0.9:shadowx=4:shadowy=4,drawtext=fontfile='C\:/Users/leksi/Desktop/NEWYTAUTO/font/Tox Typewriter.ttf':text=Byzantine Force\: Up to 150\,000:fontsize=130:fontcolor=white:x=80:y=(h-130)/2:enable='between(t,2.006,2.065)':shadowcolor=black@0.9:shadowx=4:shadowy=4,drawtext=fontfile='C\:/Users/leksi/Desktop/NEWYTAUTO/font/Tox Typewriter.ttf':text=Byzantine Force\: Up to 150\,000 :fontsize=130:fontcolor=white:x=80:y=(h-130)/2:enable='between(t,2.065,2.124)':shadowcolor=black@0.9:shadowx=4:shadowy=4,drawtext=fontfile='C\:/Users/leksi/Desktop/NEWYTAUTO/font/Tox Typewriter.ttf':text=Byzantine Force\: Up to 150\,000 M:fontsize=130:fontcolor=white:x=80:y=(h-130)/2:enable='between(t,2.124,2.182)':shadowcolor=black@0.9:shadowx=4:shadowy=4,drawtext=fontfile='C\:/Users/leksi/Desktop/NEWYTAUTO/font/Tox Typewriter.ttf':text=Byzantine Force\: Up to 150\,000 Me:fontsize=130:fontcolor=white:x=80:y=(h-130)/2:enable='between(t,2.182,2.241)':shadowcolor=black@0.9:shadowx=4:shadowy=4,drawtext=fontfile='C\:/Users/leksi/Desktop/NEWYTAUTO/font/Tox Typewriter.ttf':text=Byzantine Force\: Up to 150\,000 Men:fontsize=130:fontcolor=white:x=80:y=(h-130)/2:enable='between(t,2.241,3.300)':shadowcolor=black@0.9:shadowx=4:shadowy=4
[AVFilterGraph @ 000001e91640c600] Error parsing filterchain 'scale=3840:2160:force_original_aspect_ratio=increase,crop=3840:2160,zoompan=z='if(eq(on,1),1.08,max(1.0,zoom-0.08/185))':d=185:x='iw/2-(iw/zoom/2)':y='ih/2-(ih/zoom/2)':s=1920x1080:fps=30,drawtext=fontfile='C\:/Users/leksi/Desktop/NEWYTAUTO/font/Tox Typewriter.ttf':text=B:fontsize=130:fontcolor=white:x=80:y=(h-130)/2:enable='between(t,0.300,0.359)':shadowcolor=black@0.9:shadowx=4:shadowy=4,drawtext=fontfile='C\:/Users/leksi/Desktop/NEWYTAUTO/font/Tox Typewriter.ttf':text=By:fontsize=130:fontcolor=white:x=80:y=(h-130)/2:enable='between(t,0.359,0.418)':shadowcolor=black@0.9:shadowx=4:shadowy=4,drawtext=fontfile='C\:/Users/leksi/Desktop/NEWYTAUTO/font/Tox Typewriter.ttf':text=Byz:fontsize=130:fontcolor=white:x=80:y=(h-130)/2:enable='between(t,0.418,0.476)':shadowcolor=black@0.9:shadowx=4:shadowy=4,drawtext=fontfile='C\:/Users/leksi/Desktop/NEWYTAUTO/font/Tox Typewriter.ttf':text=Byza:fontsize=130:fontcolor=white:x=80:y=(h-130)/2:enable='between(t,0.476,0.535)':shadowcolor=black@0.9:shadowx=4:shadowy=4,drawtext=fontfile='C\:/Users/leksi/Desktop/NEWYTAUTO/font/Tox Typewriter.ttf':text=Byzan:fontsize=130:fontcolor=white:x=80:y=(h-130)/2:enable='between(t,0.535,0.594)':shadowcolor=black@0.9:shadowx=4:shadowy=4,drawtext=fontfile='C\:/Users/leksi/Desktop/NEWYTAUTO/font/Tox Typewriter.ttf':text=Byzant:fontsize=130:fontcolor=white:x=80:y=(h-130)/2:enable='between(t,0.594,0.653)':shadowcolor=black@0.9:shadowx=4:shadowy=4,drawtext=fontfile='C\:/Users/leksi/Desktop/NEWYTAUTO/font/Tox Typewriter.ttf':text=Byzanti:fontsize=130:fontcolor=white:x=80:y=(h-130)/2:enable='between(t,0.653,0.712)':shadowcolor=black@0.9:shadowx=4:shadowy=4,drawtext=fontfile='C\:/Users/leksi/Desktop/NEWYTAUTO/font/Tox Typewriter.ttf':text=Byzantin:fontsize=130:fontcolor=white:x=80:y=(h-130)/2:enable='between(t,0.712,0.771)':shadowcolor=black@0.9:shadowx=4:shadowy=4,drawtext=fontfile='C\:/Users/leksi/Desktop/NEWYTAUTO/font/Tox Typewriter.ttf':text=Byzantine:fontsize=130:fontcolor=white:x=80:y=(h-130)/2:enable='between(t,0.771,0.829)':shadowcolor=black@0.9:shadowx=4:shadowy=4,drawtext=fontfile='C\:/Users/leksi/Desktop/NEWYTAUTO/font/Tox Typewriter.ttf':text=Byzantine :fontsize=130:fontcolor=white:x=80:y=(h-130)/2:enable='between(t,0.829,0.888)':shadowcolor=black@0.9:shadowx=4:shadowy=4,drawtext=fontfile='C\:/Users/leksi/Desktop/NEWYTAUTO/font/Tox Typewriter.ttf':text=Byzantine F:fontsize=130:fontcolor=white:x=80:y=(h-130)/2:enable='between(t,0.888,0.947)':shadowcolor=black@0.9:shadowx=4:shadowy=4,drawtext=fontfile='C\:/Users/leksi/Desktop/NEWYTAUTO/font/Tox Typewriter.ttf':text=Byzantine Fo:fontsize=130:fontcolor=white:x=80:y=(h-130)/2:enable='between(t,0.947,1.006)':shadowcolor=black@0.9:shadowx=4:shadowy=4,drawtext=fontfile='C\:/Users/leksi/Desktop/NEWYTAUTO/font/Tox Typewriter.ttf':text=Byzantine For:fontsize=130:fontcolor=white:x=80:y=(h-130)/2:enable='between(t,1.006,1.065)':shadowcolor=black@0.9:shadowx=4:shadowy=4,drawtext=fontfile='C\:/Users/leksi/Desktop/NEWYTAUTO/font/Tox Typewriter.ttf':text=Byzantine Forc:fontsize=130:fontcolor=white:x=80:y=(h-130)/2:enable='between(t,1.065,1.124)':shadowcolor=black@0.9:shadowx=4:shadowy=4,drawtext=fontfile='C\:/Users/leksi/Desktop/NEWYTAUTO/font/Tox Typewriter.ttf':text=Byzantine Force:fontsize=130:fontcolor=white:x=80:y=(h-130)/2:enable='between(t,1.124,1.182)':shadowcolor=black@0.9:shadowx=4:shadowy=4,drawtext=fontfile='C\:/Users/leksi/Desktop/NEWYTAUTO/font/Tox Typewriter.ttf':text=Byzantine Force\::fontsize=130:fontcolor=white:x=80:y=(h-130)/2:enable='between(t,1.182,1.241)':shadowcolor=black@0.9:shadowx=4:shadowy=4,drawtext=fontfile='C\:/Users/leksi/Desktop/NEWYTAUTO/font/Tox Typewriter.ttf':text=Byzantine Force\: :fontsize=130:fontcolor=white:x=80:y=(h-130)/2:enable='between(t,1.241,1.300)':shadowcolor=black@0.9:shadowx=4:shadowy=4,drawtext=fontfile='C\:/Users/leksi/Desktop/NEWYTAUTO/font/Tox Typewriter.ttf':text=Byzantine Force\: U:fontsize=130:fontcolor=white:x=80:y=(h-130)/2:enable='between(t,1.300,1.359)':shadowcolor=black@0.9:shadowx=4:shadowy=4,drawtext=fontfile='C\:/Users/leksi/Desktop/NEWYTAUTO/font/Tox Typewriter.ttf':text=Byzantine Force\: Up:fontsize=130:fontcolor=white:x=80:y=(h-130)/2:enable='between(t,1.359,1.418)':shadowcolor=black@0.9:shadowx=4:shadowy=4,drawtext=fontfile='C\:/Users/leksi/Desktop/NEWYTAUTO/font/Tox Typewriter.ttf':text=Byzantine Force\: Up :fontsize=130:fontcolor=white:x=80:y=(h-130)/2:enable='between(t,1.418,1.476)':shadowcolor=black@0.9:shadowx=4:shadowy=4,drawtext=fontfile='C\:/Users/leksi/Desktop/NEWYTAUTO/font/Tox Typewriter.ttf':text=Byzantine Force\: Up t:fontsize=130:fontcolor=white:x=80:y=(h-130)/2:enable='between(t,1.476,1.535)':shadowcolor=black@0.9:shadowx=4:shadowy=4,drawtext=fontfile='C\:/Users/leksi/Desktop/NEWYTAUTO/font/Tox Typewriter.ttf':text=Byzantine Force\: Up to:fontsize=130:fontcolor=white:x=80:y=(h-130)/2:enable='between(t,1.535,1.594)':shadowcolor=black@0.9:shadowx=4:shadowy=4,drawtext=fontfile='C\:/Users/leksi/Desktop/NEWYTAUTO/font/Tox Typewriter.ttf':text=Byzantine Force\: Up to :fontsize=130:fontcolor=white:x=80:y=(h-130)/2:enable='between(t,1.594,1.653)':shadowcolor=black@0.9:shadowx=4:shadowy=4,drawtext=fontfile='C\:/Users/leksi/Desktop/NEWYTAUTO/font/Tox Typewriter.ttf':text=Byzantine Force\: Up to 1:fontsize=130:fontcolor=white:x=80:y=(h-130)/2:enable='between(t,1.653,1.712)':shadowcolor=black@0.9:shadowx=4:shadowy=4,drawtext=fontfile='C\:/Users/leksi/Desktop/NEWYTAUTO/font/Tox Typewriter.ttf':text=Byzantine Force\: Up to 15:fontsize=130:fontcolor=white:x=80:y=(h-130)/2:enable='between(t,1.712,1.771)':shadowcolor=black@0.9:shadowx=4:shadowy=4,drawtext=fontfile='C\:/Users/leksi/Desktop/NEWYTAUTO/font/Tox Typewriter.ttf':text=Byzantine Force\: Up to 150:fontsize=130:fontcolor=white:x=80:y=(h-130)/2:enable='between(t,1.771,1.829)':shadowcolor=black@0.9:shadowx=4:shadowy=4,drawtext=fontfile='C\:/Users/leksi/Desktop/NEWYTAUTO/font/Tox Typewriter.ttf':text=Byzantine Force\: Up to 150\,:fontsize=130:fontcolor=white:x=80:y=(h-130)/2:enable='between(t,1.829,1.888)':shadowcolor=black@0.9:shadowx=4:shadowy=4,drawtext=fontfile='C\:/Users/leksi/Desktop/NEWYTAUTO/font/Tox Typewriter.ttf':text=Byzantine Force\: Up to 150\,0:fontsize=130:fontcolor=white:x=80:y=(h-130)/2:enable='between(t,1.888,1.947)':shadowcolor=black@0.9:shadowx=4:shadowy=4,drawtext=fontfile='C\:/Users/leksi/Desktop/NEWYTAUTO/font/Tox Typewriter.ttf':text=Byzantine Force\: Up to 150\,00:fontsize=130:fontcolor=white:x=80:y=(h-130)/2:enable='between(t,1.947,2.006)':shadowcolor=black@0.9:shadowx=4:shadowy=4,drawtext=fontfile='C\:/Users/leksi/Desktop/NEWYTAUTO/font/Tox Typewriter.ttf':text=Byzantine Force\: Up to 150\,000:fontsize=130:fontcolor=white:x=80:y=(h-130)/2:enable='between(t,2.006,2.065)':shadowcolor=black@0.9:shadowx=4:shadowy=4,drawtext=fontfile='C\:/Users/leksi/Desktop/NEWYTAUTO/font/Tox Typewriter.ttf':text=Byzantine Force\: Up to 150\,000 :fontsize=130:fontcolor=white:x=80:y=(h-130)/2:enable='between(t,2.065,2.124)':shadowcolor=black@0.9:shadowx=4:shadowy=4,drawtext=fontfile='C\:/Users/leksi/Desktop/NEWYTAUTO/font/Tox Typewriter.ttf':text=Byzantine Force\: Up to 150\,000 M:fontsize=130:fontcolor=white:x=80:y=(h-130)/2:enable='between(t,2.124,2.182)':shadowcolor=black@0.9:shadowx=4:shadowy=4,drawtext=fontfile='C\:/Users/leksi/Desktop/NEWYTAUTO/font/Tox Typewriter.ttf':text=Byzantine Force\: Up to 150\,000 Me:fontsize=130:fontcolor=white:x=80:y=(h-130)/2:enable='between(t,2.182,2.241)':shadowcolor=black@0.9:shadowx=4:shadowy=4,drawtext=fontfile='C\:/Users/leksi/Desktop/NEWYTAUTO/font/Tox Typewriter.ttf':text=Byzantine Force\: Up to 150\,000 Men:fontsize=130:fontcolor=white:x=80:y=(h-130)/2:enable='between(t,2.241,3.300)':shadowcolor=black@0.9:shadowx=4:shadowy=4' around: ,drawtext=fontfile='C\:/Users/leksi/Desktop/NEWYTAUTO/font/Tox Typewriter.ttf':text=Byzantine Force\: :fontsize=130:fontcolor=white:x=80:y=(h-130)/2:enable='between(t,1.241,1.300)':shadowcolor=black@0.9:shadowx=4:shadowy=4,drawtext=fontfile='C\:/Users/leksi/Desktop/NEWYTAUTO/font/Tox Typewriter.ttf':text=Byzantine Force\: U:fontsize=130:fontcolor=white:x=80:y=(h-130)/2:enable='between(t,1.300,1.359)':shadowcolor=black@0.9:shadowx=4:shadowy=4,drawtext=fontfile='C\:/Users/leksi/Desktop/NEWYTAUTO/font/Tox Typewriter.ttf':text=Byzantine Force\: Up:fontsize=130:fontcolor=white:x=80:y=(h-130)/2:enable='between(t,1.359,1.418)':shadowcolor=black@0.9:shadowx=4:shadowy=4,drawtext=fontfile='C\:/Users/leksi/Desktop/NEWYTAUTO/font/Tox Typewriter.ttf':text=Byzantine Force\: Up :fontsize=130:fontcolor=white:x=80:y=(h-130)/2:enable='between(t,1.418,1.476)':shadowcolor=black@0.9:shadowx=4:shadowy=4,drawtext=fontfile='C\:/Users/leksi/Desktop/NEWYTAUTO/font/Tox Typewriter.ttf':text=Byzantine Force\: Up t:fontsize=130:fontcolor=white:x=80:y=(h-130)/2:enable='between(t,1.476,1.535)':shadowcolor=black@0.9:shadowx=4:shadowy=4,drawtext=fontfile='C\:/Users/leksi/Desktop/NEWYTAUTO/font/Tox Typewriter.ttf':text=Byzantine Force\: Up to:fontsize=130:fontcolor=white:x=80:y=(h-130)/2:enable='between(t,1.535,1.594)':shadowcolor=black@0.9:shadowx=4:shadowy=4,drawtext=fontfile='C\:/Users/leksi/Desktop/NEWYTAUTO/font/Tox Typewriter.ttf':text=Byzantine Force\: Up to :fontsize=130:fontcolor=white:x=80:y=(h-130)/2:enable='between(t,1.594,1.653)':shadowcolor=black@0.9:shadowx=4:shadowy=4,drawtext=fontfile='C\:/Users/leksi/Desktop/NEWYTAUTO/font/Tox Typewriter.ttf':text=Byzantine Force\: Up to 1:fontsize=130:fontcolor=white:x=80:y=(h-130)/2:enable='between(t,1.653,1.712)':shadowcolor=black@0.9:shadowx=4:shadowy=4,drawtext=fontfile='C\:/Users/leksi/Desktop/NEWYTAUTO/font/Tox Typewriter.ttf':text=Byzantine Force\: Up to 15:fontsize=130:fontcolor=white:x=80:y=(h-130)/2:enable='between(t,1.712,1.771)':shadowcolor=black@0.9:shadowx=4:shadowy=4,drawtext=fontfile='C\:/Users/leksi/Desktop/NEWYTAUTO/font/Tox Typewriter.ttf':text=Byzantine Force\: Up to 150:fontsize=130:fontcolor=white:x=80:y=(h-130)/2:enable='between(t,1.771,1.829)':shadowcolor=black@0.9:shadowx=4:shadowy=4,drawtext=fontfile='C\:/Users/leksi/Desktop/NEWYTAUTO/font/Tox Typewriter.ttf':text=Byzantine Force\: Up to 150\,:fontsize=130:fontcolor=white:x=80:y=(h-130)/2:enable='between(t,1.829,1.888)':shadowcolor=black@0.9:shadowx=4:shadowy=4,drawtext=fontfile='C\:/Users/leksi/Desktop/NEWYTAUTO/font/Tox Typewriter.ttf':text=Byzantine Force\: Up to 150\,0:fontsize=130:fontcolor=white:x=80:y=(h-130)/2:enable='between(t,1.888,1.947)':shadowcolor=black@0.9:shadowx=4:shadowy=4,drawtext=fontfile='C\:/Users/leksi/Desktop/NEWYTAUTO/font/Tox Typewriter.ttf':text=Byzantine Force\: Up to 150\,00:fontsize=130:fontcolor=white:x=80:y=(h-130)/2:enable='between(t,1.947,2.006)':shadowcolor=black@0.9:shadowx=4:shadowy=4,drawtext=fontfile='C\:/Users/leksi/Desktop/NEWYTAUTO/font/Tox Typewriter.ttf':text=Byzantine Force\: Up to 150\,000:fontsize=130:fontcolor=white:x=80:y=(h-130)/2:enable='between(t,2.006,2.065)':shadowcolor=black@0.9:shadowx=4:shadowy=4,drawtext=fontfile='C\:/Users/leksi/Desktop/NEWYTAUTO/font/Tox Typewriter.ttf':text=Byzantine Force\: Up to 150\,000 :fontsize=130:fontcolor=white:x=80:y=(h-130)/2:enable='between(t,2.065,2.124)':shadowcolor=black@0.9:shadowx=4:shadowy=4,drawtext=fontfile='C\:/Users/leksi/Desktop/NEWYTAUTO/font/Tox Typewriter.ttf':text=Byzantine Force\: Up to 150\,000 M:fontsize=130:fontcolor=white:x=80:y=(h-130)/2:enable='between(t,2.124,2.182)':shadowcolor=black@0.9:shadowx=4:shadowy=4,drawtext=fontfile='C\:/Users/leksi/Desktop/NEWYTAUTO/font/Tox Typewriter.ttf':text=Byzantine Force\: Up to 150\,000 Me:fontsize=130:fontcolor=white:x=80:y=(h-130)/2:enable='between(t,2.182,2.241)':shadowcolor=black@0.9:shadowx=4:shadowy=4,drawtext=fontfile='C\:/Users/leksi/Desktop/NEWYTAUTO/font/Tox Typewriter.ttf':text=Byzantine Force\: Up to 150\,000 Men:fontsize=130:fontcolor=white:x=80:y=(h-130)/2:enable='between(t,2.241,3.300)':shadowcolor=black@0.9:shadowx=4:shadowy=4
Error opening output file C:\Users\leksi\Desktop\NEWYTAUTO\.autoscene_tmp\35854c7c32\scene_022_raw.mp4.
Error opening output files: Invalid argument

Traceback (most recent call last):
  File "C:\Users\leksi\Desktop\NEWYTAUTO\app\gui\frames\render_frame.py", line 361, in _run
    result = loop.run_until_complete(self._pipeline.run())
  File "C:\Program Files\WindowsApps\PythonSoftwareFoundation.Python.3.13_3.13.3568.0_x64__qbz5n2kfra8p0\Lib\asyncio\base_events.py", line 725, in run_until_complete
    return future.result()
           ~~~~~~~~~~~~~^^
  File "C:\Users\leksi\Desktop\NEWYTAUTO\app\core\pipeline.py", line 116, in run
    clips_with_durations = await self.scene_renderer.render_all_scenes(scene_progress)
                           ^^^^^^^^^^^^^^^^^^^^^^^^^^^^^^^^^^^^^^^^^^^^^^^^^^^^^^^^^^^
  File "C:\Users\leksi\Desktop\NEWYTAUTO\app\renderer\scene_renderer.py", line 368, in render_all_scenes
    result = await self.render_scene(scene, i, progress_callback)
             ^^^^^^^^^^^^^^^^^^^^^^^^^^^^^^^^^^^^^^^^^^^^^^^^^^^^
  File "C:\Users\leksi\Desktop\NEWYTAUTO\app\renderer\scene_renderer.py", line 320, in render_scene
    await loop.run_in_executor(
    ...<9 lines>...
    )
  File "C:\Program Files\WindowsApps\PythonSoftwareFoundation.Python.3.13_3.13.3568.0_x64__qbz5n2kfra8p0\Lib\concurrent\futures\thread.py", line 59, in run
    result = self.fn(*self.args, **self.kwargs)
  File "C:\Users\leksi\Desktop\NEWYTAUTO\app\renderer\scene_renderer.py", line 322, in <lambda>
    lambda: image_to_video(
            ~~~~~~~~~~~~~~^
        image_path=scene.image,
        ^^^^^^^^^^^^^^^^^^^^^^^
    ...<4 lines>...
        overlay_filters=overlay_filters,
        ^^^^^^^^^^^^^^^^^^^^^^^^^^^^^^^^
    ),
    ^
  File "C:\Users\leksi\Desktop\NEWYTAUTO\app\ffmpeg\wrapper.py", line 159, in image_to_video
    _run_ffmpeg(args, description=f"Image->Video ({Path(image_path).name})")
    ~~~~~~~~~~~^^^^^^^^^^^^^^^^^^^^^^^^^^^^^^^^^^^^^^^^^^^^^^^^^^^^^^^^^^^^^
  File "C:\Users\leksi\Desktop\NEWYTAUTO\app\ffmpeg\wrapper.py", line 90, in _run_ffmpeg
    raise RenderError(description, f"FFmpeg exited with code {process.returncode}\n{error_text}")
app.core.exceptions.RenderError: Render error at Image->Video (022.png): FFmpeg exited with code 4294967274
Input #0, png_pipe, from 'C:\Users\leksi\Desktop\NEWYTAUTO\images\022.png':
  Duration: N/A, bitrate: N/A
  Stream #0:0: Video: png, rgba(pc, gbr/unknown/unknown), 1376x768, 25 fps, 25 tbr, 25 tbn
[AVFilterGraph @ 000001e91640c600] No option name near ':fontsize=130:fontcolor=white:x=80:y=(h-130)/2:enable=between(t,1.182,1.241):shadowcolor=black@0.9:shadowx=4:shadowy=4'
[AVFilterGraph @ 000001e91640c600] Error parsing a filter description around: ,drawtext=fontfile='C\:/Users/leksi/Desktop/NEWYTAUTO/font/Tox Typewriter.ttf':text=Byzantine Force\: :fontsize=130:fontcolor=white:x=80:y=(h-130)/2:enable='between(t,1.241,1.300)':shadowcolor=black@0.9:shadowx=4:shadowy=4,drawtext=fontfile='C\:/Users/leksi/Desktop/NEWYTAUTO/font/Tox Typewriter.ttf':text=Byzantine Force\: U:fontsize=130:fontcolor=white:x=80:y=(h-130)/2:enable='between(t,1.300,1.359)':shadowcolor=black@0.9:shadowx=4:shadowy=4,drawtext=fontfile='C\:/Users/leksi/Desktop/NEWYTAUTO/font/Tox Typewriter.ttf':text=Byzantine Force\: Up:fontsize=130:fontcolor=white:x=80:y=(h-130)/2:enable='between(t,1.359,1.418)':shadowcolor=black@0.9:shadowx=4:shadowy=4,drawtext=fontfile='C\:/Users/leksi/Desktop/NEWYTAUTO/font/Tox Typewriter.ttf':text=Byzantine Force\: Up :fontsize=130:fontcolor=white:x=80:y=(h-130)/2:enable='between(t,1.418,1.476)':shadowcolor=black@0.9:shadowx=4:shadowy=4,drawtext=fontfile='C\:/Users/leksi/Desktop/NEWYTAUTO/font/Tox Typewriter.ttf':text=Byzantine Force\: Up t:fontsize=130:fontcolor=white:x=80:y=(h-130)/2:enable='between(t,1.476,1.535)':shadowcolor=black@0.9:shadowx=4:shadowy=4,drawtext=fontfile='C\:/Users/leksi/Desktop/NEWYTAUTO/font/Tox Typewriter.ttf':text=Byzantine Force\: Up to:fontsize=130:fontcolor=white:x=80:y=(h-130)/2:enable='between(t,1.535,1.594)':shadowcolor=black@0.9:shadowx=4:shadowy=4,drawtext=fontfile='C\:/Users/leksi/Desktop/NEWYTAUTO/font/Tox Typewriter.ttf':text=Byzantine Force\: Up to :fontsize=130:fontcolor=white:x=80:y=(h-130)/2:enable='between(t,1.594,1.653)':shadowcolor=black@0.9:shadowx=4:shadowy=4,drawtext=fontfile='C\:/Users/leksi/Desktop/NEWYTAUTO/font/Tox Typewriter.ttf':text=Byzantine Force\: Up to 1:fontsize=130:fontcolor=white:x=80:y=(h-130)/2:enable='between(t,1.653,1.712)':shadowcolor=black@0.9:shadowx=4:shadowy=4,drawtext=fontfile='C\:/Users/leksi/Desktop/NEWYTAUTO/font/Tox Typewriter.ttf':text=Byzantine Force\: Up to 15:fontsize=130:fontcolor=white:x=80:y=(h-130)/2:enable='between(t,1.712,1.771)':shadowcolor=black@0.9:shadowx=4:shadowy=4,drawtext=fontfile='C\:/Users/leksi/Desktop/NEWYTAUTO/font/Tox Typewriter.ttf':text=Byzantine Force\: Up to 150:fontsize=130:fontcolor=white:x=80:y=(h-130)/2:enable='between(t,1.771,1.829)':shadowcolor=black@0.9:shadowx=4:shadowy=4,drawtext=fontfile='C\:/Users/leksi/Desktop/NEWYTAUTO/font/Tox Typewriter.ttf':text=Byzantine Force\: Up to 150\,:fontsize=130:fontcolor=white:x=80:y=(h-130)/2:enable='between(t,1.829,1.888)':shadowcolor=black@0.9:shadowx=4:shadowy=4,drawtext=fontfile='C\:/Users/leksi/Desktop/NEWYTAUTO/font/Tox Typewriter.ttf':text=Byzantine Force\: Up to 150\,0:fontsize=130:fontcolor=white:x=80:y=(h-130)/2:enable='between(t,1.888,1.947)':shadowcolor=black@0.9:shadowx=4:shadowy=4,drawtext=fontfile='C\:/Users/leksi/Desktop/NEWYTAUTO/font/Tox Typewriter.ttf':text=Byzantine Force\: Up to 150\,00:fontsize=130:fontcolor=white:x=80:y=(h-130)/2:enable='between(t,1.947,2.006)':shadowcolor=black@0.9:shadowx=4:shadowy=4,drawtext=fontfile='C\:/Users/leksi/Desktop/NEWYTAUTO/font/Tox Typewriter.ttf':text=Byzantine Force\: Up to 150\,000:fontsize=130:fontcolor=white:x=80:y=(h-130)/2:enable='between(t,2.006,2.065)':shadowcolor=black@0.9:shadowx=4:shadowy=4,drawtext=fontfile='C\:/Users/leksi/Desktop/NEWYTAUTO/font/Tox Typewriter.ttf':text=Byzantine Force\: Up to 150\,000 :fontsize=130:fontcolor=white:x=80:y=(h-130)/2:enable='between(t,2.065,2.124)':shadowcolor=black@0.9:shadowx=4:shadowy=4,drawtext=fontfile='C\:/Users/leksi/Desktop/NEWYTAUTO/font/Tox Typewriter.ttf':text=Byzantine Force\: Up to 150\,000 M:fontsize=130:fontcolor=white:x=80:y=(h-130)/2:enable='between(t,2.124,2.182)':shadowcolor=black@0.9:shadowx=4:shadowy=4,drawtext=fontfile='C\:/Users/leksi/Desktop/NEWYTAUTO/font/Tox Typewriter.ttf':text=Byzantine Force\: Up to 150\,000 Me:fontsize=130:fontcolor=white:x=80:y=(h-130)/2:enable='between(t,2.182,2.241)':shadowcolor=black@0.9:shadowx=4:shadowy=4,drawtext=fontfile='C\:/Users/leksi/Desktop/NEWYTAUTO/font/Tox Typewriter.ttf':text=Byzantine Force\: Up to 150\,000 Men:fontsize=130:fontcolor=white:x=80:y=(h-130)/2:enable='between(t,2.241,3.300)':shadowcolor=black@0.9:shadowx=4:shadowy=4
[AVFilterGraph @ 000001e91640c600] Error parsing filterchain 'scale=3840:2160:force_original_aspect_ratio=increase,crop=3840:2160,zoompan=z='if(eq(on,1),1.08,max(1.0,zoom-0.08/185))':d=185:x='iw/2-(iw/zoom/2)':y='ih/2-(ih/zoom/2)':s=1920x1080:fps=30,drawtext=fontfile='C\:/Users/leksi/Desktop/NEWYTAUTO/font/Tox Typewriter.ttf':text=B:fontsize=130:fontcolor=white:x=80:y=(h-130)/2:enable='between(t,0.300,0.359)':shadowcolor=black@0.9:shadowx=4:shadowy=4,drawtext=fontfile='C\:/Users/leksi/Desktop/NEWYTAUTO/font/Tox Typewriter.ttf':text=By:fontsize=130:fontcolor=white:x=80:y=(h-130)/2:enable='between(t,0.359,0.418)':shadowcolor=black@0.9:shadowx=4:shadowy=4,drawtext=fontfile='C\:/Users/leksi/Desktop/NEWYTAUTO/font/Tox Typewriter.ttf':text=Byz:fontsize=130:fontcolor=white:x=80:y=(h-130)/2:enable='between(t,0.418,0.476)':shadowcolor=black@0.9:shadowx=4:shadowy=4,drawtext=fontfile='C\:/Users/leksi/Desktop/NEWYTAUTO/font/Tox Typewriter.ttf':text=Byza:fontsize=130:fontcolor=white:x=80:y=(h-130)/2:enable='between(t,0.476,0.535)':shadowcolor=black@0.9:shadowx=4:shadowy=4,drawtext=fontfile='C\:/Users/leksi/Desktop/NEWYTAUTO/font/Tox Typewriter.ttf':text=Byzan:fontsize=130:fontcolor=white:x=80:y=(h-130)/2:enable='between(t,0.535,0.594)':shadowcolor=black@0.9:shadowx=4:shadowy=4,drawtext=fontfile='C\:/Users/leksi/Desktop/NEWYTAUTO/font/Tox Typewriter.ttf':text=Byzant:fontsize=130:fontcolor=white:x=80:y=(h-130)/2:enable='between(t,0.594,0.653)':shadowcolor=black@0.9:shadowx=4:shadowy=4,drawtext=fontfile='C\:/Users/leksi/Desktop/NEWYTAUTO/font/Tox Typewriter.ttf':text=Byzanti:fontsize=130:fontcolor=white:x=80:y=(h-130)/2:enable='between(t,0.653,0.712)':shadowcolor=black@0.9:shadowx=4:shadowy=4,drawtext=fontfile='C\:/Users/leksi/Desktop/NEWYTAUTO/font/Tox Typewriter.ttf':text=Byzantin:fontsize=130:fontcolor=white:x=80:y=(h-130)/2:enable='between(t,0.712,0.771)':shadowcolor=black@0.9:shadowx=4:shadowy=4,drawtext=fontfile='C\:/Users/leksi/Desktop/NEWYTAUTO/font/Tox Typewriter.ttf':text=Byzantine:fontsize=130:fontcolor=white:x=80:y=(h-130)/2:enable='between(t,0.771,0.829)':shadowcolor=black@0.9:shadowx=4:shadowy=4,drawtext=fontfile='C\:/Users/leksi/Desktop/NEWYTAUTO/font/Tox Typewriter.ttf':text=Byzantine :fontsize=130:fontcolor=white:x=80:y=(h-130)/2:enable='between(t,0.829,0.888)':shadowcolor=black@0.9:shadowx=4:shadowy=4,drawtext=fontfile='C\:/Users/leksi/Desktop/NEWYTAUTO/font/Tox Typewriter.ttf':text=Byzantine F:fontsize=130:fontcolor=white:x=80:y=(h-130)/2:enable='between(t,0.888,0.947)':shadowcolor=black@0.9:shadowx=4:shadowy=4,drawtext=fontfile='C\:/Users/leksi/Desktop/NEWYTAUTO/font/Tox Typewriter.ttf':text=Byzantine Fo:fontsize=130:fontcolor=white:x=80:y=(h-130)/2:enable='between(t,0.947,1.006)':shadowcolor=black@0.9:shadowx=4:shadowy=4,drawtext=fontfile='C\:/Users/leksi/Desktop/NEWYTAUTO/font/Tox Typewriter.ttf':text=Byzantine For:fontsize=130:fontcolor=white:x=80:y=(h-130)/2:enable='between(t,1.006,1.065)':shadowcolor=black@0.9:shadowx=4:shadowy=4,drawtext=fontfile='C\:/Users/leksi/Desktop/NEWYTAUTO/font/Tox Typewriter.ttf':text=Byzantine Forc:fontsize=130:fontcolor=white:x=80:y=(h-130)/2:enable='between(t,1.065,1.124)':shadowcolor=black@0.9:shadowx=4:shadowy=4,drawtext=fontfile='C\:/Users/leksi/Desktop/NEWYTAUTO/font/Tox Typewriter.ttf':text=Byzantine Force:fontsize=130:fontcolor=white:x=80:y=(h-130)/2:enable='between(t,1.124,1.182)':shadowcolor=black@0.9:shadowx=4:shadowy=4,drawtext=fontfile='C\:/Users/leksi/Desktop/NEWYTAUTO/font/Tox Typewriter.ttf':text=Byzantine Force\::fontsize=130:fontcolor=white:x=80:y=(h-130)/2:enable='between(t,1.182,1.241)':shadowcolor=black@0.9:shadowx=4:shadowy=4,drawtext=fontfile='C\:/Users/leksi/Desktop/NEWYTAUTO/font/Tox Typewriter.ttf':text=Byzantine Force\: :fontsize=130:fontcolor=white:x=80:y=(h-130)/2:enable='between(t,1.241,1.300)':shadowcolor=black@0.9:shadowx=4:shadowy=4,drawtext=fontfile='C\:/Users/leksi/Desktop/NEWYTAUTO/font/Tox Typewriter.ttf':text=Byzantine Force\: U:fontsize=130:fontcolor=white:x=80:y=(h-130)/2:enable='between(t,1.300,1.359)':shadowcolor=black@0.9:shadowx=4:shadowy=4,drawtext=fontfile='C\:/Users/leksi/Desktop/NEWYTAUTO/font/Tox Typewriter.ttf':text=Byzantine Force\: Up:fontsize=130:fontcolor=white:x=80:y=(h-130)/2:enable='between(t,1.359,1.418)':shadowcolor=black@0.9:shadowx=4:shadowy=4,drawtext=fontfile='C\:/Users/leksi/Desktop/NEWYTAUTO/font/Tox Typewriter.ttf':text=Byzantine Force\: Up :fontsize=130:fontcolor=white:x=80:y=(h-130)/2:enable='between(t,1.418,1.476)':shadowcolor=black@0.9:shadowx=4:shadowy=4,drawtext=fontfile='C\:/Users/leksi/Desktop/NEWYTAUTO/font/Tox Typewriter.ttf':text=Byzantine Force\: Up t:fontsize=130:fontcolor=white:x=80:y=(h-130)/2:enable='between(t,1.476,1.535)':shadowcolor=black@0.9:shadowx=4:shadowy=4,drawtext=fontfile='C\:/Users/leksi/Desktop/NEWYTAUTO/font/Tox Typewriter.ttf':text=Byzantine Force\: Up to:fontsize=130:fontcolor=white:x=80:y=(h-130)/2:enable='between(t,1.535,1.594)':shadowcolor=black@0.9:shadowx=4:shadowy=4,drawtext=fontfile='C\:/Users/leksi/Desktop/NEWYTAUTO/font/Tox Typewriter.ttf':text=Byzantine Force\: Up to :fontsize=130:fontcolor=white:x=80:y=(h-130)/2:enable='between(t,1.594,1.653)':shadowcolor=black@0.9:shadowx=4:shadowy=4,drawtext=fontfile='C\:/Users/leksi/Desktop/NEWYTAUTO/font/Tox Typewriter.ttf':text=Byzantine Force\: Up to 1:fontsize=130:fontcolor=white:x=80:y=(h-130)/2:enable='between(t,1.653,1.712)':shadowcolor=black@0.9:shadowx=4:shadowy=4,drawtext=fontfile='C\:/Users/leksi/Desktop/NEWYTAUTO/font/Tox Typewriter.ttf':text=Byzantine Force\: Up to 15:fontsize=130:fontcolor=white:x=80:y=(h-130)/2:enable='between(t,1.712,1.771)':shadowcolor=black@0.9:shadowx=4:shadowy=4,drawtext=fontfile='C\:/Users/leksi/Desktop/NEWYTAUTO/font/Tox Typewriter.ttf':text=Byzantine Force\: Up to 150:fontsize=130:fontcolor=white:x=80:y=(h-130)/2:enable='between(t,1.771,1.829)':shadowcolor=black@0.9:shadowx=4:shadowy=4,drawtext=fontfile='C\:/Users/leksi/Desktop/NEWYTAUTO/font/Tox Typewriter.ttf':text=Byzantine Force\: Up to 150\,:fontsize=130:fontcolor=white:x=80:y=(h-130)/2:enable='between(t,1.829,1.888)':shadowcolor=black@0.9:shadowx=4:shadowy=4,drawtext=fontfile='C\:/Users/leksi/Desktop/NEWYTAUTO/font/Tox Typewriter.ttf':text=Byzantine Force\: Up to 150\,0:fontsize=130:fontcolor=white:x=80:y=(h-130)/2:enable='between(t,1.888,1.947)':shadowcolor=black@0.9:shadowx=4:shadowy=4,drawtext=fontfile='C\:/Users/leksi/Desktop/NEWYTAUTO/font/Tox Typewriter.ttf':text=Byzantine Force\: Up to 150\,00:fontsize=130:fontcolor=white:x=80:y=(h-130)/2:enable='between(t,1.947,2.006)':shadowcolor=black@0.9:shadowx=4:shadowy=4,drawtext=fontfile='C\:/Users/leksi/Desktop/NEWYTAUTO/font/Tox Typewriter.ttf':text=Byzantine Force\: Up to 150\,000:fontsize=130:fontcolor=white:x=80:y=(h-130)/2:enable='between(t,2.006,2.065)':shadowcolor=black@0.9:shadowx=4:shadowy=4,drawtext=fontfile='C\:/Users/leksi/Desktop/NEWYTAUTO/font/Tox Typewriter.ttf':text=Byzantine Force\: Up to 150\,000 :fontsize=130:fontcolor=white:x=80:y=(h-130)/2:enable='between(t,2.065,2.124)':shadowcolor=black@0.9:shadowx=4:shadowy=4,drawtext=fontfile='C\:/Users/leksi/Desktop/NEWYTAUTO/font/Tox Typewriter.ttf':text=Byzantine Force\: Up to 150\,000 M:fontsize=130:fontcolor=white:x=80:y=(h-130)/2:enable='between(t,2.124,2.182)':shadowcolor=black@0.9:shadowx=4:shadowy=4,drawtext=fontfile='C\:/Users/leksi/Desktop/NEWYTAUTO/font/Tox Typewriter.ttf':text=Byzantine Force\: Up to 150\,000 Me:fontsize=130:fontcolor=white:x=80:y=(h-130)/2:enable='between(t,2.182,2.241)':shadowcolor=black@0.9:shadowx=4:shadowy=4,drawtext=fontfile='C\:/Users/leksi/Desktop/NEWYTAUTO/font/Tox Typewriter.ttf':text=Byzantine Force\: Up to 150\,000 Men:fontsize=130:fontcolor=white:x=80:y=(h-130)/2:enable='between(t,2.241,3.300)':shadowcolor=black@0.9:shadowx=4:shadowy=4' around: ,drawtext=fontfile='C\:/Users/leksi/Desktop/NEWYTAUTO/font/Tox Typewriter.ttf':text=Byzantine Force\: :fontsize=130:fontcolor=white:x=80:y=(h-130)/2:enable='between(t,1.241,1.300)':shadowcolor=black@0.9:shadowx=4:shadowy=4,drawtext=fontfile='C\:/Users/leksi/Desktop/NEWYTAUTO/font/Tox Typewriter.ttf':text=Byzantine Force\: U:fontsize=130:fontcolor=white:x=80:y=(h-130)/2:enable='between(t,1.300,1.359)':shadowcolor=black@0.9:shadowx=4:shadowy=4,drawtext=fontfile='C\:/Users/leksi/Desktop/NEWYTAUTO/font/Tox Typewriter.ttf':text=Byzantine Force\: Up:fontsize=130:fontcolor=white:x=80:y=(h-130)/2:enable='between(t,1.359,1.418)':shadowcolor=black@0.9:shadowx=4:shadowy=4,drawtext=fontfile='C\:/Users/leksi/Desktop/NEWYTAUTO/font/Tox Typewriter.ttf':text=Byzantine Force\: Up :fontsize=130:fontcolor=white:x=80:y=(h-130)/2:enable='between(t,1.418,1.476)':shadowcolor=black@0.9:shadowx=4:shadowy=4,drawtext=fontfile='C\:/Users/leksi/Desktop/NEWYTAUTO/font/Tox Typewriter.ttf':text=Byzantine Force\: Up t:fontsize=130:fontcolor=white:x=80:y=(h-130)/2:enable='between(t,1.476,1.535)':shadowcolor=black@0.9:shadowx=4:shadowy=4,drawtext=fontfile='C\:/Users/leksi/Desktop/NEWYTAUTO/font/Tox Typewriter.ttf':text=Byzantine Force\: Up to:fontsize=130:fontcolor=white:x=80:y=(h-130)/2:enable='between(t,1.535,1.594)':shadowcolor=black@0.9:shadowx=4:shadowy=4,drawtext=fontfile='C\:/Users/leksi/Desktop/NEWYTAUTO/font/Tox Typewriter.ttf':text=Byzantine Force\: Up to :fontsize=130:fontcolor=white:x=80:y=(h-130)/2:enable='between(t,1.594,1.653)':shadowcolor=black@0.9:shadowx=4:shadowy=4,drawtext=fontfile='C\:/Users/leksi/Desktop/NEWYTAUTO/font/Tox Typewriter.ttf':text=Byzantine Force\: Up to 1:fontsize=130:fontcolor=white:x=80:y=(h-130)/2:enable='between(t,1.653,1.712)':shadowcolor=black@0.9:shadowx=4:shadowy=4,drawtext=fontfile='C\:/Users/leksi/Desktop/NEWYTAUTO/font/Tox Typewriter.ttf':text=Byzantine Force\: Up to 15:fontsize=130:fontcolor=white:x=80:y=(h-130)/2:enable='between(t,1.712,1.771)':shadowcolor=black@0.9:shadowx=4:shadowy=4,drawtext=fontfile='C\:/Users/leksi/Desktop/NEWYTAUTO/font/Tox Typewriter.ttf':text=Byzantine Force\: Up to 150:fontsize=130:fontcolor=white:x=80:y=(h-130)/2:enable='between(t,1.771,1.829)':shadowcolor=black@0.9:shadowx=4:shadowy=4,drawtext=fontfile='C\:/Users/leksi/Desktop/NEWYTAUTO/font/Tox Typewriter.ttf':text=Byzantine Force\: Up to 150\,:fontsize=130:fontcolor=white:x=80:y=(h-130)/2:enable='between(t,1.829,1.888)':shadowcolor=black@0.9:shadowx=4:shadowy=4,drawtext=fontfile='C\:/Users/leksi/Desktop/NEWYTAUTO/font/Tox Typewriter.ttf':text=Byzantine Force\: Up to 150\,0:fontsize=130:fontcolor=white:x=80:y=(h-130)/2:enable='between(t,1.888,1.947)':shadowcolor=black@0.9:shadowx=4:shadowy=4,drawtext=fontfile='C\:/Users/leksi/Desktop/NEWYTAUTO/font/Tox Typewriter.ttf':text=Byzantine Force\: Up to 150\,00:fontsize=130:fontcolor=white:x=80:y=(h-130)/2:enable='between(t,1.947,2.006)':shadowcolor=black@0.9:shadowx=4:shadowy=4,drawtext=fontfile='C\:/Users/leksi/Desktop/NEWYTAUTO/font/Tox Typewriter.ttf':text=Byzantine Force\: Up to 150\,000:fontsize=130:fontcolor=white:x=80:y=(h-130)/2:enable='between(t,2.006,2.065)':shadowcolor=black@0.9:shadowx=4:shadowy=4,drawtext=fontfile='C\:/Users/leksi/Desktop/NEWYTAUTO/font/Tox Typewriter.ttf':text=Byzantine Force\: Up to 150\,000 :fontsize=130:fontcolor=white:x=80:y=(h-130)/2:enable='between(t,2.065,2.124)':shadowcolor=black@0.9:shadowx=4:shadowy=4,drawtext=fontfile='C\:/Users/leksi/Desktop/NEWYTAUTO/font/Tox Typewriter.ttf':text=Byzantine Force\: Up to 150\,000 M:fontsize=130:fontcolor=white:x=80:y=(h-130)/2:enable='between(t,2.124,2.182)':shadowcolor=black@0.9:shadowx=4:shadowy=4,drawtext=fontfile='C\:/Users/leksi/Desktop/NEWYTAUTO/font/Tox Typewriter.ttf':text=Byzantine Force\: Up to 150\,000 Me:fontsize=130:fontcolor=white:x=80:y=(h-130)/2:enable='between(t,2.182,2.241)':shadowcolor=black@0.9:shadowx=4:shadowy=4,drawtext=fontfile='C\:/Users/leksi/Desktop/NEWYTAUTO/font/Tox Typewriter.ttf':text=Byzantine Force\: Up to 150\,000 Men:fontsize=130:fontcolor=white:x=80:y=(h-130)/2:enable='between(t,2.241,3.300)':shadowcolor=black@0.9:shadowx=4:shadowy=4
Error opening output file C:\Users\leksi\Desktop\NEWYTAUTO\.autoscene_tmp\35854c7c32\scene_022_raw.mp4.
Error opening output files: Invalid argument

[2026-05-24 16:38:19] [Battle of Yarmouk] Render error at Image->Video (022.png): FFmpeg exited with code 4294967274
Input #0, png_pipe, from 'C:\Users\leksi\Desktop\NEWYTAUTO\images\022.png':
  Duration: N/A, bitrate: N/A
  Stream #0:0: Video: png, rgba(pc, gbr/unknown/unknown), 1376x768, 25 fps, 25 tbr, 25 tbn
[AVFilterGraph @ 0000021124df9e80] No option name near ':fontsize=130:fontcolor=white:x=80:y=(h-130)/2:enable=between(t,1.182,1.241):shadowcolor=black@0.9:shadowx=4:shadowy=4'
[AVFilterGraph @ 0000021124df9e80] Error parsing a filter description around: ,drawtext=fontfile='C\:/Users/leksi/Desktop/NEWYTAUTO/font/Tox Typewriter.ttf':text=Byzantine Force\: :fontsize=130:fontcolor=white:x=80:y=(h-130)/2:enable='between(t,1.241,1.300)':shadowcolor=black@0.9:shadowx=4:shadowy=4,drawtext=fontfile='C\:/Users/leksi/Desktop/NEWYTAUTO/font/Tox Typewriter.ttf':text=Byzantine Force\: U:fontsize=130:fontcolor=white:x=80:y=(h-130)/2:enable='between(t,1.300,1.359)':shadowcolor=black@0.9:shadowx=4:shadowy=4,drawtext=fontfile='C\:/Users/leksi/Desktop/NEWYTAUTO/font/Tox Typewriter.ttf':text=Byzantine Force\: Up:fontsize=130:fontcolor=white:x=80:y=(h-130)/2:enable='between(t,1.359,1.418)':shadowcolor=black@0.9:shadowx=4:shadowy=4,drawtext=fontfile='C\:/Users/leksi/Desktop/NEWYTAUTO/font/Tox Typewriter.ttf':text=Byzantine Force\: Up :fontsize=130:fontcolor=white:x=80:y=(h-130)/2:enable='between(t,1.418,1.476)':shadowcolor=black@0.9:shadowx=4:shadowy=4,drawtext=fontfile='C\:/Users/leksi/Desktop/NEWYTAUTO/font/Tox Typewriter.ttf':text=Byzantine Force\: Up t:fontsize=130:fontcolor=white:x=80:y=(h-130)/2:enable='between(t,1.476,1.535)':shadowcolor=black@0.9:shadowx=4:shadowy=4,drawtext=fontfile='C\:/Users/leksi/Desktop/NEWYTAUTO/font/Tox Typewriter.ttf':text=Byzantine Force\: Up to:fontsize=130:fontcolor=white:x=80:y=(h-130)/2:enable='between(t,1.535,1.594)':shadowcolor=black@0.9:shadowx=4:shadowy=4,drawtext=fontfile='C\:/Users/leksi/Desktop/NEWYTAUTO/font/Tox Typewriter.ttf':text=Byzantine Force\: Up to :fontsize=130:fontcolor=white:x=80:y=(h-130)/2:enable='between(t,1.594,1.653)':shadowcolor=black@0.9:shadowx=4:shadowy=4,drawtext=fontfile='C\:/Users/leksi/Desktop/NEWYTAUTO/font/Tox Typewriter.ttf':text=Byzantine Force\: Up to 1:fontsize=130:fontcolor=white:x=80:y=(h-130)/2:enable='between(t,1.653,1.712)':shadowcolor=black@0.9:shadowx=4:shadowy=4,drawtext=fontfile='C\:/Users/leksi/Desktop/NEWYTAUTO/font/Tox Typewriter.ttf':text=Byzantine Force\: Up to 15:fontsize=130:fontcolor=white:x=80:y=(h-130)/2:enable='between(t,1.712,1.771)':shadowcolor=black@0.9:shadowx=4:shadowy=4,drawtext=fontfile='C\:/Users/leksi/Desktop/NEWYTAUTO/font/Tox Typewriter.ttf':text=Byzantine Force\: Up to 150:fontsize=130:fontcolor=white:x=80:y=(h-130)/2:enable='between(t,1.771,1.829)':shadowcolor=black@0.9:shadowx=4:shadowy=4,drawtext=fontfile='C\:/Users/leksi/Desktop/NEWYTAUTO/font/Tox Typewriter.ttf':text=Byzantine Force\: Up to 150\,:fontsize=130:fontcolor=white:x=80:y=(h-130)/2:enable='between(t,1.829,1.888)':shadowcolor=black@0.9:shadowx=4:shadowy=4,drawtext=fontfile='C\:/Users/leksi/Desktop/NEWYTAUTO/font/Tox Typewriter.ttf':text=Byzantine Force\: Up to 150\,0:fontsize=130:fontcolor=white:x=80:y=(h-130)/2:enable='between(t,1.888,1.947)':shadowcolor=black@0.9:shadowx=4:shadowy=4,drawtext=fontfile='C\:/Users/leksi/Desktop/NEWYTAUTO/font/Tox Typewriter.ttf':text=Byzantine Force\: Up to 150\,00:fontsize=130:fontcolor=white:x=80:y=(h-130)/2:enable='between(t,1.947,2.006)':shadowcolor=black@0.9:shadowx=4:shadowy=4,drawtext=fontfile='C\:/Users/leksi/Desktop/NEWYTAUTO/font/Tox Typewriter.ttf':text=Byzantine Force\: Up to 150\,000:fontsize=130:fontcolor=white:x=80:y=(h-130)/2:enable='between(t,2.006,2.065)':shadowcolor=black@0.9:shadowx=4:shadowy=4,drawtext=fontfile='C\:/Users/leksi/Desktop/NEWYTAUTO/font/Tox Typewriter.ttf':text=Byzantine Force\: Up to 150\,000 :fontsize=130:fontcolor=white:x=80:y=(h-130)/2:enable='between(t,2.065,2.124)':shadowcolor=black@0.9:shadowx=4:shadowy=4,drawtext=fontfile='C\:/Users/leksi/Desktop/NEWYTAUTO/font/Tox Typewriter.ttf':text=Byzantine Force\: Up to 150\,000 M:fontsize=130:fontcolor=white:x=80:y=(h-130)/2:enable='between(t,2.124,2.182)':shadowcolor=black@0.9:shadowx=4:shadowy=4,drawtext=fontfile='C\:/Users/leksi/Desktop/NEWYTAUTO/font/Tox Typewriter.ttf':text=Byzantine Force\: Up to 150\,000 Me:fontsize=130:fontcolor=white:x=80:y=(h-130)/2:enable='between(t,2.182,2.241)':shadowcolor=black@0.9:shadowx=4:shadowy=4,drawtext=fontfile='C\:/Users/leksi/Desktop/NEWYTAUTO/font/Tox Typewriter.ttf':text=Byzantine Force\: Up to 150\,000 Men:fontsize=130:fontcolor=white:x=80:y=(h-130)/2:enable='between(t,2.241,3.300)':shadowcolor=black@0.9:shadowx=4:shadowy=4
[AVFilterGraph @ 0000021124df9e80] Error parsing filterchain 'scale=3840:2160:force_original_aspect_ratio=increase,crop=3840:2160,zoompan=z='if(eq(on,1),1.08,max(1.0,zoom-0.08/185))':d=185:x='iw/2-(iw/zoom/2)':y='ih/2-(ih/zoom/2)':s=1920x1080:fps=30,drawtext=fontfile='C\:/Users/leksi/Desktop/NEWYTAUTO/font/Tox Typewriter.ttf':text=B:fontsize=130:fontcolor=white:x=80:y=(h-130)/2:enable='between(t,0.300,0.359)':shadowcolor=black@0.9:shadowx=4:shadowy=4,drawtext=fontfile='C\:/Users/leksi/Desktop/NEWYTAUTO/font/Tox Typewriter.ttf':text=By:fontsize=130:fontcolor=white:x=80:y=(h-130)/2:enable='between(t,0.359,0.418)':shadowcolor=black@0.9:shadowx=4:shadowy=4,drawtext=fontfile='C\:/Users/leksi/Desktop/NEWYTAUTO/font/Tox Typewriter.ttf':text=Byz:fontsize=130:fontcolor=white:x=80:y=(h-130)/2:enable='between(t,0.418,0.476)':shadowcolor=black@0.9:shadowx=4:shadowy=4,drawtext=fontfile='C\:/Users/leksi/Desktop/NEWYTAUTO/font/Tox Typewriter.ttf':text=Byza:fontsize=130:fontcolor=white:x=80:y=(h-130)/2:enable='between(t,0.476,0.535)':shadowcolor=black@0.9:shadowx=4:shadowy=4,drawtext=fontfile='C\:/Users/leksi/Desktop/NEWYTAUTO/font/Tox Typewriter.ttf':text=Byzan:fontsize=130:fontcolor=white:x=80:y=(h-130)/2:enable='between(t,0.535,0.594)':shadowcolor=black@0.9:shadowx=4:shadowy=4,drawtext=fontfile='C\:/Users/leksi/Desktop/NEWYTAUTO/font/Tox Typewriter.ttf':text=Byzant:fontsize=130:fontcolor=white:x=80:y=(h-130)/2:enable='between(t,0.594,0.653)':shadowcolor=black@0.9:shadowx=4:shadowy=4,drawtext=fontfile='C\:/Users/leksi/Desktop/NEWYTAUTO/font/Tox Typewriter.ttf':text=Byzanti:fontsize=130:fontcolor=white:x=80:y=(h-130)/2:enable='between(t,0.653,0.712)':shadowcolor=black@0.9:shadowx=4:shadowy=4,drawtext=fontfile='C\:/Users/leksi/Desktop/NEWYTAUTO/font/Tox Typewriter.ttf':text=Byzantin:fontsize=130:fontcolor=white:x=80:y=(h-130)/2:enable='between(t,0.712,0.771)':shadowcolor=black@0.9:shadowx=4:shadowy=4,drawtext=fontfile='C\:/Users/leksi/Desktop/NEWYTAUTO/font/Tox Typewriter.ttf':text=Byzantine:fontsize=130:fontcolor=white:x=80:y=(h-130)/2:enable='between(t,0.771,0.829)':shadowcolor=black@0.9:shadowx=4:shadowy=4,drawtext=fontfile='C\:/Users/leksi/Desktop/NEWYTAUTO/font/Tox Typewriter.ttf':text=Byzantine :fontsize=130:fontcolor=white:x=80:y=(h-130)/2:enable='between(t,0.829,0.888)':shadowcolor=black@0.9:shadowx=4:shadowy=4,drawtext=fontfile='C\:/Users/leksi/Desktop/NEWYTAUTO/font/Tox Typewriter.ttf':text=Byzantine F:fontsize=130:fontcolor=white:x=80:y=(h-130)/2:enable='between(t,0.888,0.947)':shadowcolor=black@0.9:shadowx=4:shadowy=4,drawtext=fontfile='C\:/Users/leksi/Desktop/NEWYTAUTO/font/Tox Typewriter.ttf':text=Byzantine Fo:fontsize=130:fontcolor=white:x=80:y=(h-130)/2:enable='between(t,0.947,1.006)':shadowcolor=black@0.9:shadowx=4:shadowy=4,drawtext=fontfile='C\:/Users/leksi/Desktop/NEWYTAUTO/font/Tox Typewriter.ttf':text=Byzantine For:fontsize=130:fontcolor=white:x=80:y=(h-130)/2:enable='between(t,1.006,1.065)':shadowcolor=black@0.9:shadowx=4:shadowy=4,drawtext=fontfile='C\:/Users/leksi/Desktop/NEWYTAUTO/font/Tox Typewriter.ttf':text=Byzantine Forc:fontsize=130:fontcolor=white:x=80:y=(h-130)/2:enable='between(t,1.065,1.124)':shadowcolor=black@0.9:shadowx=4:shadowy=4,drawtext=fontfile='C\:/Users/leksi/Desktop/NEWYTAUTO/font/Tox Typewriter.ttf':text=Byzantine Force:fontsize=130:fontcolor=white:x=80:y=(h-130)/2:enable='between(t,1.124,1.182)':shadowcolor=black@0.9:shadowx=4:shadowy=4,drawtext=fontfile='C\:/Users/leksi/Desktop/NEWYTAUTO/font/Tox Typewriter.ttf':text=Byzantine Force\::fontsize=130:fontcolor=white:x=80:y=(h-130)/2:enable='between(t,1.182,1.241)':shadowcolor=black@0.9:shadowx=4:shadowy=4,drawtext=fontfile='C\:/Users/leksi/Desktop/NEWYTAUTO/font/Tox Typewriter.ttf':text=Byzantine Force\: :fontsize=130:fontcolor=white:x=80:y=(h-130)/2:enable='between(t,1.241,1.300)':shadowcolor=black@0.9:shadowx=4:shadowy=4,drawtext=fontfile='C\:/Users/leksi/Desktop/NEWYTAUTO/font/Tox Typewriter.ttf':text=Byzantine Force\: U:fontsize=130:fontcolor=white:x=80:y=(h-130)/2:enable='between(t,1.300,1.359)':shadowcolor=black@0.9:shadowx=4:shadowy=4,drawtext=fontfile='C\:/Users/leksi/Desktop/NEWYTAUTO/font/Tox Typewriter.ttf':text=Byzantine Force\: Up:fontsize=130:fontcolor=white:x=80:y=(h-130)/2:enable='between(t,1.359,1.418)':shadowcolor=black@0.9:shadowx=4:shadowy=4,drawtext=fontfile='C\:/Users/leksi/Desktop/NEWYTAUTO/font/Tox Typewriter.ttf':text=Byzantine Force\: Up :fontsize=130:fontcolor=white:x=80:y=(h-130)/2:enable='between(t,1.418,1.476)':shadowcolor=black@0.9:shadowx=4:shadowy=4,drawtext=fontfile='C\:/Users/leksi/Desktop/NEWYTAUTO/font/Tox Typewriter.ttf':text=Byzantine Force\: Up t:fontsize=130:fontcolor=white:x=80:y=(h-130)/2:enable='between(t,1.476,1.535)':shadowcolor=black@0.9:shadowx=4:shadowy=4,drawtext=fontfile='C\:/Users/leksi/Desktop/NEWYTAUTO/font/Tox Typewriter.ttf':text=Byzantine Force\: Up to:fontsize=130:fontcolor=white:x=80:y=(h-130)/2:enable='between(t,1.535,1.594)':shadowcolor=black@0.9:shadowx=4:shadowy=4,drawtext=fontfile='C\:/Users/leksi/Desktop/NEWYTAUTO/font/Tox Typewriter.ttf':text=Byzantine Force\: Up to :fontsize=130:fontcolor=white:x=80:y=(h-130)/2:enable='between(t,1.594,1.653)':shadowcolor=black@0.9:shadowx=4:shadowy=4,drawtext=fontfile='C\:/Users/leksi/Desktop/NEWYTAUTO/font/Tox Typewriter.ttf':text=Byzantine Force\: Up to 1:fontsize=130:fontcolor=white:x=80:y=(h-130)/2:enable='between(t,1.653,1.712)':shadowcolor=black@0.9:shadowx=4:shadowy=4,drawtext=fontfile='C\:/Users/leksi/Desktop/NEWYTAUTO/font/Tox Typewriter.ttf':text=Byzantine Force\: Up to 15:fontsize=130:fontcolor=white:x=80:y=(h-130)/2:enable='between(t,1.712,1.771)':shadowcolor=black@0.9:shadowx=4:shadowy=4,drawtext=fontfile='C\:/Users/leksi/Desktop/NEWYTAUTO/font/Tox Typewriter.ttf':text=Byzantine Force\: Up to 150:fontsize=130:fontcolor=white:x=80:y=(h-130)/2:enable='between(t,1.771,1.829)':shadowcolor=black@0.9:shadowx=4:shadowy=4,drawtext=fontfile='C\:/Users/leksi/Desktop/NEWYTAUTO/font/Tox Typewriter.ttf':text=Byzantine Force\: Up to 150\,:fontsize=130:fontcolor=white:x=80:y=(h-130)/2:enable='between(t,1.829,1.888)':shadowcolor=black@0.9:shadowx=4:shadowy=4,drawtext=fontfile='C\:/Users/leksi/Desktop/NEWYTAUTO/font/Tox Typewriter.ttf':text=Byzantine Force\: Up to 150\,0:fontsize=130:fontcolor=white:x=80:y=(h-130)/2:enable='between(t,1.888,1.947)':shadowcolor=black@0.9:shadowx=4:shadowy=4,drawtext=fontfile='C\:/Users/leksi/Desktop/NEWYTAUTO/font/Tox Typewriter.ttf':text=Byzantine Force\: Up to 150\,00:fontsize=130:fontcolor=white:x=80:y=(h-130)/2:enable='between(t,1.947,2.006)':shadowcolor=black@0.9:shadowx=4:shadowy=4,drawtext=fontfile='C\:/Users/leksi/Desktop/NEWYTAUTO/font/Tox Typewriter.ttf':text=Byzantine Force\: Up to 150\,000:fontsize=130:fontcolor=white:x=80:y=(h-130)/2:enable='between(t,2.006,2.065)':shadowcolor=black@0.9:shadowx=4:shadowy=4,drawtext=fontfile='C\:/Users/leksi/Desktop/NEWYTAUTO/font/Tox Typewriter.ttf':text=Byzantine Force\: Up to 150\,000 :fontsize=130:fontcolor=white:x=80:y=(h-130)/2:enable='between(t,2.065,2.124)':shadowcolor=black@0.9:shadowx=4:shadowy=4,drawtext=fontfile='C\:/Users/leksi/Desktop/NEWYTAUTO/font/Tox Typewriter.ttf':text=Byzantine Force\: Up to 150\,000 M:fontsize=130:fontcolor=white:x=80:y=(h-130)/2:enable='between(t,2.124,2.182)':shadowcolor=black@0.9:shadowx=4:shadowy=4,drawtext=fontfile='C\:/Users/leksi/Desktop/NEWYTAUTO/font/Tox Typewriter.ttf':text=Byzantine Force\: Up to 150\,000 Me:fontsize=130:fontcolor=white:x=80:y=(h-130)/2:enable='between(t,2.182,2.241)':shadowcolor=black@0.9:shadowx=4:shadowy=4,drawtext=fontfile='C\:/Users/leksi/Desktop/NEWYTAUTO/font/Tox Typewriter.ttf':text=Byzantine Force\: Up to 150\,000 Men:fontsize=130:fontcolor=white:x=80:y=(h-130)/2:enable='between(t,2.241,3.300)':shadowcolor=black@0.9:shadowx=4:shadowy=4' around: ,drawtext=fontfile='C\:/Users/leksi/Desktop/NEWYTAUTO/font/Tox Typewriter.ttf':text=Byzantine Force\: :fontsize=130:fontcolor=white:x=80:y=(h-130)/2:enable='between(t,1.241,1.300)':shadowcolor=black@0.9:shadowx=4:shadowy=4,drawtext=fontfile='C\:/Users/leksi/Desktop/NEWYTAUTO/font/Tox Typewriter.ttf':text=Byzantine Force\: U:fontsize=130:fontcolor=white:x=80:y=(h-130)/2:enable='between(t,1.300,1.359)':shadowcolor=black@0.9:shadowx=4:shadowy=4,drawtext=fontfile='C\:/Users/leksi/Desktop/NEWYTAUTO/font/Tox Typewriter.ttf':text=Byzantine Force\: Up:fontsize=130:fontcolor=white:x=80:y=(h-130)/2:enable='between(t,1.359,1.418)':shadowcolor=black@0.9:shadowx=4:shadowy=4,drawtext=fontfile='C\:/Users/leksi/Desktop/NEWYTAUTO/font/Tox Typewriter.ttf':text=Byzantine Force\: Up :fontsize=130:fontcolor=white:x=80:y=(h-130)/2:enable='between(t,1.418,1.476)':shadowcolor=black@0.9:shadowx=4:shadowy=4,drawtext=fontfile='C\:/Users/leksi/Desktop/NEWYTAUTO/font/Tox Typewriter.ttf':text=Byzantine Force\: Up t:fontsize=130:fontcolor=white:x=80:y=(h-130)/2:enable='between(t,1.476,1.535)':shadowcolor=black@0.9:shadowx=4:shadowy=4,drawtext=fontfile='C\:/Users/leksi/Desktop/NEWYTAUTO/font/Tox Typewriter.ttf':text=Byzantine Force\: Up to:fontsize=130:fontcolor=white:x=80:y=(h-130)/2:enable='between(t,1.535,1.594)':shadowcolor=black@0.9:shadowx=4:shadowy=4,drawtext=fontfile='C\:/Users/leksi/Desktop/NEWYTAUTO/font/Tox Typewriter.ttf':text=Byzantine Force\: Up to :fontsize=130:fontcolor=white:x=80:y=(h-130)/2:enable='between(t,1.594,1.653)':shadowcolor=black@0.9:shadowx=4:shadowy=4,drawtext=fontfile='C\:/Users/leksi/Desktop/NEWYTAUTO/font/Tox Typewriter.ttf':text=Byzantine Force\: Up to 1:fontsize=130:fontcolor=white:x=80:y=(h-130)/2:enable='between(t,1.653,1.712)':shadowcolor=black@0.9:shadowx=4:shadowy=4,drawtext=fontfile='C\:/Users/leksi/Desktop/NEWYTAUTO/font/Tox Typewriter.ttf':text=Byzantine Force\: Up to 15:fontsize=130:fontcolor=white:x=80:y=(h-130)/2:enable='between(t,1.712,1.771)':shadowcolor=black@0.9:shadowx=4:shadowy=4,drawtext=fontfile='C\:/Users/leksi/Desktop/NEWYTAUTO/font/Tox Typewriter.ttf':text=Byzantine Force\: Up to 150:fontsize=130:fontcolor=white:x=80:y=(h-130)/2:enable='between(t,1.771,1.829)':shadowcolor=black@0.9:shadowx=4:shadowy=4,drawtext=fontfile='C\:/Users/leksi/Desktop/NEWYTAUTO/font/Tox Typewriter.ttf':text=Byzantine Force\: Up to 150\,:fontsize=130:fontcolor=white:x=80:y=(h-130)/2:enable='between(t,1.829,1.888)':shadowcolor=black@0.9:shadowx=4:shadowy=4,drawtext=fontfile='C\:/Users/leksi/Desktop/NEWYTAUTO/font/Tox Typewriter.ttf':text=Byzantine Force\: Up to 150\,0:fontsize=130:fontcolor=white:x=80:y=(h-130)/2:enable='between(t,1.888,1.947)':shadowcolor=black@0.9:shadowx=4:shadowy=4,drawtext=fontfile='C\:/Users/leksi/Desktop/NEWYTAUTO/font/Tox Typewriter.ttf':text=Byzantine Force\: Up to 150\,00:fontsize=130:fontcolor=white:x=80:y=(h-130)/2:enable='between(t,1.947,2.006)':shadowcolor=black@0.9:shadowx=4:shadowy=4,drawtext=fontfile='C\:/Users/leksi/Desktop/NEWYTAUTO/font/Tox Typewriter.ttf':text=Byzantine Force\: Up to 150\,000:fontsize=130:fontcolor=white:x=80:y=(h-130)/2:enable='between(t,2.006,2.065)':shadowcolor=black@0.9:shadowx=4:shadowy=4,drawtext=fontfile='C\:/Users/leksi/Desktop/NEWYTAUTO/font/Tox Typewriter.ttf':text=Byzantine Force\: Up to 150\,000 :fontsize=130:fontcolor=white:x=80:y=(h-130)/2:enable='between(t,2.065,2.124)':shadowcolor=black@0.9:shadowx=4:shadowy=4,drawtext=fontfile='C\:/Users/leksi/Desktop/NEWYTAUTO/font/Tox Typewriter.ttf':text=Byzantine Force\: Up to 150\,000 M:fontsize=130:fontcolor=white:x=80:y=(h-130)/2:enable='between(t,2.124,2.182)':shadowcolor=black@0.9:shadowx=4:shadowy=4,drawtext=fontfile='C\:/Users/leksi/Desktop/NEWYTAUTO/font/Tox Typewriter.ttf':text=Byzantine Force\: Up to 150\,000 Me:fontsize=130:fontcolor=white:x=80:y=(h-130)/2:enable='between(t,2.182,2.241)':shadowcolor=black@0.9:shadowx=4:shadowy=4,drawtext=fontfile='C\:/Users/leksi/Desktop/NEWYTAUTO/font/Tox Typewriter.ttf':text=Byzantine Force\: Up to 150\,000 Men:fontsize=130:fontcolor=white:x=80:y=(h-130)/2:enable='between(t,2.241,3.300)':shadowcolor=black@0.9:shadowx=4:shadowy=4
Error opening output file C:\Users\leksi\Desktop\NEWYTAUTO\.autoscene_tmp\35854c7c32\scene_022_raw.mp4.
Error opening output files: Invalid argument

Traceback (most recent call last):
  File "C:\Users\leksi\Desktop\NEWYTAUTO\app\gui\frames\render_frame.py", line 361, in _run
    result = loop.run_until_complete(self._pipeline.run())
  File "C:\Program Files\WindowsApps\PythonSoftwareFoundation.Python.3.13_3.13.3568.0_x64__qbz5n2kfra8p0\Lib\asyncio\base_events.py", line 725, in run_until_complete
    return future.result()
           ~~~~~~~~~~~~~^^
  File "C:\Users\leksi\Desktop\NEWYTAUTO\app\core\pipeline.py", line 116, in run
    clips_with_durations = await self.scene_renderer.render_all_scenes(scene_progress)
                           ^^^^^^^^^^^^^^^^^^^^^^^^^^^^^^^^^^^^^^^^^^^^^^^^^^^^^^^^^^^
  File "C:\Users\leksi\Desktop\NEWYTAUTO\app\renderer\scene_renderer.py", line 368, in render_all_scenes
    result = await self.render_scene(scene, i, progress_callback)
             ^^^^^^^^^^^^^^^^^^^^^^^^^^^^^^^^^^^^^^^^^^^^^^^^^^^^
  File "C:\Users\leksi\Desktop\NEWYTAUTO\app\renderer\scene_renderer.py", line 320, in render_scene
    await loop.run_in_executor(
    ...<9 lines>...
    )
  File "C:\Program Files\WindowsApps\PythonSoftwareFoundation.Python.3.13_3.13.3568.0_x64__qbz5n2kfra8p0\Lib\concurrent\futures\thread.py", line 59, in run
    result = self.fn(*self.args, **self.kwargs)
  File "C:\Users\leksi\Desktop\NEWYTAUTO\app\renderer\scene_renderer.py", line 322, in <lambda>
    lambda: image_to_video(
            ~~~~~~~~~~~~~~^
        image_path=scene.image,
        ^^^^^^^^^^^^^^^^^^^^^^^
    ...<4 lines>...
        overlay_filters=overlay_filters,
        ^^^^^^^^^^^^^^^^^^^^^^^^^^^^^^^^
    ),
    ^
  File "C:\Users\leksi\Desktop\NEWYTAUTO\app\ffmpeg\wrapper.py", line 159, in image_to_video
    _run_ffmpeg(args, description=f"Image->Video ({Path(image_path).name})")
    ~~~~~~~~~~~^^^^^^^^^^^^^^^^^^^^^^^^^^^^^^^^^^^^^^^^^^^^^^^^^^^^^^^^^^^^^
  File "C:\Users\leksi\Desktop\NEWYTAUTO\app\ffmpeg\wrapper.py", line 90, in _run_ffmpeg
    raise RenderError(description, f"FFmpeg exited with code {process.returncode}\n{error_text}")
app.core.exceptions.RenderError: Render error at Image->Video (022.png): FFmpeg exited with code 4294967274
Input #0, png_pipe, from 'C:\Users\leksi\Desktop\NEWYTAUTO\images\022.png':
  Duration: N/A, bitrate: N/A
  Stream #0:0: Video: png, rgba(pc, gbr/unknown/unknown), 1376x768, 25 fps, 25 tbr, 25 tbn
[AVFilterGraph @ 0000021124df9e80] No option name near ':fontsize=130:fontcolor=white:x=80:y=(h-130)/2:enable=between(t,1.182,1.241):shadowcolor=black@0.9:shadowx=4:shadowy=4'
[AVFilterGraph @ 0000021124df9e80] Error parsing a filter description around: ,drawtext=fontfile='C\:/Users/leksi/Desktop/NEWYTAUTO/font/Tox Typewriter.ttf':text=Byzantine Force\: :fontsize=130:fontcolor=white:x=80:y=(h-130)/2:enable='between(t,1.241,1.300)':shadowcolor=black@0.9:shadowx=4:shadowy=4,drawtext=fontfile='C\:/Users/leksi/Desktop/NEWYTAUTO/font/Tox Typewriter.ttf':text=Byzantine Force\: U:fontsize=130:fontcolor=white:x=80:y=(h-130)/2:enable='between(t,1.300,1.359)':shadowcolor=black@0.9:shadowx=4:shadowy=4,drawtext=fontfile='C\:/Users/leksi/Desktop/NEWYTAUTO/font/Tox Typewriter.ttf':text=Byzantine Force\: Up:fontsize=130:fontcolor=white:x=80:y=(h-130)/2:enable='between(t,1.359,1.418)':shadowcolor=black@0.9:shadowx=4:shadowy=4,drawtext=fontfile='C\:/Users/leksi/Desktop/NEWYTAUTO/font/Tox Typewriter.ttf':text=Byzantine Force\: Up :fontsize=130:fontcolor=white:x=80:y=(h-130)/2:enable='between(t,1.418,1.476)':shadowcolor=black@0.9:shadowx=4:shadowy=4,drawtext=fontfile='C\:/Users/leksi/Desktop/NEWYTAUTO/font/Tox Typewriter.ttf':text=Byzantine Force\: Up t:fontsize=130:fontcolor=white:x=80:y=(h-130)/2:enable='between(t,1.476,1.535)':shadowcolor=black@0.9:shadowx=4:shadowy=4,drawtext=fontfile='C\:/Users/leksi/Desktop/NEWYTAUTO/font/Tox Typewriter.ttf':text=Byzantine Force\: Up to:fontsize=130:fontcolor=white:x=80:y=(h-130)/2:enable='between(t,1.535,1.594)':shadowcolor=black@0.9:shadowx=4:shadowy=4,drawtext=fontfile='C\:/Users/leksi/Desktop/NEWYTAUTO/font/Tox Typewriter.ttf':text=Byzantine Force\: Up to :fontsize=130:fontcolor=white:x=80:y=(h-130)/2:enable='between(t,1.594,1.653)':shadowcolor=black@0.9:shadowx=4:shadowy=4,drawtext=fontfile='C\:/Users/leksi/Desktop/NEWYTAUTO/font/Tox Typewriter.ttf':text=Byzantine Force\: Up to 1:fontsize=130:fontcolor=white:x=80:y=(h-130)/2:enable='between(t,1.653,1.712)':shadowcolor=black@0.9:shadowx=4:shadowy=4,drawtext=fontfile='C\:/Users/leksi/Desktop/NEWYTAUTO/font/Tox Typewriter.ttf':text=Byzantine Force\: Up to 15:fontsize=130:fontcolor=white:x=80:y=(h-130)/2:enable='between(t,1.712,1.771)':shadowcolor=black@0.9:shadowx=4:shadowy=4,drawtext=fontfile='C\:/Users/leksi/Desktop/NEWYTAUTO/font/Tox Typewriter.ttf':text=Byzantine Force\: Up to 150:fontsize=130:fontcolor=white:x=80:y=(h-130)/2:enable='between(t,1.771,1.829)':shadowcolor=black@0.9:shadowx=4:shadowy=4,drawtext=fontfile='C\:/Users/leksi/Desktop/NEWYTAUTO/font/Tox Typewriter.ttf':text=Byzantine Force\: Up to 150\,:fontsize=130:fontcolor=white:x=80:y=(h-130)/2:enable='between(t,1.829,1.888)':shadowcolor=black@0.9:shadowx=4:shadowy=4,drawtext=fontfile='C\:/Users/leksi/Desktop/NEWYTAUTO/font/Tox Typewriter.ttf':text=Byzantine Force\: Up to 150\,0:fontsize=130:fontcolor=white:x=80:y=(h-130)/2:enable='between(t,1.888,1.947)':shadowcolor=black@0.9:shadowx=4:shadowy=4,drawtext=fontfile='C\:/Users/leksi/Desktop/NEWYTAUTO/font/Tox Typewriter.ttf':text=Byzantine Force\: Up to 150\,00:fontsize=130:fontcolor=white:x=80:y=(h-130)/2:enable='between(t,1.947,2.006)':shadowcolor=black@0.9:shadowx=4:shadowy=4,drawtext=fontfile='C\:/Users/leksi/Desktop/NEWYTAUTO/font/Tox Typewriter.ttf':text=Byzantine Force\: Up to 150\,000:fontsize=130:fontcolor=white:x=80:y=(h-130)/2:enable='between(t,2.006,2.065)':shadowcolor=black@0.9:shadowx=4:shadowy=4,drawtext=fontfile='C\:/Users/leksi/Desktop/NEWYTAUTO/font/Tox Typewriter.ttf':text=Byzantine Force\: Up to 150\,000 :fontsize=130:fontcolor=white:x=80:y=(h-130)/2:enable='between(t,2.065,2.124)':shadowcolor=black@0.9:shadowx=4:shadowy=4,drawtext=fontfile='C\:/Users/leksi/Desktop/NEWYTAUTO/font/Tox Typewriter.ttf':text=Byzantine Force\: Up to 150\,000 M:fontsize=130:fontcolor=white:x=80:y=(h-130)/2:enable='between(t,2.124,2.182)':shadowcolor=black@0.9:shadowx=4:shadowy=4,drawtext=fontfile='C\:/Users/leksi/Desktop/NEWYTAUTO/font/Tox Typewriter.ttf':text=Byzantine Force\: Up to 150\,000 Me:fontsize=130:fontcolor=white:x=80:y=(h-130)/2:enable='between(t,2.182,2.241)':shadowcolor=black@0.9:shadowx=4:shadowy=4,drawtext=fontfile='C\:/Users/leksi/Desktop/NEWYTAUTO/font/Tox Typewriter.ttf':text=Byzantine Force\: Up to 150\,000 Men:fontsize=130:fontcolor=white:x=80:y=(h-130)/2:enable='between(t,2.241,3.300)':shadowcolor=black@0.9:shadowx=4:shadowy=4
[AVFilterGraph @ 0000021124df9e80] Error parsing filterchain 'scale=3840:2160:force_original_aspect_ratio=increase,crop=3840:2160,zoompan=z='if(eq(on,1),1.08,max(1.0,zoom-0.08/185))':d=185:x='iw/2-(iw/zoom/2)':y='ih/2-(ih/zoom/2)':s=1920x1080:fps=30,drawtext=fontfile='C\:/Users/leksi/Desktop/NEWYTAUTO/font/Tox Typewriter.ttf':text=B:fontsize=130:fontcolor=white:x=80:y=(h-130)/2:enable='between(t,0.300,0.359)':shadowcolor=black@0.9:shadowx=4:shadowy=4,drawtext=fontfile='C\:/Users/leksi/Desktop/NEWYTAUTO/font/Tox Typewriter.ttf':text=By:fontsize=130:fontcolor=white:x=80:y=(h-130)/2:enable='between(t,0.359,0.418)':shadowcolor=black@0.9:shadowx=4:shadowy=4,drawtext=fontfile='C\:/Users/leksi/Desktop/NEWYTAUTO/font/Tox Typewriter.ttf':text=Byz:fontsize=130:fontcolor=white:x=80:y=(h-130)/2:enable='between(t,0.418,0.476)':shadowcolor=black@0.9:shadowx=4:shadowy=4,drawtext=fontfile='C\:/Users/leksi/Desktop/NEWYTAUTO/font/Tox Typewriter.ttf':text=Byza:fontsize=130:fontcolor=white:x=80:y=(h-130)/2:enable='between(t,0.476,0.535)':shadowcolor=black@0.9:shadowx=4:shadowy=4,drawtext=fontfile='C\:/Users/leksi/Desktop/NEWYTAUTO/font/Tox Typewriter.ttf':text=Byzan:fontsize=130:fontcolor=white:x=80:y=(h-130)/2:enable='between(t,0.535,0.594)':shadowcolor=black@0.9:shadowx=4:shadowy=4,drawtext=fontfile='C\:/Users/leksi/Desktop/NEWYTAUTO/font/Tox Typewriter.ttf':text=Byzant:fontsize=130:fontcolor=white:x=80:y=(h-130)/2:enable='between(t,0.594,0.653)':shadowcolor=black@0.9:shadowx=4:shadowy=4,drawtext=fontfile='C\:/Users/leksi/Desktop/NEWYTAUTO/font/Tox Typewriter.ttf':text=Byzanti:fontsize=130:fontcolor=white:x=80:y=(h-130)/2:enable='between(t,0.653,0.712)':shadowcolor=black@0.9:shadowx=4:shadowy=4,drawtext=fontfile='C\:/Users/leksi/Desktop/NEWYTAUTO/font/Tox Typewriter.ttf':text=Byzantin:fontsize=130:fontcolor=white:x=80:y=(h-130)/2:enable='between(t,0.712,0.771)':shadowcolor=black@0.9:shadowx=4:shadowy=4,drawtext=fontfile='C\:/Users/leksi/Desktop/NEWYTAUTO/font/Tox Typewriter.ttf':text=Byzantine:fontsize=130:fontcolor=white:x=80:y=(h-130)/2:enable='between(t,0.771,0.829)':shadowcolor=black@0.9:shadowx=4:shadowy=4,drawtext=fontfile='C\:/Users/leksi/Desktop/NEWYTAUTO/font/Tox Typewriter.ttf':text=Byzantine :fontsize=130:fontcolor=white:x=80:y=(h-130)/2:enable='between(t,0.829,0.888)':shadowcolor=black@0.9:shadowx=4:shadowy=4,drawtext=fontfile='C\:/Users/leksi/Desktop/NEWYTAUTO/font/Tox Typewriter.ttf':text=Byzantine F:fontsize=130:fontcolor=white:x=80:y=(h-130)/2:enable='between(t,0.888,0.947)':shadowcolor=black@0.9:shadowx=4:shadowy=4,drawtext=fontfile='C\:/Users/leksi/Desktop/NEWYTAUTO/font/Tox Typewriter.ttf':text=Byzantine Fo:fontsize=130:fontcolor=white:x=80:y=(h-130)/2:enable='between(t,0.947,1.006)':shadowcolor=black@0.9:shadowx=4:shadowy=4,drawtext=fontfile='C\:/Users/leksi/Desktop/NEWYTAUTO/font/Tox Typewriter.ttf':text=Byzantine For:fontsize=130:fontcolor=white:x=80:y=(h-130)/2:enable='between(t,1.006,1.065)':shadowcolor=black@0.9:shadowx=4:shadowy=4,drawtext=fontfile='C\:/Users/leksi/Desktop/NEWYTAUTO/font/Tox Typewriter.ttf':text=Byzantine Forc:fontsize=130:fontcolor=white:x=80:y=(h-130)/2:enable='between(t,1.065,1.124)':shadowcolor=black@0.9:shadowx=4:shadowy=4,drawtext=fontfile='C\:/Users/leksi/Desktop/NEWYTAUTO/font/Tox Typewriter.ttf':text=Byzantine Force:fontsize=130:fontcolor=white:x=80:y=(h-130)/2:enable='between(t,1.124,1.182)':shadowcolor=black@0.9:shadowx=4:shadowy=4,drawtext=fontfile='C\:/Users/leksi/Desktop/NEWYTAUTO/font/Tox Typewriter.ttf':text=Byzantine Force\::fontsize=130:fontcolor=white:x=80:y=(h-130)/2:enable='between(t,1.182,1.241)':shadowcolor=black@0.9:shadowx=4:shadowy=4,drawtext=fontfile='C\:/Users/leksi/Desktop/NEWYTAUTO/font/Tox Typewriter.ttf':text=Byzantine Force\: :fontsize=130:fontcolor=white:x=80:y=(h-130)/2:enable='between(t,1.241,1.300)':shadowcolor=black@0.9:shadowx=4:shadowy=4,drawtext=fontfile='C\:/Users/leksi/Desktop/NEWYTAUTO/font/Tox Typewriter.ttf':text=Byzantine Force\: U:fontsize=130:fontcolor=white:x=80:y=(h-130)/2:enable='between(t,1.300,1.359)':shadowcolor=black@0.9:shadowx=4:shadowy=4,drawtext=fontfile='C\:/Users/leksi/Desktop/NEWYTAUTO/font/Tox Typewriter.ttf':text=Byzantine Force\: Up:fontsize=130:fontcolor=white:x=80:y=(h-130)/2:enable='between(t,1.359,1.418)':shadowcolor=black@0.9:shadowx=4:shadowy=4,drawtext=fontfile='C\:/Users/leksi/Desktop/NEWYTAUTO/font/Tox Typewriter.ttf':text=Byzantine Force\: Up :fontsize=130:fontcolor=white:x=80:y=(h-130)/2:enable='between(t,1.418,1.476)':shadowcolor=black@0.9:shadowx=4:shadowy=4,drawtext=fontfile='C\:/Users/leksi/Desktop/NEWYTAUTO/font/Tox Typewriter.ttf':text=Byzantine Force\: Up t:fontsize=130:fontcolor=white:x=80:y=(h-130)/2:enable='between(t,1.476,1.535)':shadowcolor=black@0.9:shadowx=4:shadowy=4,drawtext=fontfile='C\:/Users/leksi/Desktop/NEWYTAUTO/font/Tox Typewriter.ttf':text=Byzantine Force\: Up to:fontsize=130:fontcolor=white:x=80:y=(h-130)/2:enable='between(t,1.535,1.594)':shadowcolor=black@0.9:shadowx=4:shadowy=4,drawtext=fontfile='C\:/Users/leksi/Desktop/NEWYTAUTO/font/Tox Typewriter.ttf':text=Byzantine Force\: Up to :fontsize=130:fontcolor=white:x=80:y=(h-130)/2:enable='between(t,1.594,1.653)':shadowcolor=black@0.9:shadowx=4:shadowy=4,drawtext=fontfile='C\:/Users/leksi/Desktop/NEWYTAUTO/font/Tox Typewriter.ttf':text=Byzantine Force\: Up to 1:fontsize=130:fontcolor=white:x=80:y=(h-130)/2:enable='between(t,1.653,1.712)':shadowcolor=black@0.9:shadowx=4:shadowy=4,drawtext=fontfile='C\:/Users/leksi/Desktop/NEWYTAUTO/font/Tox Typewriter.ttf':text=Byzantine Force\: Up to 15:fontsize=130:fontcolor=white:x=80:y=(h-130)/2:enable='between(t,1.712,1.771)':shadowcolor=black@0.9:shadowx=4:shadowy=4,drawtext=fontfile='C\:/Users/leksi/Desktop/NEWYTAUTO/font/Tox Typewriter.ttf':text=Byzantine Force\: Up to 150:fontsize=130:fontcolor=white:x=80:y=(h-130)/2:enable='between(t,1.771,1.829)':shadowcolor=black@0.9:shadowx=4:shadowy=4,drawtext=fontfile='C\:/Users/leksi/Desktop/NEWYTAUTO/font/Tox Typewriter.ttf':text=Byzantine Force\: Up to 150\,:fontsize=130:fontcolor=white:x=80:y=(h-130)/2:enable='between(t,1.829,1.888)':shadowcolor=black@0.9:shadowx=4:shadowy=4,drawtext=fontfile='C\:/Users/leksi/Desktop/NEWYTAUTO/font/Tox Typewriter.ttf':text=Byzantine Force\: Up to 150\,0:fontsize=130:fontcolor=white:x=80:y=(h-130)/2:enable='between(t,1.888,1.947)':shadowcolor=black@0.9:shadowx=4:shadowy=4,drawtext=fontfile='C\:/Users/leksi/Desktop/NEWYTAUTO/font/Tox Typewriter.ttf':text=Byzantine Force\: Up to 150\,00:fontsize=130:fontcolor=white:x=80:y=(h-130)/2:enable='between(t,1.947,2.006)':shadowcolor=black@0.9:shadowx=4:shadowy=4,drawtext=fontfile='C\:/Users/leksi/Desktop/NEWYTAUTO/font/Tox Typewriter.ttf':text=Byzantine Force\: Up to 150\,000:fontsize=130:fontcolor=white:x=80:y=(h-130)/2:enable='between(t,2.006,2.065)':shadowcolor=black@0.9:shadowx=4:shadowy=4,drawtext=fontfile='C\:/Users/leksi/Desktop/NEWYTAUTO/font/Tox Typewriter.ttf':text=Byzantine Force\: Up to 150\,000 :fontsize=130:fontcolor=white:x=80:y=(h-130)/2:enable='between(t,2.065,2.124)':shadowcolor=black@0.9:shadowx=4:shadowy=4,drawtext=fontfile='C\:/Users/leksi/Desktop/NEWYTAUTO/font/Tox Typewriter.ttf':text=Byzantine Force\: Up to 150\,000 M:fontsize=130:fontcolor=white:x=80:y=(h-130)/2:enable='between(t,2.124,2.182)':shadowcolor=black@0.9:shadowx=4:shadowy=4,drawtext=fontfile='C\:/Users/leksi/Desktop/NEWYTAUTO/font/Tox Typewriter.ttf':text=Byzantine Force\: Up to 150\,000 Me:fontsize=130:fontcolor=white:x=80:y=(h-130)/2:enable='between(t,2.182,2.241)':shadowcolor=black@0.9:shadowx=4:shadowy=4,drawtext=fontfile='C\:/Users/leksi/Desktop/NEWYTAUTO/font/Tox Typewriter.ttf':text=Byzantine Force\: Up to 150\,000 Men:fontsize=130:fontcolor=white:x=80:y=(h-130)/2:enable='between(t,2.241,3.300)':shadowcolor=black@0.9:shadowx=4:shadowy=4' around: ,drawtext=fontfile='C\:/Users/leksi/Desktop/NEWYTAUTO/font/Tox Typewriter.ttf':text=Byzantine Force\: :fontsize=130:fontcolor=white:x=80:y=(h-130)/2:enable='between(t,1.241,1.300)':shadowcolor=black@0.9:shadowx=4:shadowy=4,drawtext=fontfile='C\:/Users/leksi/Desktop/NEWYTAUTO/font/Tox Typewriter.ttf':text=Byzantine Force\: U:fontsize=130:fontcolor=white:x=80:y=(h-130)/2:enable='between(t,1.300,1.359)':shadowcolor=black@0.9:shadowx=4:shadowy=4,drawtext=fontfile='C\:/Users/leksi/Desktop/NEWYTAUTO/font/Tox Typewriter.ttf':text=Byzantine Force\: Up:fontsize=130:fontcolor=white:x=80:y=(h-130)/2:enable='between(t,1.359,1.418)':shadowcolor=black@0.9:shadowx=4:shadowy=4,drawtext=fontfile='C\:/Users/leksi/Desktop/NEWYTAUTO/font/Tox Typewriter.ttf':text=Byzantine Force\: Up :fontsize=130:fontcolor=white:x=80:y=(h-130)/2:enable='between(t,1.418,1.476)':shadowcolor=black@0.9:shadowx=4:shadowy=4,drawtext=fontfile='C\:/Users/leksi/Desktop/NEWYTAUTO/font/Tox Typewriter.ttf':text=Byzantine Force\: Up t:fontsize=130:fontcolor=white:x=80:y=(h-130)/2:enable='between(t,1.476,1.535)':shadowcolor=black@0.9:shadowx=4:shadowy=4,drawtext=fontfile='C\:/Users/leksi/Desktop/NEWYTAUTO/font/Tox Typewriter.ttf':text=Byzantine Force\: Up to:fontsize=130:fontcolor=white:x=80:y=(h-130)/2:enable='between(t,1.535,1.594)':shadowcolor=black@0.9:shadowx=4:shadowy=4,drawtext=fontfile='C\:/Users/leksi/Desktop/NEWYTAUTO/font/Tox Typewriter.ttf':text=Byzantine Force\: Up to :fontsize=130:fontcolor=white:x=80:y=(h-130)/2:enable='between(t,1.594,1.653)':shadowcolor=black@0.9:shadowx=4:shadowy=4,drawtext=fontfile='C\:/Users/leksi/Desktop/NEWYTAUTO/font/Tox Typewriter.ttf':text=Byzantine Force\: Up to 1:fontsize=130:fontcolor=white:x=80:y=(h-130)/2:enable='between(t,1.653,1.712)':shadowcolor=black@0.9:shadowx=4:shadowy=4,drawtext=fontfile='C\:/Users/leksi/Desktop/NEWYTAUTO/font/Tox Typewriter.ttf':text=Byzantine Force\: Up to 15:fontsize=130:fontcolor=white:x=80:y=(h-130)/2:enable='between(t,1.712,1.771)':shadowcolor=black@0.9:shadowx=4:shadowy=4,drawtext=fontfile='C\:/Users/leksi/Desktop/NEWYTAUTO/font/Tox Typewriter.ttf':text=Byzantine Force\: Up to 150:fontsize=130:fontcolor=white:x=80:y=(h-130)/2:enable='between(t,1.771,1.829)':shadowcolor=black@0.9:shadowx=4:shadowy=4,drawtext=fontfile='C\:/Users/leksi/Desktop/NEWYTAUTO/font/Tox Typewriter.ttf':text=Byzantine Force\: Up to 150\,:fontsize=130:fontcolor=white:x=80:y=(h-130)/2:enable='between(t,1.829,1.888)':shadowcolor=black@0.9:shadowx=4:shadowy=4,drawtext=fontfile='C\:/Users/leksi/Desktop/NEWYTAUTO/font/Tox Typewriter.ttf':text=Byzantine Force\: Up to 150\,0:fontsize=130:fontcolor=white:x=80:y=(h-130)/2:enable='between(t,1.888,1.947)':shadowcolor=black@0.9:shadowx=4:shadowy=4,drawtext=fontfile='C\:/Users/leksi/Desktop/NEWYTAUTO/font/Tox Typewriter.ttf':text=Byzantine Force\: Up to 150\,00:fontsize=130:fontcolor=white:x=80:y=(h-130)/2:enable='between(t,1.947,2.006)':shadowcolor=black@0.9:shadowx=4:shadowy=4,drawtext=fontfile='C\:/Users/leksi/Desktop/NEWYTAUTO/font/Tox Typewriter.ttf':text=Byzantine Force\: Up to 150\,000:fontsize=130:fontcolor=white:x=80:y=(h-130)/2:enable='between(t,2.006,2.065)':shadowcolor=black@0.9:shadowx=4:shadowy=4,drawtext=fontfile='C\:/Users/leksi/Desktop/NEWYTAUTO/font/Tox Typewriter.ttf':text=Byzantine Force\: Up to 150\,000 :fontsize=130:fontcolor=white:x=80:y=(h-130)/2:enable='between(t,2.065,2.124)':shadowcolor=black@0.9:shadowx=4:shadowy=4,drawtext=fontfile='C\:/Users/leksi/Desktop/NEWYTAUTO/font/Tox Typewriter.ttf':text=Byzantine Force\: Up to 150\,000 M:fontsize=130:fontcolor=white:x=80:y=(h-130)/2:enable='between(t,2.124,2.182)':shadowcolor=black@0.9:shadowx=4:shadowy=4,drawtext=fontfile='C\:/Users/leksi/Desktop/NEWYTAUTO/font/Tox Typewriter.ttf':text=Byzantine Force\: Up to 150\,000 Me:fontsize=130:fontcolor=white:x=80:y=(h-130)/2:enable='between(t,2.182,2.241)':shadowcolor=black@0.9:shadowx=4:shadowy=4,drawtext=fontfile='C\:/Users/leksi/Desktop/NEWYTAUTO/font/Tox Typewriter.ttf':text=Byzantine Force\: Up to 150\,000 Men:fontsize=130:fontcolor=white:x=80:y=(h-130)/2:enable='between(t,2.241,3.300)':shadowcolor=black@0.9:shadowx=4:shadowy=4
Error opening output file C:\Users\leksi\Desktop\NEWYTAUTO\.autoscene_tmp\35854c7c32\scene_022_raw.mp4.
Error opening output files: Invalid argument

[2026-05-24 16:47:22] [Battle of Yarmouk] Render error at Image->Video (022.png): FFmpeg exited with code 4294967274
Input #0, png_pipe, from 'C:\Users\leksi\Desktop\NEWYTAUTO\images\022.png':
  Duration: N/A, bitrate: N/A
  Stream #0:0: Video: png, rgba(pc, gbr/unknown/unknown), 1376x768, 25 fps, 25 tbr, 25 tbn
[AVFilterGraph @ 0000023b31c5e540] No option name near ':fontsize=130:fontcolor=white:x=80:y=(h-130)/2:enable=between(t,1.182,1.241):shadowcolor=black@0.9:shadowx=4:shadowy=4'
[AVFilterGraph @ 0000023b31c5e540] Error parsing a filter description around: ,drawtext=fontfile='C\:/Users/leksi/Desktop/NEWYTAUTO/font/Tox Typewriter.ttf':text=Byzantine Force\: :fontsize=130:fontcolor=white:x=80:y=(h-130)/2:enable='between(t,1.241,1.300)':shadowcolor=black@0.9:shadowx=4:shadowy=4,drawtext=fontfile='C\:/Users/leksi/Desktop/NEWYTAUTO/font/Tox Typewriter.ttf':text=Byzantine Force\: U:fontsize=130:fontcolor=white:x=80:y=(h-130)/2:enable='between(t,1.300,1.359)':shadowcolor=black@0.9:shadowx=4:shadowy=4,drawtext=fontfile='C\:/Users/leksi/Desktop/NEWYTAUTO/font/Tox Typewriter.ttf':text=Byzantine Force\: Up:fontsize=130:fontcolor=white:x=80:y=(h-130)/2:enable='between(t,1.359,1.418)':shadowcolor=black@0.9:shadowx=4:shadowy=4,drawtext=fontfile='C\:/Users/leksi/Desktop/NEWYTAUTO/font/Tox Typewriter.ttf':text=Byzantine Force\: Up :fontsize=130:fontcolor=white:x=80:y=(h-130)/2:enable='between(t,1.418,1.476)':shadowcolor=black@0.9:shadowx=4:shadowy=4,drawtext=fontfile='C\:/Users/leksi/Desktop/NEWYTAUTO/font/Tox Typewriter.ttf':text=Byzantine Force\: Up t:fontsize=130:fontcolor=white:x=80:y=(h-130)/2:enable='between(t,1.476,1.535)':shadowcolor=black@0.9:shadowx=4:shadowy=4,drawtext=fontfile='C\:/Users/leksi/Desktop/NEWYTAUTO/font/Tox Typewriter.ttf':text=Byzantine Force\: Up to:fontsize=130:fontcolor=white:x=80:y=(h-130)/2:enable='between(t,1.535,1.594)':shadowcolor=black@0.9:shadowx=4:shadowy=4,drawtext=fontfile='C\:/Users/leksi/Desktop/NEWYTAUTO/font/Tox Typewriter.ttf':text=Byzantine Force\: Up to :fontsize=130:fontcolor=white:x=80:y=(h-130)/2:enable='between(t,1.594,1.653)':shadowcolor=black@0.9:shadowx=4:shadowy=4,drawtext=fontfile='C\:/Users/leksi/Desktop/NEWYTAUTO/font/Tox Typewriter.ttf':text=Byzantine Force\: Up to 1:fontsize=130:fontcolor=white:x=80:y=(h-130)/2:enable='between(t,1.653,1.712)':shadowcolor=black@0.9:shadowx=4:shadowy=4,drawtext=fontfile='C\:/Users/leksi/Desktop/NEWYTAUTO/font/Tox Typewriter.ttf':text=Byzantine Force\: Up to 15:fontsize=130:fontcolor=white:x=80:y=(h-130)/2:enable='between(t,1.712,1.771)':shadowcolor=black@0.9:shadowx=4:shadowy=4,drawtext=fontfile='C\:/Users/leksi/Desktop/NEWYTAUTO/font/Tox Typewriter.ttf':text=Byzantine Force\: Up to 150:fontsize=130:fontcolor=white:x=80:y=(h-130)/2:enable='between(t,1.771,1.829)':shadowcolor=black@0.9:shadowx=4:shadowy=4,drawtext=fontfile='C\:/Users/leksi/Desktop/NEWYTAUTO/font/Tox Typewriter.ttf':text=Byzantine Force\: Up to 150\,:fontsize=130:fontcolor=white:x=80:y=(h-130)/2:enable='between(t,1.829,1.888)':shadowcolor=black@0.9:shadowx=4:shadowy=4,drawtext=fontfile='C\:/Users/leksi/Desktop/NEWYTAUTO/font/Tox Typewriter.ttf':text=Byzantine Force\: Up to 150\,0:fontsize=130:fontcolor=white:x=80:y=(h-130)/2:enable='between(t,1.888,1.947)':shadowcolor=black@0.9:shadowx=4:shadowy=4,drawtext=fontfile='C\:/Users/leksi/Desktop/NEWYTAUTO/font/Tox Typewriter.ttf':text=Byzantine Force\: Up to 150\,00:fontsize=130:fontcolor=white:x=80:y=(h-130)/2:enable='between(t,1.947,2.006)':shadowcolor=black@0.9:shadowx=4:shadowy=4,drawtext=fontfile='C\:/Users/leksi/Desktop/NEWYTAUTO/font/Tox Typewriter.ttf':text=Byzantine Force\: Up to 150\,000:fontsize=130:fontcolor=white:x=80:y=(h-130)/2:enable='between(t,2.006,2.065)':shadowcolor=black@0.9:shadowx=4:shadowy=4,drawtext=fontfile='C\:/Users/leksi/Desktop/NEWYTAUTO/font/Tox Typewriter.ttf':text=Byzantine Force\: Up to 150\,000 :fontsize=130:fontcolor=white:x=80:y=(h-130)/2:enable='between(t,2.065,2.124)':shadowcolor=black@0.9:shadowx=4:shadowy=4,drawtext=fontfile='C\:/Users/leksi/Desktop/NEWYTAUTO/font/Tox Typewriter.ttf':text=Byzantine Force\: Up to 150\,000 M:fontsize=130:fontcolor=white:x=80:y=(h-130)/2:enable='between(t,2.124,2.182)':shadowcolor=black@0.9:shadowx=4:shadowy=4,drawtext=fontfile='C\:/Users/leksi/Desktop/NEWYTAUTO/font/Tox Typewriter.ttf':text=Byzantine Force\: Up to 150\,000 Me:fontsize=130:fontcolor=white:x=80:y=(h-130)/2:enable='between(t,2.182,2.241)':shadowcolor=black@0.9:shadowx=4:shadowy=4,drawtext=fontfile='C\:/Users/leksi/Desktop/NEWYTAUTO/font/Tox Typewriter.ttf':text=Byzantine Force\: Up to 150\,000 Men:fontsize=130:fontcolor=white:x=80:y=(h-130)/2:enable='between(t,2.241,3.300)':shadowcolor=black@0.9:shadowx=4:shadowy=4
[AVFilterGraph @ 0000023b31c5e540] Error parsing filterchain 'scale=3840:2160:force_original_aspect_ratio=increase,crop=3840:2160,zoompan=z='if(eq(on,1),1.08,max(1.0,zoom-0.08/185))':d=185:x='iw/2-(iw/zoom/2)':y='ih/2-(ih/zoom/2)':s=1920x1080:fps=30,drawtext=fontfile='C\:/Users/leksi/Desktop/NEWYTAUTO/font/Tox Typewriter.ttf':text=B:fontsize=130:fontcolor=white:x=80:y=(h-130)/2:enable='between(t,0.300,0.359)':shadowcolor=black@0.9:shadowx=4:shadowy=4,drawtext=fontfile='C\:/Users/leksi/Desktop/NEWYTAUTO/font/Tox Typewriter.ttf':text=By:fontsize=130:fontcolor=white:x=80:y=(h-130)/2:enable='between(t,0.359,0.418)':shadowcolor=black@0.9:shadowx=4:shadowy=4,drawtext=fontfile='C\:/Users/leksi/Desktop/NEWYTAUTO/font/Tox Typewriter.ttf':text=Byz:fontsize=130:fontcolor=white:x=80:y=(h-130)/2:enable='between(t,0.418,0.476)':shadowcolor=black@0.9:shadowx=4:shadowy=4,drawtext=fontfile='C\:/Users/leksi/Desktop/NEWYTAUTO/font/Tox Typewriter.ttf':text=Byza:fontsize=130:fontcolor=white:x=80:y=(h-130)/2:enable='between(t,0.476,0.535)':shadowcolor=black@0.9:shadowx=4:shadowy=4,drawtext=fontfile='C\:/Users/leksi/Desktop/NEWYTAUTO/font/Tox Typewriter.ttf':text=Byzan:fontsize=130:fontcolor=white:x=80:y=(h-130)/2:enable='between(t,0.535,0.594)':shadowcolor=black@0.9:shadowx=4:shadowy=4,drawtext=fontfile='C\:/Users/leksi/Desktop/NEWYTAUTO/font/Tox Typewriter.ttf':text=Byzant:fontsize=130:fontcolor=white:x=80:y=(h-130)/2:enable='between(t,0.594,0.653)':shadowcolor=black@0.9:shadowx=4:shadowy=4,drawtext=fontfile='C\:/Users/leksi/Desktop/NEWYTAUTO/font/Tox Typewriter.ttf':text=Byzanti:fontsize=130:fontcolor=white:x=80:y=(h-130)/2:enable='between(t,0.653,0.712)':shadowcolor=black@0.9:shadowx=4:shadowy=4,drawtext=fontfile='C\:/Users/leksi/Desktop/NEWYTAUTO/font/Tox Typewriter.ttf':text=Byzantin:fontsize=130:fontcolor=white:x=80:y=(h-130)/2:enable='between(t,0.712,0.771)':shadowcolor=black@0.9:shadowx=4:shadowy=4,drawtext=fontfile='C\:/Users/leksi/Desktop/NEWYTAUTO/font/Tox Typewriter.ttf':text=Byzantine:fontsize=130:fontcolor=white:x=80:y=(h-130)/2:enable='between(t,0.771,0.829)':shadowcolor=black@0.9:shadowx=4:shadowy=4,drawtext=fontfile='C\:/Users/leksi/Desktop/NEWYTAUTO/font/Tox Typewriter.ttf':text=Byzantine :fontsize=130:fontcolor=white:x=80:y=(h-130)/2:enable='between(t,0.829,0.888)':shadowcolor=black@0.9:shadowx=4:shadowy=4,drawtext=fontfile='C\:/Users/leksi/Desktop/NEWYTAUTO/font/Tox Typewriter.ttf':text=Byzantine F:fontsize=130:fontcolor=white:x=80:y=(h-130)/2:enable='between(t,0.888,0.947)':shadowcolor=black@0.9:shadowx=4:shadowy=4,drawtext=fontfile='C\:/Users/leksi/Desktop/NEWYTAUTO/font/Tox Typewriter.ttf':text=Byzantine Fo:fontsize=130:fontcolor=white:x=80:y=(h-130)/2:enable='between(t,0.947,1.006)':shadowcolor=black@0.9:shadowx=4:shadowy=4,drawtext=fontfile='C\:/Users/leksi/Desktop/NEWYTAUTO/font/Tox Typewriter.ttf':text=Byzantine For:fontsize=130:fontcolor=white:x=80:y=(h-130)/2:enable='between(t,1.006,1.065)':shadowcolor=black@0.9:shadowx=4:shadowy=4,drawtext=fontfile='C\:/Users/leksi/Desktop/NEWYTAUTO/font/Tox Typewriter.ttf':text=Byzantine Forc:fontsize=130:fontcolor=white:x=80:y=(h-130)/2:enable='between(t,1.065,1.124)':shadowcolor=black@0.9:shadowx=4:shadowy=4,drawtext=fontfile='C\:/Users/leksi/Desktop/NEWYTAUTO/font/Tox Typewriter.ttf':text=Byzantine Force:fontsize=130:fontcolor=white:x=80:y=(h-130)/2:enable='between(t,1.124,1.182)':shadowcolor=black@0.9:shadowx=4:shadowy=4,drawtext=fontfile='C\:/Users/leksi/Desktop/NEWYTAUTO/font/Tox Typewriter.ttf':text=Byzantine Force\::fontsize=130:fontcolor=white:x=80:y=(h-130)/2:enable='between(t,1.182,1.241)':shadowcolor=black@0.9:shadowx=4:shadowy=4,drawtext=fontfile='C\:/Users/leksi/Desktop/NEWYTAUTO/font/Tox Typewriter.ttf':text=Byzantine Force\: :fontsize=130:fontcolor=white:x=80:y=(h-130)/2:enable='between(t,1.241,1.300)':shadowcolor=black@0.9:shadowx=4:shadowy=4,drawtext=fontfile='C\:/Users/leksi/Desktop/NEWYTAUTO/font/Tox Typewriter.ttf':text=Byzantine Force\: U:fontsize=130:fontcolor=white:x=80:y=(h-130)/2:enable='between(t,1.300,1.359)':shadowcolor=black@0.9:shadowx=4:shadowy=4,drawtext=fontfile='C\:/Users/leksi/Desktop/NEWYTAUTO/font/Tox Typewriter.ttf':text=Byzantine Force\: Up:fontsize=130:fontcolor=white:x=80:y=(h-130)/2:enable='between(t,1.359,1.418)':shadowcolor=black@0.9:shadowx=4:shadowy=4,drawtext=fontfile='C\:/Users/leksi/Desktop/NEWYTAUTO/font/Tox Typewriter.ttf':text=Byzantine Force\: Up :fontsize=130:fontcolor=white:x=80:y=(h-130)/2:enable='between(t,1.418,1.476)':shadowcolor=black@0.9:shadowx=4:shadowy=4,drawtext=fontfile='C\:/Users/leksi/Desktop/NEWYTAUTO/font/Tox Typewriter.ttf':text=Byzantine Force\: Up t:fontsize=130:fontcolor=white:x=80:y=(h-130)/2:enable='between(t,1.476,1.535)':shadowcolor=black@0.9:shadowx=4:shadowy=4,drawtext=fontfile='C\:/Users/leksi/Desktop/NEWYTAUTO/font/Tox Typewriter.ttf':text=Byzantine Force\: Up to:fontsize=130:fontcolor=white:x=80:y=(h-130)/2:enable='between(t,1.535,1.594)':shadowcolor=black@0.9:shadowx=4:shadowy=4,drawtext=fontfile='C\:/Users/leksi/Desktop/NEWYTAUTO/font/Tox Typewriter.ttf':text=Byzantine Force\: Up to :fontsize=130:fontcolor=white:x=80:y=(h-130)/2:enable='between(t,1.594,1.653)':shadowcolor=black@0.9:shadowx=4:shadowy=4,drawtext=fontfile='C\:/Users/leksi/Desktop/NEWYTAUTO/font/Tox Typewriter.ttf':text=Byzantine Force\: Up to 1:fontsize=130:fontcolor=white:x=80:y=(h-130)/2:enable='between(t,1.653,1.712)':shadowcolor=black@0.9:shadowx=4:shadowy=4,drawtext=fontfile='C\:/Users/leksi/Desktop/NEWYTAUTO/font/Tox Typewriter.ttf':text=Byzantine Force\: Up to 15:fontsize=130:fontcolor=white:x=80:y=(h-130)/2:enable='between(t,1.712,1.771)':shadowcolor=black@0.9:shadowx=4:shadowy=4,drawtext=fontfile='C\:/Users/leksi/Desktop/NEWYTAUTO/font/Tox Typewriter.ttf':text=Byzantine Force\: Up to 150:fontsize=130:fontcolor=white:x=80:y=(h-130)/2:enable='between(t,1.771,1.829)':shadowcolor=black@0.9:shadowx=4:shadowy=4,drawtext=fontfile='C\:/Users/leksi/Desktop/NEWYTAUTO/font/Tox Typewriter.ttf':text=Byzantine Force\: Up to 150\,:fontsize=130:fontcolor=white:x=80:y=(h-130)/2:enable='between(t,1.829,1.888)':shadowcolor=black@0.9:shadowx=4:shadowy=4,drawtext=fontfile='C\:/Users/leksi/Desktop/NEWYTAUTO/font/Tox Typewriter.ttf':text=Byzantine Force\: Up to 150\,0:fontsize=130:fontcolor=white:x=80:y=(h-130)/2:enable='between(t,1.888,1.947)':shadowcolor=black@0.9:shadowx=4:shadowy=4,drawtext=fontfile='C\:/Users/leksi/Desktop/NEWYTAUTO/font/Tox Typewriter.ttf':text=Byzantine Force\: Up to 150\,00:fontsize=130:fontcolor=white:x=80:y=(h-130)/2:enable='between(t,1.947,2.006)':shadowcolor=black@0.9:shadowx=4:shadowy=4,drawtext=fontfile='C\:/Users/leksi/Desktop/NEWYTAUTO/font/Tox Typewriter.ttf':text=Byzantine Force\: Up to 150\,000:fontsize=130:fontcolor=white:x=80:y=(h-130)/2:enable='between(t,2.006,2.065)':shadowcolor=black@0.9:shadowx=4:shadowy=4,drawtext=fontfile='C\:/Users/leksi/Desktop/NEWYTAUTO/font/Tox Typewriter.ttf':text=Byzantine Force\: Up to 150\,000 :fontsize=130:fontcolor=white:x=80:y=(h-130)/2:enable='between(t,2.065,2.124)':shadowcolor=black@0.9:shadowx=4:shadowy=4,drawtext=fontfile='C\:/Users/leksi/Desktop/NEWYTAUTO/font/Tox Typewriter.ttf':text=Byzantine Force\: Up to 150\,000 M:fontsize=130:fontcolor=white:x=80:y=(h-130)/2:enable='between(t,2.124,2.182)':shadowcolor=black@0.9:shadowx=4:shadowy=4,drawtext=fontfile='C\:/Users/leksi/Desktop/NEWYTAUTO/font/Tox Typewriter.ttf':text=Byzantine Force\: Up to 150\,000 Me:fontsize=130:fontcolor=white:x=80:y=(h-130)/2:enable='between(t,2.182,2.241)':shadowcolor=black@0.9:shadowx=4:shadowy=4,drawtext=fontfile='C\:/Users/leksi/Desktop/NEWYTAUTO/font/Tox Typewriter.ttf':text=Byzantine Force\: Up to 150\,000 Men:fontsize=130:fontcolor=white:x=80:y=(h-130)/2:enable='between(t,2.241,3.300)':shadowcolor=black@0.9:shadowx=4:shadowy=4' around: ,drawtext=fontfile='C\:/Users/leksi/Desktop/NEWYTAUTO/font/Tox Typewriter.ttf':text=Byzantine Force\: :fontsize=130:fontcolor=white:x=80:y=(h-130)/2:enable='between(t,1.241,1.300)':shadowcolor=black@0.9:shadowx=4:shadowy=4,drawtext=fontfile='C\:/Users/leksi/Desktop/NEWYTAUTO/font/Tox Typewriter.ttf':text=Byzantine Force\: U:fontsize=130:fontcolor=white:x=80:y=(h-130)/2:enable='between(t,1.300,1.359)':shadowcolor=black@0.9:shadowx=4:shadowy=4,drawtext=fontfile='C\:/Users/leksi/Desktop/NEWYTAUTO/font/Tox Typewriter.ttf':text=Byzantine Force\: Up:fontsize=130:fontcolor=white:x=80:y=(h-130)/2:enable='between(t,1.359,1.418)':shadowcolor=black@0.9:shadowx=4:shadowy=4,drawtext=fontfile='C\:/Users/leksi/Desktop/NEWYTAUTO/font/Tox Typewriter.ttf':text=Byzantine Force\: Up :fontsize=130:fontcolor=white:x=80:y=(h-130)/2:enable='between(t,1.418,1.476)':shadowcolor=black@0.9:shadowx=4:shadowy=4,drawtext=fontfile='C\:/Users/leksi/Desktop/NEWYTAUTO/font/Tox Typewriter.ttf':text=Byzantine Force\: Up t:fontsize=130:fontcolor=white:x=80:y=(h-130)/2:enable='between(t,1.476,1.535)':shadowcolor=black@0.9:shadowx=4:shadowy=4,drawtext=fontfile='C\:/Users/leksi/Desktop/NEWYTAUTO/font/Tox Typewriter.ttf':text=Byzantine Force\: Up to:fontsize=130:fontcolor=white:x=80:y=(h-130)/2:enable='between(t,1.535,1.594)':shadowcolor=black@0.9:shadowx=4:shadowy=4,drawtext=fontfile='C\:/Users/leksi/Desktop/NEWYTAUTO/font/Tox Typewriter.ttf':text=Byzantine Force\: Up to :fontsize=130:fontcolor=white:x=80:y=(h-130)/2:enable='between(t,1.594,1.653)':shadowcolor=black@0.9:shadowx=4:shadowy=4,drawtext=fontfile='C\:/Users/leksi/Desktop/NEWYTAUTO/font/Tox Typewriter.ttf':text=Byzantine Force\: Up to 1:fontsize=130:fontcolor=white:x=80:y=(h-130)/2:enable='between(t,1.653,1.712)':shadowcolor=black@0.9:shadowx=4:shadowy=4,drawtext=fontfile='C\:/Users/leksi/Desktop/NEWYTAUTO/font/Tox Typewriter.ttf':text=Byzantine Force\: Up to 15:fontsize=130:fontcolor=white:x=80:y=(h-130)/2:enable='between(t,1.712,1.771)':shadowcolor=black@0.9:shadowx=4:shadowy=4,drawtext=fontfile='C\:/Users/leksi/Desktop/NEWYTAUTO/font/Tox Typewriter.ttf':text=Byzantine Force\: Up to 150:fontsize=130:fontcolor=white:x=80:y=(h-130)/2:enable='between(t,1.771,1.829)':shadowcolor=black@0.9:shadowx=4:shadowy=4,drawtext=fontfile='C\:/Users/leksi/Desktop/NEWYTAUTO/font/Tox Typewriter.ttf':text=Byzantine Force\: Up to 150\,:fontsize=130:fontcolor=white:x=80:y=(h-130)/2:enable='between(t,1.829,1.888)':shadowcolor=black@0.9:shadowx=4:shadowy=4,drawtext=fontfile='C\:/Users/leksi/Desktop/NEWYTAUTO/font/Tox Typewriter.ttf':text=Byzantine Force\: Up to 150\,0:fontsize=130:fontcolor=white:x=80:y=(h-130)/2:enable='between(t,1.888,1.947)':shadowcolor=black@0.9:shadowx=4:shadowy=4,drawtext=fontfile='C\:/Users/leksi/Desktop/NEWYTAUTO/font/Tox Typewriter.ttf':text=Byzantine Force\: Up to 150\,00:fontsize=130:fontcolor=white:x=80:y=(h-130)/2:enable='between(t,1.947,2.006)':shadowcolor=black@0.9:shadowx=4:shadowy=4,drawtext=fontfile='C\:/Users/leksi/Desktop/NEWYTAUTO/font/Tox Typewriter.ttf':text=Byzantine Force\: Up to 150\,000:fontsize=130:fontcolor=white:x=80:y=(h-130)/2:enable='between(t,2.006,2.065)':shadowcolor=black@0.9:shadowx=4:shadowy=4,drawtext=fontfile='C\:/Users/leksi/Desktop/NEWYTAUTO/font/Tox Typewriter.ttf':text=Byzantine Force\: Up to 150\,000 :fontsize=130:fontcolor=white:x=80:y=(h-130)/2:enable='between(t,2.065,2.124)':shadowcolor=black@0.9:shadowx=4:shadowy=4,drawtext=fontfile='C\:/Users/leksi/Desktop/NEWYTAUTO/font/Tox Typewriter.ttf':text=Byzantine Force\: Up to 150\,000 M:fontsize=130:fontcolor=white:x=80:y=(h-130)/2:enable='between(t,2.124,2.182)':shadowcolor=black@0.9:shadowx=4:shadowy=4,drawtext=fontfile='C\:/Users/leksi/Desktop/NEWYTAUTO/font/Tox Typewriter.ttf':text=Byzantine Force\: Up to 150\,000 Me:fontsize=130:fontcolor=white:x=80:y=(h-130)/2:enable='between(t,2.182,2.241)':shadowcolor=black@0.9:shadowx=4:shadowy=4,drawtext=fontfile='C\:/Users/leksi/Desktop/NEWYTAUTO/font/Tox Typewriter.ttf':text=Byzantine Force\: Up to 150\,000 Men:fontsize=130:fontcolor=white:x=80:y=(h-130)/2:enable='between(t,2.241,3.300)':shadowcolor=black@0.9:shadowx=4:shadowy=4
Error opening output file C:\Users\leksi\Desktop\NEWYTAUTO\.autoscene_tmp\35854c7c32\scene_022_raw.mp4.
Error opening output files: Invalid argument

Traceback (most recent call last):
  File "C:\Users\leksi\Desktop\NEWYTAUTO\app\gui\frames\render_frame.py", line 361, in _run
    result = loop.run_until_complete(self._pipeline.run())
  File "C:\Program Files\WindowsApps\PythonSoftwareFoundation.Python.3.13_3.13.3568.0_x64__qbz5n2kfra8p0\Lib\asyncio\base_events.py", line 725, in run_until_complete
    return future.result()
           ~~~~~~~~~~~~~^^
  File "C:\Users\leksi\Desktop\NEWYTAUTO\app\core\pipeline.py", line 116, in run
    clips_with_durations = await self.scene_renderer.render_all_scenes(scene_progress)
                           ^^^^^^^^^^^^^^^^^^^^^^^^^^^^^^^^^^^^^^^^^^^^^^^^^^^^^^^^^^^
  File "C:\Users\leksi\Desktop\NEWYTAUTO\app\renderer\scene_renderer.py", line 368, in render_all_scenes
    def cleanup(self) -> None:
                     ^^^^^^^^^
  File "C:\Users\leksi\Desktop\NEWYTAUTO\app\renderer\scene_renderer.py", line 320, in render_scene
            output_path=raw_video,
            ^^^^^^^^^^^^^^^^^^^^^^
    ...<9 lines>...
    # ── Step 4: Overlay audio onto video ─────────────────────────
    ^
  File "C:\Program Files\WindowsApps\PythonSoftwareFoundation.Python.3.13_3.13.3568.0_x64__qbz5n2kfra8p0\Lib\concurrent\futures\thread.py", line 59, in run
    result = self.fn(*self.args, **self.kwargs)
  File "C:\Users\leksi\Desktop\NEWYTAUTO\app\renderer\scene_renderer.py", line 322, in <lambda>
            motion_filter=motion_filter,
                ^^^^^^^^^^^^^^^^^^^^^^^^
    ...<6 lines>...
    
    
  File "C:\Users\leksi\Desktop\NEWYTAUTO\app\ffmpeg\wrapper.py", line 159, in image_to_video
    _run_ffmpeg(args, description=f"Image->Video ({Path(image_path).name})")
    ~~~~~~~~~~~^^^^^^^^^^^^^^^^^^^^^^^^^^^^^^^^^^^^^^^^^^^^^^^^^^^^^^^^^^^^^
  File "C:\Users\leksi\Desktop\NEWYTAUTO\app\ffmpeg\wrapper.py", line 90, in _run_ffmpeg
    raise RenderError(description, f"FFmpeg exited with code {process.returncode}\n{error_text}")
app.core.exceptions.RenderError: Render error at Image->Video (022.png): FFmpeg exited with code 4294967274
Input #0, png_pipe, from 'C:\Users\leksi\Desktop\NEWYTAUTO\images\022.png':
  Duration: N/A, bitrate: N/A
  Stream #0:0: Video: png, rgba(pc, gbr/unknown/unknown), 1376x768, 25 fps, 25 tbr, 25 tbn
[AVFilterGraph @ 0000023b31c5e540] No option name near ':fontsize=130:fontcolor=white:x=80:y=(h-130)/2:enable=between(t,1.182,1.241):shadowcolor=black@0.9:shadowx=4:shadowy=4'
[AVFilterGraph @ 0000023b31c5e540] Error parsing a filter description around: ,drawtext=fontfile='C\:/Users/leksi/Desktop/NEWYTAUTO/font/Tox Typewriter.ttf':text=Byzantine Force\: :fontsize=130:fontcolor=white:x=80:y=(h-130)/2:enable='between(t,1.241,1.300)':shadowcolor=black@0.9:shadowx=4:shadowy=4,drawtext=fontfile='C\:/Users/leksi/Desktop/NEWYTAUTO/font/Tox Typewriter.ttf':text=Byzantine Force\: U:fontsize=130:fontcolor=white:x=80:y=(h-130)/2:enable='between(t,1.300,1.359)':shadowcolor=black@0.9:shadowx=4:shadowy=4,drawtext=fontfile='C\:/Users/leksi/Desktop/NEWYTAUTO/font/Tox Typewriter.ttf':text=Byzantine Force\: Up:fontsize=130:fontcolor=white:x=80:y=(h-130)/2:enable='between(t,1.359,1.418)':shadowcolor=black@0.9:shadowx=4:shadowy=4,drawtext=fontfile='C\:/Users/leksi/Desktop/NEWYTAUTO/font/Tox Typewriter.ttf':text=Byzantine Force\: Up :fontsize=130:fontcolor=white:x=80:y=(h-130)/2:enable='between(t,1.418,1.476)':shadowcolor=black@0.9:shadowx=4:shadowy=4,drawtext=fontfile='C\:/Users/leksi/Desktop/NEWYTAUTO/font/Tox Typewriter.ttf':text=Byzantine Force\: Up t:fontsize=130:fontcolor=white:x=80:y=(h-130)/2:enable='between(t,1.476,1.535)':shadowcolor=black@0.9:shadowx=4:shadowy=4,drawtext=fontfile='C\:/Users/leksi/Desktop/NEWYTAUTO/font/Tox Typewriter.ttf':text=Byzantine Force\: Up to:fontsize=130:fontcolor=white:x=80:y=(h-130)/2:enable='between(t,1.535,1.594)':shadowcolor=black@0.9:shadowx=4:shadowy=4,drawtext=fontfile='C\:/Users/leksi/Desktop/NEWYTAUTO/font/Tox Typewriter.ttf':text=Byzantine Force\: Up to :fontsize=130:fontcolor=white:x=80:y=(h-130)/2:enable='between(t,1.594,1.653)':shadowcolor=black@0.9:shadowx=4:shadowy=4,drawtext=fontfile='C\:/Users/leksi/Desktop/NEWYTAUTO/font/Tox Typewriter.ttf':text=Byzantine Force\: Up to 1:fontsize=130:fontcolor=white:x=80:y=(h-130)/2:enable='between(t,1.653,1.712)':shadowcolor=black@0.9:shadowx=4:shadowy=4,drawtext=fontfile='C\:/Users/leksi/Desktop/NEWYTAUTO/font/Tox Typewriter.ttf':text=Byzantine Force\: Up to 15:fontsize=130:fontcolor=white:x=80:y=(h-130)/2:enable='between(t,1.712,1.771)':shadowcolor=black@0.9:shadowx=4:shadowy=4,drawtext=fontfile='C\:/Users/leksi/Desktop/NEWYTAUTO/font/Tox Typewriter.ttf':text=Byzantine Force\: Up to 150:fontsize=130:fontcolor=white:x=80:y=(h-130)/2:enable='between(t,1.771,1.829)':shadowcolor=black@0.9:shadowx=4:shadowy=4,drawtext=fontfile='C\:/Users/leksi/Desktop/NEWYTAUTO/font/Tox Typewriter.ttf':text=Byzantine Force\: Up to 150\,:fontsize=130:fontcolor=white:x=80:y=(h-130)/2:enable='between(t,1.829,1.888)':shadowcolor=black@0.9:shadowx=4:shadowy=4,drawtext=fontfile='C\:/Users/leksi/Desktop/NEWYTAUTO/font/Tox Typewriter.ttf':text=Byzantine Force\: Up to 150\,0:fontsize=130:fontcolor=white:x=80:y=(h-130)/2:enable='between(t,1.888,1.947)':shadowcolor=black@0.9:shadowx=4:shadowy=4,drawtext=fontfile='C\:/Users/leksi/Desktop/NEWYTAUTO/font/Tox Typewriter.ttf':text=Byzantine Force\: Up to 150\,00:fontsize=130:fontcolor=white:x=80:y=(h-130)/2:enable='between(t,1.947,2.006)':shadowcolor=black@0.9:shadowx=4:shadowy=4,drawtext=fontfile='C\:/Users/leksi/Desktop/NEWYTAUTO/font/Tox Typewriter.ttf':text=Byzantine Force\: Up to 150\,000:fontsize=130:fontcolor=white:x=80:y=(h-130)/2:enable='between(t,2.006,2.065)':shadowcolor=black@0.9:shadowx=4:shadowy=4,drawtext=fontfile='C\:/Users/leksi/Desktop/NEWYTAUTO/font/Tox Typewriter.ttf':text=Byzantine Force\: Up to 150\,000 :fontsize=130:fontcolor=white:x=80:y=(h-130)/2:enable='between(t,2.065,2.124)':shadowcolor=black@0.9:shadowx=4:shadowy=4,drawtext=fontfile='C\:/Users/leksi/Desktop/NEWYTAUTO/font/Tox Typewriter.ttf':text=Byzantine Force\: Up to 150\,000 M:fontsize=130:fontcolor=white:x=80:y=(h-130)/2:enable='between(t,2.124,2.182)':shadowcolor=black@0.9:shadowx=4:shadowy=4,drawtext=fontfile='C\:/Users/leksi/Desktop/NEWYTAUTO/font/Tox Typewriter.ttf':text=Byzantine Force\: Up to 150\,000 Me:fontsize=130:fontcolor=white:x=80:y=(h-130)/2:enable='between(t,2.182,2.241)':shadowcolor=black@0.9:shadowx=4:shadowy=4,drawtext=fontfile='C\:/Users/leksi/Desktop/NEWYTAUTO/font/Tox Typewriter.ttf':text=Byzantine Force\: Up to 150\,000 Men:fontsize=130:fontcolor=white:x=80:y=(h-130)/2:enable='between(t,2.241,3.300)':shadowcolor=black@0.9:shadowx=4:shadowy=4
[AVFilterGraph @ 0000023b31c5e540] Error parsing filterchain 'scale=3840:2160:force_original_aspect_ratio=increase,crop=3840:2160,zoompan=z='if(eq(on,1),1.08,max(1.0,zoom-0.08/185))':d=185:x='iw/2-(iw/zoom/2)':y='ih/2-(ih/zoom/2)':s=1920x1080:fps=30,drawtext=fontfile='C\:/Users/leksi/Desktop/NEWYTAUTO/font/Tox Typewriter.ttf':text=B:fontsize=130:fontcolor=white:x=80:y=(h-130)/2:enable='between(t,0.300,0.359)':shadowcolor=black@0.9:shadowx=4:shadowy=4,drawtext=fontfile='C\:/Users/leksi/Desktop/NEWYTAUTO/font/Tox Typewriter.ttf':text=By:fontsize=130:fontcolor=white:x=80:y=(h-130)/2:enable='between(t,0.359,0.418)':shadowcolor=black@0.9:shadowx=4:shadowy=4,drawtext=fontfile='C\:/Users/leksi/Desktop/NEWYTAUTO/font/Tox Typewriter.ttf':text=Byz:fontsize=130:fontcolor=white:x=80:y=(h-130)/2:enable='between(t,0.418,0.476)':shadowcolor=black@0.9:shadowx=4:shadowy=4,drawtext=fontfile='C\:/Users/leksi/Desktop/NEWYTAUTO/font/Tox Typewriter.ttf':text=Byza:fontsize=130:fontcolor=white:x=80:y=(h-130)/2:enable='between(t,0.476,0.535)':shadowcolor=black@0.9:shadowx=4:shadowy=4,drawtext=fontfile='C\:/Users/leksi/Desktop/NEWYTAUTO/font/Tox Typewriter.ttf':text=Byzan:fontsize=130:fontcolor=white:x=80:y=(h-130)/2:enable='between(t,0.535,0.594)':shadowcolor=black@0.9:shadowx=4:shadowy=4,drawtext=fontfile='C\:/Users/leksi/Desktop/NEWYTAUTO/font/Tox Typewriter.ttf':text=Byzant:fontsize=130:fontcolor=white:x=80:y=(h-130)/2:enable='between(t,0.594,0.653)':shadowcolor=black@0.9:shadowx=4:shadowy=4,drawtext=fontfile='C\:/Users/leksi/Desktop/NEWYTAUTO/font/Tox Typewriter.ttf':text=Byzanti:fontsize=130:fontcolor=white:x=80:y=(h-130)/2:enable='between(t,0.653,0.712)':shadowcolor=black@0.9:shadowx=4:shadowy=4,drawtext=fontfile='C\:/Users/leksi/Desktop/NEWYTAUTO/font/Tox Typewriter.ttf':text=Byzantin:fontsize=130:fontcolor=white:x=80:y=(h-130)/2:enable='between(t,0.712,0.771)':shadowcolor=black@0.9:shadowx=4:shadowy=4,drawtext=fontfile='C\:/Users/leksi/Desktop/NEWYTAUTO/font/Tox Typewriter.ttf':text=Byzantine:fontsize=130:fontcolor=white:x=80:y=(h-130)/2:enable='between(t,0.771,0.829)':shadowcolor=black@0.9:shadowx=4:shadowy=4,drawtext=fontfile='C\:/Users/leksi/Desktop/NEWYTAUTO/font/Tox Typewriter.ttf':text=Byzantine :fontsize=130:fontcolor=white:x=80:y=(h-130)/2:enable='between(t,0.829,0.888)':shadowcolor=black@0.9:shadowx=4:shadowy=4,drawtext=fontfile='C\:/Users/leksi/Desktop/NEWYTAUTO/font/Tox Typewriter.ttf':text=Byzantine F:fontsize=130:fontcolor=white:x=80:y=(h-130)/2:enable='between(t,0.888,0.947)':shadowcolor=black@0.9:shadowx=4:shadowy=4,drawtext=fontfile='C\:/Users/leksi/Desktop/NEWYTAUTO/font/Tox Typewriter.ttf':text=Byzantine Fo:fontsize=130:fontcolor=white:x=80:y=(h-130)/2:enable='between(t,0.947,1.006)':shadowcolor=black@0.9:shadowx=4:shadowy=4,drawtext=fontfile='C\:/Users/leksi/Desktop/NEWYTAUTO/font/Tox Typewriter.ttf':text=Byzantine For:fontsize=130:fontcolor=white:x=80:y=(h-130)/2:enable='between(t,1.006,1.065)':shadowcolor=black@0.9:shadowx=4:shadowy=4,drawtext=fontfile='C\:/Users/leksi/Desktop/NEWYTAUTO/font/Tox Typewriter.ttf':text=Byzantine Forc:fontsize=130:fontcolor=white:x=80:y=(h-130)/2:enable='between(t,1.065,1.124)':shadowcolor=black@0.9:shadowx=4:shadowy=4,drawtext=fontfile='C\:/Users/leksi/Desktop/NEWYTAUTO/font/Tox Typewriter.ttf':text=Byzantine Force:fontsize=130:fontcolor=white:x=80:y=(h-130)/2:enable='between(t,1.124,1.182)':shadowcolor=black@0.9:shadowx=4:shadowy=4,drawtext=fontfile='C\:/Users/leksi/Desktop/NEWYTAUTO/font/Tox Typewriter.ttf':text=Byzantine Force\::fontsize=130:fontcolor=white:x=80:y=(h-130)/2:enable='between(t,1.182,1.241)':shadowcolor=black@0.9:shadowx=4:shadowy=4,drawtext=fontfile='C\:/Users/leksi/Desktop/NEWYTAUTO/font/Tox Typewriter.ttf':text=Byzantine Force\: :fontsize=130:fontcolor=white:x=80:y=(h-130)/2:enable='between(t,1.241,1.300)':shadowcolor=black@0.9:shadowx=4:shadowy=4,drawtext=fontfile='C\:/Users/leksi/Desktop/NEWYTAUTO/font/Tox Typewriter.ttf':text=Byzantine Force\: U:fontsize=130:fontcolor=white:x=80:y=(h-130)/2:enable='between(t,1.300,1.359)':shadowcolor=black@0.9:shadowx=4:shadowy=4,drawtext=fontfile='C\:/Users/leksi/Desktop/NEWYTAUTO/font/Tox Typewriter.ttf':text=Byzantine Force\: Up:fontsize=130:fontcolor=white:x=80:y=(h-130)/2:enable='between(t,1.359,1.418)':shadowcolor=black@0.9:shadowx=4:shadowy=4,drawtext=fontfile='C\:/Users/leksi/Desktop/NEWYTAUTO/font/Tox Typewriter.ttf':text=Byzantine Force\: Up :fontsize=130:fontcolor=white:x=80:y=(h-130)/2:enable='between(t,1.418,1.476)':shadowcolor=black@0.9:shadowx=4:shadowy=4,drawtext=fontfile='C\:/Users/leksi/Desktop/NEWYTAUTO/font/Tox Typewriter.ttf':text=Byzantine Force\: Up t:fontsize=130:fontcolor=white:x=80:y=(h-130)/2:enable='between(t,1.476,1.535)':shadowcolor=black@0.9:shadowx=4:shadowy=4,drawtext=fontfile='C\:/Users/leksi/Desktop/NEWYTAUTO/font/Tox Typewriter.ttf':text=Byzantine Force\: Up to:fontsize=130:fontcolor=white:x=80:y=(h-130)/2:enable='between(t,1.535,1.594)':shadowcolor=black@0.9:shadowx=4:shadowy=4,drawtext=fontfile='C\:/Users/leksi/Desktop/NEWYTAUTO/font/Tox Typewriter.ttf':text=Byzantine Force\: Up to :fontsize=130:fontcolor=white:x=80:y=(h-130)/2:enable='between(t,1.594,1.653)':shadowcolor=black@0.9:shadowx=4:shadowy=4,drawtext=fontfile='C\:/Users/leksi/Desktop/NEWYTAUTO/font/Tox Typewriter.ttf':text=Byzantine Force\: Up to 1:fontsize=130:fontcolor=white:x=80:y=(h-130)/2:enable='between(t,1.653,1.712)':shadowcolor=black@0.9:shadowx=4:shadowy=4,drawtext=fontfile='C\:/Users/leksi/Desktop/NEWYTAUTO/font/Tox Typewriter.ttf':text=Byzantine Force\: Up to 15:fontsize=130:fontcolor=white:x=80:y=(h-130)/2:enable='between(t,1.712,1.771)':shadowcolor=black@0.9:shadowx=4:shadowy=4,drawtext=fontfile='C\:/Users/leksi/Desktop/NEWYTAUTO/font/Tox Typewriter.ttf':text=Byzantine Force\: Up to 150:fontsize=130:fontcolor=white:x=80:y=(h-130)/2:enable='between(t,1.771,1.829)':shadowcolor=black@0.9:shadowx=4:shadowy=4,drawtext=fontfile='C\:/Users/leksi/Desktop/NEWYTAUTO/font/Tox Typewriter.ttf':text=Byzantine Force\: Up to 150\,:fontsize=130:fontcolor=white:x=80:y=(h-130)/2:enable='between(t,1.829,1.888)':shadowcolor=black@0.9:shadowx=4:shadowy=4,drawtext=fontfile='C\:/Users/leksi/Desktop/NEWYTAUTO/font/Tox Typewriter.ttf':text=Byzantine Force\: Up to 150\,0:fontsize=130:fontcolor=white:x=80:y=(h-130)/2:enable='between(t,1.888,1.947)':shadowcolor=black@0.9:shadowx=4:shadowy=4,drawtext=fontfile='C\:/Users/leksi/Desktop/NEWYTAUTO/font/Tox Typewriter.ttf':text=Byzantine Force\: Up to 150\,00:fontsize=130:fontcolor=white:x=80:y=(h-130)/2:enable='between(t,1.947,2.006)':shadowcolor=black@0.9:shadowx=4:shadowy=4,drawtext=fontfile='C\:/Users/leksi/Desktop/NEWYTAUTO/font/Tox Typewriter.ttf':text=Byzantine Force\: Up to 150\,000:fontsize=130:fontcolor=white:x=80:y=(h-130)/2:enable='between(t,2.006,2.065)':shadowcolor=black@0.9:shadowx=4:shadowy=4,drawtext=fontfile='C\:/Users/leksi/Desktop/NEWYTAUTO/font/Tox Typewriter.ttf':text=Byzantine Force\: Up to 150\,000 :fontsize=130:fontcolor=white:x=80:y=(h-130)/2:enable='between(t,2.065,2.124)':shadowcolor=black@0.9:shadowx=4:shadowy=4,drawtext=fontfile='C\:/Users/leksi/Desktop/NEWYTAUTO/font/Tox Typewriter.ttf':text=Byzantine Force\: Up to 150\,000 M:fontsize=130:fontcolor=white:x=80:y=(h-130)/2:enable='between(t,2.124,2.182)':shadowcolor=black@0.9:shadowx=4:shadowy=4,drawtext=fontfile='C\:/Users/leksi/Desktop/NEWYTAUTO/font/Tox Typewriter.ttf':text=Byzantine Force\: Up to 150\,000 Me:fontsize=130:fontcolor=white:x=80:y=(h-130)/2:enable='between(t,2.182,2.241)':shadowcolor=black@0.9:shadowx=4:shadowy=4,drawtext=fontfile='C\:/Users/leksi/Desktop/NEWYTAUTO/font/Tox Typewriter.ttf':text=Byzantine Force\: Up to 150\,000 Men:fontsize=130:fontcolor=white:x=80:y=(h-130)/2:enable='between(t,2.241,3.300)':shadowcolor=black@0.9:shadowx=4:shadowy=4' around: ,drawtext=fontfile='C\:/Users/leksi/Desktop/NEWYTAUTO/font/Tox Typewriter.ttf':text=Byzantine Force\: :fontsize=130:fontcolor=white:x=80:y=(h-130)/2:enable='between(t,1.241,1.300)':shadowcolor=black@0.9:shadowx=4:shadowy=4,drawtext=fontfile='C\:/Users/leksi/Desktop/NEWYTAUTO/font/Tox Typewriter.ttf':text=Byzantine Force\: U:fontsize=130:fontcolor=white:x=80:y=(h-130)/2:enable='between(t,1.300,1.359)':shadowcolor=black@0.9:shadowx=4:shadowy=4,drawtext=fontfile='C\:/Users/leksi/Desktop/NEWYTAUTO/font/Tox Typewriter.ttf':text=Byzantine Force\: Up:fontsize=130:fontcolor=white:x=80:y=(h-130)/2:enable='between(t,1.359,1.418)':shadowcolor=black@0.9:shadowx=4:shadowy=4,drawtext=fontfile='C\:/Users/leksi/Desktop/NEWYTAUTO/font/Tox Typewriter.ttf':text=Byzantine Force\: Up :fontsize=130:fontcolor=white:x=80:y=(h-130)/2:enable='between(t,1.418,1.476)':shadowcolor=black@0.9:shadowx=4:shadowy=4,drawtext=fontfile='C\:/Users/leksi/Desktop/NEWYTAUTO/font/Tox Typewriter.ttf':text=Byzantine Force\: Up t:fontsize=130:fontcolor=white:x=80:y=(h-130)/2:enable='between(t,1.476,1.535)':shadowcolor=black@0.9:shadowx=4:shadowy=4,drawtext=fontfile='C\:/Users/leksi/Desktop/NEWYTAUTO/font/Tox Typewriter.ttf':text=Byzantine Force\: Up to:fontsize=130:fontcolor=white:x=80:y=(h-130)/2:enable='between(t,1.535,1.594)':shadowcolor=black@0.9:shadowx=4:shadowy=4,drawtext=fontfile='C\:/Users/leksi/Desktop/NEWYTAUTO/font/Tox Typewriter.ttf':text=Byzantine Force\: Up to :fontsize=130:fontcolor=white:x=80:y=(h-130)/2:enable='between(t,1.594,1.653)':shadowcolor=black@0.9:shadowx=4:shadowy=4,drawtext=fontfile='C\:/Users/leksi/Desktop/NEWYTAUTO/font/Tox Typewriter.ttf':text=Byzantine Force\: Up to 1:fontsize=130:fontcolor=white:x=80:y=(h-130)/2:enable='between(t,1.653,1.712)':shadowcolor=black@0.9:shadowx=4:shadowy=4,drawtext=fontfile='C\:/Users/leksi/Desktop/NEWYTAUTO/font/Tox Typewriter.ttf':text=Byzantine Force\: Up to 15:fontsize=130:fontcolor=white:x=80:y=(h-130)/2:enable='between(t,1.712,1.771)':shadowcolor=black@0.9:shadowx=4:shadowy=4,drawtext=fontfile='C\:/Users/leksi/Desktop/NEWYTAUTO/font/Tox Typewriter.ttf':text=Byzantine Force\: Up to 150:fontsize=130:fontcolor=white:x=80:y=(h-130)/2:enable='between(t,1.771,1.829)':shadowcolor=black@0.9:shadowx=4:shadowy=4,drawtext=fontfile='C\:/Users/leksi/Desktop/NEWYTAUTO/font/Tox Typewriter.ttf':text=Byzantine Force\: Up to 150\,:fontsize=130:fontcolor=white:x=80:y=(h-130)/2:enable='between(t,1.829,1.888)':shadowcolor=black@0.9:shadowx=4:shadowy=4,drawtext=fontfile='C\:/Users/leksi/Desktop/NEWYTAUTO/font/Tox Typewriter.ttf':text=Byzantine Force\: Up to 150\,0:fontsize=130:fontcolor=white:x=80:y=(h-130)/2:enable='between(t,1.888,1.947)':shadowcolor=black@0.9:shadowx=4:shadowy=4,drawtext=fontfile='C\:/Users/leksi/Desktop/NEWYTAUTO/font/Tox Typewriter.ttf':text=Byzantine Force\: Up to 150\,00:fontsize=130:fontcolor=white:x=80:y=(h-130)/2:enable='between(t,1.947,2.006)':shadowcolor=black@0.9:shadowx=4:shadowy=4,drawtext=fontfile='C\:/Users/leksi/Desktop/NEWYTAUTO/font/Tox Typewriter.ttf':text=Byzantine Force\: Up to 150\,000:fontsize=130:fontcolor=white:x=80:y=(h-130)/2:enable='between(t,2.006,2.065)':shadowcolor=black@0.9:shadowx=4:shadowy=4,drawtext=fontfile='C\:/Users/leksi/Desktop/NEWYTAUTO/font/Tox Typewriter.ttf':text=Byzantine Force\: Up to 150\,000 :fontsize=130:fontcolor=white:x=80:y=(h-130)/2:enable='between(t,2.065,2.124)':shadowcolor=black@0.9:shadowx=4:shadowy=4,drawtext=fontfile='C\:/Users/leksi/Desktop/NEWYTAUTO/font/Tox Typewriter.ttf':text=Byzantine Force\: Up to 150\,000 M:fontsize=130:fontcolor=white:x=80:y=(h-130)/2:enable='between(t,2.124,2.182)':shadowcolor=black@0.9:shadowx=4:shadowy=4,drawtext=fontfile='C\:/Users/leksi/Desktop/NEWYTAUTO/font/Tox Typewriter.ttf':text=Byzantine Force\: Up to 150\,000 Me:fontsize=130:fontcolor=white:x=80:y=(h-130)/2:enable='between(t,2.182,2.241)':shadowcolor=black@0.9:shadowx=4:shadowy=4,drawtext=fontfile='C\:/Users/leksi/Desktop/NEWYTAUTO/font/Tox Typewriter.ttf':text=Byzantine Force\: Up to 150\,000 Men:fontsize=130:fontcolor=white:x=80:y=(h-130)/2:enable='between(t,2.241,3.300)':shadowcolor=black@0.9:shadowx=4:shadowy=4
Error opening output file C:\Users\leksi\Desktop\NEWYTAUTO\.autoscene_tmp\35854c7c32\scene_022_raw.mp4.
Error opening output files: Invalid argument

